******************************************************************************
                  MSP430 Linker PC v4.1.5                      
******************************************************************************
>> Linked Wed Aug 28 19:17:43 2013

OUTPUT FILE NAME:   <ez430_chronos_868MHz.out>
ENTRY POINT SYMBOL: "_c_int00"  address: 0000cd1c


MEMORY CONFIGURATION

         name            origin    length      used     unused   attr    fill
----------------------  --------  ---------  --------  --------  ----  --------
  SFR                   00000000   00000010  00000000  00000010  RWIX
  PERIPHERALS_8BIT      00000010   000000f0  00000000  000000f0  RWIX
  PERIPHERALS_16BIT     00000100   00000100  00000000  00000100  RWIX
  INFOD                 00001800   00000080  00000000  00000080  RWIX
  INFOC                 00001880   00000080  00000000  00000080  RWIX
  INFOB                 00001900   00000080  00000000  00000080  RWIX
  INFOA                 00001980   00000080  00000000  00000080  RWIX
  RAM                   00001c00   00000ffe  000002e0  00000d1e  RWIX
  FLASH                 00008000   00007f80  00005b0f  00002471  RWIX
  INT00                 0000ff80   00000002  00000000  00000002  RWIX
  INT01                 0000ff82   00000002  00000000  00000002  RWIX
  INT02                 0000ff84   00000002  00000000  00000002  RWIX
  INT03                 0000ff86   00000002  00000000  00000002  RWIX
  INT04                 0000ff88   00000002  00000000  00000002  RWIX
  INT05                 0000ff8a   00000002  00000000  00000002  RWIX
  INT06                 0000ff8c   00000002  00000000  00000002  RWIX
  INT07                 0000ff8e   00000002  00000000  00000002  RWIX
  INT08                 0000ff90   00000002  00000000  00000002  RWIX
  INT09                 0000ff92   00000002  00000000  00000002  RWIX
  INT10                 0000ff94   00000002  00000000  00000002  RWIX
  INT11                 0000ff96   00000002  00000000  00000002  RWIX
  INT12                 0000ff98   00000002  00000000  00000002  RWIX
  INT13                 0000ff9a   00000002  00000000  00000002  RWIX
  INT14                 0000ff9c   00000002  00000000  00000002  RWIX
  INT15                 0000ff9e   00000002  00000000  00000002  RWIX
  INT16                 0000ffa0   00000002  00000000  00000002  RWIX
  INT17                 0000ffa2   00000002  00000000  00000002  RWIX
  INT18                 0000ffa4   00000002  00000000  00000002  RWIX
  INT19                 0000ffa6   00000002  00000000  00000002  RWIX
  INT20                 0000ffa8   00000002  00000000  00000002  RWIX
  INT21                 0000ffaa   00000002  00000000  00000002  RWIX
  INT22                 0000ffac   00000002  00000000  00000002  RWIX
  INT23                 0000ffae   00000002  00000000  00000002  RWIX
  INT24                 0000ffb0   00000002  00000000  00000002  RWIX
  INT25                 0000ffb2   00000002  00000000  00000002  RWIX
  INT26                 0000ffb4   00000002  00000000  00000002  RWIX
  INT27                 0000ffb6   00000002  00000000  00000002  RWIX
  INT28                 0000ffb8   00000002  00000000  00000002  RWIX
  INT29                 0000ffba   00000002  00000000  00000002  RWIX
  INT30                 0000ffbc   00000002  00000000  00000002  RWIX
  INT31                 0000ffbe   00000002  00000000  00000002  RWIX
  INT32                 0000ffc0   00000002  00000000  00000002  RWIX
  INT33                 0000ffc2   00000002  00000000  00000002  RWIX
  INT34                 0000ffc4   00000002  00000000  00000002  RWIX
  INT35                 0000ffc6   00000002  00000000  00000002  RWIX
  INT36                 0000ffc8   00000002  00000000  00000002  RWIX
  INT37                 0000ffca   00000002  00000000  00000002  RWIX
  INT38                 0000ffcc   00000002  00000000  00000002  RWIX
  INT39                 0000ffce   00000002  00000000  00000002  RWIX
  INT40                 0000ffd0   00000002  00000000  00000002  RWIX
  INT41                 0000ffd2   00000002  00000000  00000002  RWIX
  INT42                 0000ffd4   00000002  00000000  00000002  RWIX
  INT43                 0000ffd6   00000002  00000000  00000002  RWIX
  INT44                 0000ffd8   00000002  00000000  00000002  RWIX
  INT45                 0000ffda   00000002  00000000  00000002  RWIX
  INT46                 0000ffdc   00000002  00000000  00000002  RWIX
  INT47                 0000ffde   00000002  00000000  00000002  RWIX
  INT48                 0000ffe0   00000002  00000000  00000002  RWIX
  INT49                 0000ffe2   00000002  00000000  00000002  RWIX
  INT50                 0000ffe4   00000002  00000000  00000002  RWIX
  INT51                 0000ffe6   00000002  00000000  00000002  RWIX
  INT52                 0000ffe8   00000002  00000000  00000002  RWIX
  INT53                 0000ffea   00000002  00000000  00000002  RWIX
  INT54                 0000ffec   00000002  00000000  00000002  RWIX
  INT55                 0000ffee   00000002  00000000  00000002  RWIX
  INT56                 0000fff0   00000002  00000000  00000002  RWIX
  INT57                 0000fff2   00000002  00000000  00000002  RWIX
  INT58                 0000fff4   00000002  00000000  00000002  RWIX
  INT59                 0000fff6   00000002  00000000  00000002  RWIX
  INT60                 0000fff8   00000002  00000000  00000002  RWIX
  INT61                 0000fffa   00000002  00000000  00000002  RWIX
  INT62                 0000fffc   00000002  00000000  00000002  RWIX
  RESET                 0000fffe   00000002  00000002  00000000  RWIX


SECTION ALLOCATION MAP

 output                                  attributes/
section   page    origin      length       input sections
--------  ----  ----------  ----------   ----------------
.pinit     0    00008000    00000000     UNINITIALIZED

.bss       0    00001c00    00000290     UNINITIALIZED
                  00001c00    0000008c     CC430_End_Device_868MHz.lib : nwk_QMgmt.obj (.bss)
                  00001c8c    00000048     rfsimpliciti.obj (.bss)
                  00001cd4    00000045     ps.obj (.bss)
                  00001d19    00000001     CC430_End_Device_868MHz.lib : main_ED_BM.obj (.bss)
                  00001d1a    0000003d                                 : mrfi.obj (.bss)
                  00001d57    0000001d                                 : nwk.obj (.bss)
                  00001d74    0000001c     BlueRobin_RX_868MHz.lib : BRRX_Resource.obj (.bss)
                  00001d90    0000001a     bluerobin.obj (.bss)
                  00001daa    0000001a     bmp_ps.obj (.bss)
                  00001dc4    00000012     main.obj (.bss)
                  00001dd6    0000000e     altitude.obj (.bss)
                  00001de4    0000000e     clock.obj (.bss)
                  00001df2    0000000e     stopwatch.obj (.bss)
                  00001e00    0000000c     BlueRobin_RX_868MHz.lib : BRRX_Scheduler.obj (.bss)
                  00001e0c    0000000a                             : BR_Common.obj (.bss)
                  00001e16    0000000a     CC430_End_Device_868MHz.lib : nwk_frame.obj (.bss)
                  00001e20    0000000a                                 : nwk_link.obj (.bss)
                  00001e2a    0000000a     acceleration.obj (.bss)
                  00001e34    00000009     CC430_End_Device_868MHz.lib : nwk_globals.obj (.bss)
                  00001e3d    00000001                                 : nwk_api.obj (.bss)
                  00001e3e    00000009                                 : nwk_join.obj (.bss)
                  00001e47    00000001                                 : nwk_ping.obj (.bss)
                  00001e48    00000008     BlueRobin_RX_868MHz.lib : BRRX_Timer.obj (.bss)
                  00001e50    00000008     battery.obj (.bss)
                  00001e58    00000008     rts430x.lib : _lock.obj (.bss)
                  00001e60    00000008                 : boot.obj (.bss)
                  00001e68    00000006     BlueRobin_RX_868MHz.lib : BRRX_Radio.obj (.bss)
                  00001e6e    00000006     date.obj (.bss)
                  00001e74    00000006     temperature.obj (.bss)
                  00001e7a    00000005     BlueRobin_RX_868MHz.lib : BRRX_Packet.obj (.bss)
                  00001e7f    00000001     as.obj (.bss)
                  00001e80    00000004     BlueRobin_RX_868MHz.lib : BRRX_API.obj (.bss)
                  00001e84    00000004     alarm.obj (.bss)
                  00001e88    00000004     menu.obj (.bss)
                  00001e8c    00000003     CC430_End_Device_868MHz.lib : nwk_mgmt.obj (.bss)
                  00001e8f    00000001     rfbsl.obj (.bss)

.stack     0    00002bac    00000050     UNINITIALIZED
                  00002bac    00000002     rts430x.lib : boot.obj (.stack)
                  00002bae    0000004e     --HOLE--

.text      0    00008000    0000576e     
                  00008000    00000298     ps.obj (.text:conv_pa_to_meter)
                  00008298    00000252     test.obj (.text:test_mode)
                  000084ea    00000222     user.obj (.text:set_value)
                  0000870c    000001f4     clock.obj (.text:mx_time)
                  00008900    000001e4     bluerobin.obj (.text:mx_caldist)
                  00008ae4    000001de     date.obj (.text:mx_date)
                  00008cc2    000001d6     ps.obj (.text:update_pressure_table)
                  00008e98    00000198     CC430_End_Device_868MHz.lib : mrfi.obj (.text:MRFI_Init)
                  00009030    00000192     bmp_ps.obj (.text:bmp_ps_get_pa)
                  000091c2    0000016a     clock.obj (.text:display_time)
                  0000932c    00000152     CC430_End_Device_868MHz.lib : nwk_link.obj (.text:nwk_link)
                  0000947e    0000014a     acceleration.obj (.text:display_acceleration)
                  000095c8    0000014a     rfsimpliciti.obj (.text:simpliciti_sync_decode_ap_cmd_callback)
                  00009712    00000146     main.obj (.text:display_update)
                  00009858    00000130     rts430x.lib : fs_add.obj (.text)
                  00009988    00000126     stopwatch.obj (.text:display_stopwatch)
                  00009aae    0000011e     CC430_End_Device_868MHz.lib : nwk_api.obj (.text:SMPL_Ioctl)
                  00009bcc    00000116     main.obj (.text:wakeup_event)
                  00009ce2    00000100     temperature.obj (.text:mx_temperature)
                  00009de2    00000100     bluerobin.obj (.text:sx_bluerobin)
                  00009ee2    000000f8     alarm.obj (.text:mx_alarm)
                  00009fda    000000f8     CC430_End_Device_868MHz.lib : nwk_join.obj (.text:nwk_join)
                  0000a0d2    000000f0     altitude.obj (.text:display_altitude)
                  0000a1c2    000000ee     CC430_End_Device_868MHz.lib : nwk_api.obj (.text:SMPL_SendOpt)
                  0000a2b0    000000ee                                 : nwk_QMgmt.obj (.text:nwk_QfindOldest)
                  0000a39e    000000ec     temperature.obj (.text:display_temperature)
                  0000a48a    000000ec     altitude.obj (.text:mx_altitude)
                  0000a576    000000e4     rfsimpliciti.obj (.text:simpliciti_sync_get_data_callback)
                  0000a65a    000000e4     rfsimpliciti.obj (.text:start_simpliciti_tx_only)
                  0000a73e    000000e0     main.obj (.text:init_application)
                  0000a81e    000000de     bluerobin.obj (.text:display_speed)
                  0000a8fc    000000dc     bluerobin.obj (.text:display_distance)
                  0000a9d8    000000d4     alarm.obj (.text:display_alarm)
                  0000aaac    000000d4     CC430_End_Device_868MHz.lib : nwk.obj (.text:nwk_allocateLocalRxPort)
                  0000ab80    000000cc     altitude.obj (.text:do_altitude_measurement)
                  0000ac4c    000000ca     date.obj (.text:display_date)
                  0000ad16    000000c6     CC430_End_Device_868MHz.lib : mrfi.obj (.text:MRFI_Transmit)
                  0000addc    000000c4     main.obj (.text:read_calibration_values)
                  0000aea0    000000b6     rts430x.lib : fs_mpy.obj (.text)
                  0000af56    000000b6     CC430_End_Device_868MHz.lib : main_ED_BM.obj (.text:simpliciti_link)
                  0000b00c    000000b6                                 : main_ED_BM.obj (.text:simpliciti_main_sync)
                  0000b0c2    000000aa     rfsimpliciti.obj (.text:start_simpliciti_sync)
                  0000b16c    000000a2     CC430_End_Device_868MHz.lib : nwk_frame.obj (.text:nwk_retrieveFrame)
                  0000b20e    000000a2     rfsimpliciti.obj (.text:simpliciti_get_ed_data_callback)
                  0000b2b0    0000009c     CC430_End_Device_868MHz.lib : nwk_ioctl.obj (.text:nwk_radioControl)
                  0000b34c    00000098     ps.obj (.text:ps_i2c_sda)
                  0000b3e4    00000096     temperature.obj (.text:temperature_measurement)
                  0000b47a    00000094     CC430_End_Device_868MHz.lib : nwk.obj (.text:nwk_nwkInit)
                  0000b50e    00000090     bluerobin.obj (.text:get_bluerobin_data)
                  0000b59e    00000090     CC430_End_Device_868MHz.lib : mrfi.obj (.text:mrfiRadioInterfaceCmdStrobe)
                  0000b62e    00000090                                 : nwk_frame.obj (.text:nwk_buildFrame)
                  0000b6be    0000008e     bmp_ps.obj (.text:bmp_ps_get_cal_param)
                  0000b74c    0000008e     rts430x.lib : fs_div.obj (.text)
                  0000b7da    00000082     date.obj (.text:get_numberOfDays)
                  0000b85c    00000080     bmp_ps.obj (.text:bmp_ps_get_temp)
                  0000b8dc    00000076     CC430_End_Device_868MHz.lib : nwk_QMgmt.obj (.text:nwk_QfindSlot)
                  0000b952    00000074     battery.obj (.text:battery_measurement)
                  0000b9c6    00000072     ps.obj (.text:ps_read_register)
                  0000ba38    00000070     BlueRobin_RX_868MHz.lib : BRRX_Radio.obj (.text:BRRX_RadioInit_v)
                  0000baa8    0000006e     main.obj (.text:init_global_variables)
                  0000bb16    0000006a     BlueRobin_RX_868MHz.lib : BRRX_API.obj (.text:ResetTXCB_v)
                  0000bb80    00000068     acceleration.obj (.text:convert_acceleration_value_to_mgrav)
                  0000bbe8    00000066     bluerobin.obj (.text:display_heartrate)
                  0000bc4e    00000064     as.obj (.text:as_read_register)
                  0000bcb2    00000064     as.obj (.text:as_write_register)
                  0000bd16    00000064     bmp_as.obj (.text:bmp_as_start)
                  0000bd7a    00000062     cma_ps.obj (.text:cma_ps_get_pa)
                  0000bddc    0000005e     battery.obj (.text:display_battery_V)
                  0000be3a    00000058     BlueRobin_RX_868MHz.lib : BRRX_API.obj (.text:BRRX_Start_v)
                  0000be92    00000058                             : BRRX_Scheduler.obj (.text:BRRX__StartNewSearch_v)
                  0000beea    00000058     cma_ps.obj (.text:cma_ps_init)
                  0000bf42    00000058     ps.obj (.text:ps_write_register)
                  0000bf9a    00000058     rts430x.lib : div32u.obj (.text)
                  0000bff2    00000056     BlueRobin_RX_868MHz.lib : BRRX_Radio.obj (.text:BRRX_RadioCalibrate_v)
                  0000c048    00000054     bluerobin.obj (.text:display_calories)
                  0000c09c    00000054     rfbsl.obj (.text:sx_rfbsl)
                  0000c0f0    00000052     CC430_End_Device_868MHz.lib : nwk_ioctl.obj (.text:nwk_rawSend)
                  0000c142    00000052     ps.obj (.text:ps_i2c_read)
                  0000c194    0000004c     bmp_as.obj (.text:bmp_as_get_data)
                  0000c1e0    0000004c     cma_ps.obj (.text:cma_ps_get_temp)
                  0000c22c    0000004c     rts430x.lib : fs_toul.obj (.text)
                  0000c278    0000004c     altitude.obj (.text:start_altitude_measurement)
                  0000c2c4    0000004a     cma_as.obj (.text:cma_as_start)
                  0000c30e    0000004a     rts430x.lib : fs_cmp.obj (.text)
                  0000c358    00000048                 : autoinit.obj (.text:_auto_init)
                  0000c3a0    00000048     main.obj (.text:process_requests)
                  0000c3e8    00000048     bluerobin.obj (.text:stop_bluerobin)
                  0000c430    00000046     CC430_End_Device_868MHz.lib : mrfi.obj (.text:mrfiRadioInterfaceReadReg)
                  0000c476    00000046     rts430x.lib : fs_tou.obj (.text)
                  0000c4bc    00000046     CC430_End_Device_868MHz.lib : main_ED_BM.obj (.text:simpliciti_main_tx_only)
                  0000c502    00000044                                 : nwk_api.obj (.text:SMPL_Receive)
                  0000c546    00000042     ps.obj (.text:ps_i2c_write)
                  0000c588    00000040     altitude.obj (.text:reset_altitude_measurement)
                  0000c5c8    00000040     rts430x.lib : div32s.obj (.text)
                  0000c608    0000003e     BlueRobin_RX_868MHz.lib : BRRX_API.obj (.text:BRRX_SetID_v)
                  0000c646    0000003e     rts430x.lib : asr32.obj (.text:l_asr_const)
                  0000c684    0000003e                 : lsl32.obj (.text:l_lsl_const)
                  0000c6c2    0000003e                 : lsr32.obj (.text:l_lsr_const)
                  0000c700    0000003e     CC430_End_Device_868MHz.lib : nwk.obj (.text:nwk_getNextConnection)
                  0000c73e    0000003c                                 : mrfi.obj (.text:MRFI_ReplyDelay)
                  0000c77a    0000003c     as.obj (.text:as_start)
                  0000c7b6    0000003c     stopwatch.obj (.text:update_stopwatch_timer)
                  0000c7f2    00000038     BlueRobin_RX_868MHz.lib : BRRX_API.obj (.text:BRRX_Init_v)
                  0000c82a    00000038     CC430_End_Device_868MHz.lib : nwk.obj (.text:initializeConnection)
                  0000c862    00000036     main.obj (.text:main)
                  0000c898    00000036     CC430_End_Device_868MHz.lib : nwk.obj (.text:nwk_putNumObjectIntoMsg)
                  0000c8ce    00000036     rts430x.lib : fs_itof.obj (.text)
                  0000c904    00000034     CC430_End_Device_868MHz.lib : bsp.obj (.text:BSP_Delay)
                  0000c938    00000034                                 : nwk_api.obj (.text:SMPL_Init)
                  0000c96c    00000034                                 : mrfi.obj (.text:mrfiRadioInterfaceWriteReg)
                  0000c9a0    00000034                                 : mrfi.obj (.text:mrfiRadioInterfaceWriteTxFifo)
                  0000c9d4    00000032                                 : mrfi.obj (.text:MRFI_SetLogicalChannel)
                  0000ca06    00000032     as.obj (.text:as_stop)
                  0000ca38    00000032     CC430_End_Device_868MHz.lib : nwk_ioctl.obj (.text:nwk_deviceAddress)
                  0000ca6a    00000032     bluerobin.obj (.text:reset_bluerobin)
                  0000ca9c    00000032     rts430x.lib : fs_ultof.obj (.text)
                  0000cace    00000032     alarm.obj (.text:sx_alarm)
                  0000cb00    00000030     CC430_End_Device_868MHz.lib : nwk_link.obj (.text:nwk_linkInit)
                  0000cb30    00000030                                 : nwk_ioctl.obj (.text:nwk_rawReceive)
                  0000cb60    00000030                                 : nwk_frame.obj (.text:nwk_sendFrame)
                  0000cb90    0000002e                                 : mrfi.obj (.text:Mrfi_CalculateRssi)
                  0000cbbe    0000002e     as.obj (.text:as_init)
                  0000cbec    0000002e     bmp_ps.obj (.text:bmp_ps_init)
                  0000cc1a    0000002c     CC430_End_Device_868MHz.lib : mrfi.obj (.text:Mrfi_RxModeOff)
                  0000cc46    0000002c                                 : nwk_QMgmt.obj (.text:nwk_QadjustOrder)
                  0000cc72    0000002c     rts430x.lib : div16s.obj (.text)
                  0000cc9e    0000002a     BlueRobin_RX_868MHz.lib : BRRX_API.obj (.text:BRRX_GetID_u32)
                  0000ccc8    0000002a     CC430_End_Device_868MHz.lib : mrfi.obj (.text:MRFI_SetRxAddrFilter)
                  0000ccf2    0000002a                                 : mrfi.obj (.text:Mrfi_DelayUsecSem)
                  0000cd1c    0000002a     rts430x.lib : boot.obj (.text:_isr:_c_int00_noexit)
                  0000cd46    0000002a     cma_as.obj (.text:cma_as_get_data)
                  0000cd70    0000002a     rfbsl.obj (.text:display_rfbsl)
                  0000cd9a    00000028     CC430_End_Device_868MHz.lib : nwk.obj (.text:map_lid2idx)
                  0000cdc2    00000028                                 : nwk.obj (.text:nwk_getConnInfo)
                  0000cdea    00000028     rfsimpliciti.obj (.text:sx_ppt)
                  0000ce12    00000028     rfsimpliciti.obj (.text:sx_rf)
                  0000ce3a    00000026     ps.obj (.text:init_pressure_table)
                  0000ce60    00000026     CC430_End_Device_868MHz.lib : nwk.obj (.text:nwk_checkConnInfo)
                  0000ce86    00000026                                 : nwk_globals.obj (.text:nwk_globalsInit)
                  0000ceac    00000026                                 : nwk_join.obj (.text:nwk_joinInit)
                  0000ced2    00000026     rfsimpliciti.obj (.text:sx_sync)
                  0000cef8    00000024     BlueRobin_RX_868MHz.lib : BRRX_API.obj (.text:BRRX_GetState_t)
                  0000cf1c    00000024     CC430_End_Device_868MHz.lib : mrfi.obj (.text:MRFI_Sleep)
                  0000cf40    00000024                                 : mrfi.obj (.text:Mrfi_DelayUsec)
                  0000cf64    00000024     ps.obj (.text:ps_init)
                  0000cf88    00000024     rts430x.lib : fs_utof.obj (.text)
                  0000cfac    00000022     CC430_End_Device_868MHz.lib : mrfi.obj (.text:MRFI_WakeUp)
                  0000cfce    00000022     rts430x.lib : memcmp.obj (.text:memcmp)
                  0000cff0    00000022     CC430_End_Device_868MHz.lib : nwk_frame.obj (.text:nwk_buildAckReqFrame)
                  0000d012    00000022     rts430x.lib : mult32_f5hw.obj (.text)
                  0000d034    00000022     stopwatch.obj (.text:start_stopwatch)
                  0000d056    00000022     altitude.obj (.text:stop_altitude_measurement)
                  0000d078    00000022     acceleration.obj (.text:sx_acceleration)
                  0000d09a    00000020     BlueRobin_RX_868MHz.lib : BRRX_API.obj (.text:BRRX_GetDistance_u16)
                  0000d0ba    00000020                             : BRRX_API.obj (.text:BRRX_GetSpeed_u8)
                  0000d0da    00000020     CC430_End_Device_868MHz.lib : mrfi.obj (.text:MRFI_Rssi)
                  0000d0fa    00000020                                 : mrfi.obj (.text:MRFI_RxIdle)
                  0000d11a    00000020                                 : mrfi.obj (.text:MRFI_RxOn)
                  0000d13a    00000020     rts430x.lib : memmov.obj (.text:memmove)
                  0000d15a    00000020     CC430_End_Device_868MHz.lib : nwk_ioctl.obj (.text:nwk_connectionControl)
                  0000d17a    00000020     clock.obj (.text:reset_clock)
                  0000d19a    00000020     stopwatch.obj (.text:reset_stopwatch)
                  0000d1ba    0000001e     CC430_End_Device_868MHz.lib : mrfi.obj (.text:MRFI_EnableRxAddrFilter)
                  0000d1d8    0000001e                                 : mrfi.obj (.text:Mrfi_RandomBackoffDelay)
                  0000d1f6    0000001e                                 : nwk_frame.obj (.text:nwk_frameInit)
                  0000d214    0000001e                                 : nwk_globals.obj (.text:nwk_setMyAddress)
                  0000d232    0000001c     altitude.obj (.text:convert_ft_to_m)
                  0000d24e    0000001c     altitude.obj (.text:convert_m_to_ft)
                  0000d26a    0000001c     CC430_End_Device_868MHz.lib : nwk_QMgmt.obj (.text:nwk_QInit)
                  0000d286    0000001a                                 : mrfi.obj (.text:MRFI_SetRFPwr)
                  0000d2a0    0000001a     stopwatch.obj (.text:stop_stopwatch)
                  0000d2ba    0000001a     bluerobin.obj (.text:sx_caldist)
                  0000d2d4    00000018     CC430_End_Device_868MHz.lib : mrfi.obj (.text:MRFI_DelayMs)
                  0000d2ec    00000018     temperature.obj (.text:convert_C_to_F)
                  0000d304    00000018     clock.obj (.text:convert_hour_to_12H_format)
                  0000d31c    00000018     test.obj (.text:display_all_on)
                  0000d334    00000018     acceleration.obj (.text:do_acceleration_measurement)
                  0000d34c    00000018     alarm.obj (.text:reset_alarm)
                  0000d364    00000016     CC430_End_Device_868MHz.lib : mrfi.obj (.text:MRFI_RandomByte)
                  0000d37a    00000016                                 : mrfi.obj (.text:Mrfi_RxModeOn)
                  0000d390    00000016     clock.obj (.text:display_selection_Timeformat1)
                  0000d3a6    00000016     bluerobin.obj (.text:display_selection_User_Gender)
                  0000d3bc    00000016     rts430x.lib : div16u.obj (.text)
                  0000d3d2    00000016                 : mult16_f5hw.obj (.text)
                  0000d3e8    00000016     stopwatch.obj (.text:sx_stopwatch)
                  0000d3fe    00000014     test.obj (.text:display_all_off)
                  0000d412    00000014     rfsimpliciti.obj (.text:display_ppt)
                  0000d426    00000014     rfsimpliciti.obj (.text:display_rf)
                  0000d43a    00000014     rfsimpliciti.obj (.text:display_sync)
                  0000d44e    00000014     CC430_End_Device_868MHz.lib : nwk_api.obj (.text:ioctlPreInitAccessIsOK)
                  0000d462    00000014     rts430x.lib : memset.obj (.text:memset)
                  0000d476    00000014     date.obj (.text:reset_date)
                  0000d48a    00000012     temperature.obj (.text:convert_F_to_C)
                  0000d49c    00000012     acceleration.obj (.text:is_acceleration_measurement)
                  0000d4ae    00000012     rts430x.lib : memcpy.obj (.text:memcpy)
                  0000d4c0    00000012     CC430_End_Device_868MHz.lib : nwk_join.obj (.text:nwk_getJoinToken)
                  0000d4d2    00000012                                 : nwk_link.obj (.text:nwk_getLinkToken)
                  0000d4e4    00000012                                 : nwk_globals.obj (.text:nwk_getMyAddress)
                  0000d4f6    00000012                                 : nwk_join.obj (.text:nwk_setJoinToken)
                  0000d508    00000012                                 : nwk_link.obj (.text:nwk_setLinkToken)
                  0000d51a    00000012     battery.obj (.text:reset_batt_measurement)
                  0000d52c    00000010     BlueRobin_RX_868MHz.lib : BRRX_Timer.obj (.text:BRRX__StartTimer_v)
                  0000d53c    00000010     CC430_End_Device_868MHz.lib : bsp.obj (.text:BSP_InitBoard)
                  0000d54c    00000010     rts430x.lib : lsl32.obj (.text:l_lsl)
                  0000d55c    00000010                 : lsr32.obj (.text:l_lsr)
                  0000d56c    00000010     date.obj (.text:sx_date)
                  0000d57c    00000010     clock.obj (.text:sx_time)
                  0000d58c    0000000e     acceleration.obj (.text:acceleration_value_is_positive)
                  0000d59a    0000000e     bmp_ps.obj (.text:bmp_ps_write_register)
                  0000d5a8    0000000e     cma_as.obj (.text:cma_as_read_register)
                  0000d5b6    0000000e     cma_as.obj (.text:cma_as_write_register)
                  0000d5c4    0000000e     bluerobin.obj (.text:display_caldist)
                  0000d5d2    0000000e     stopwatch.obj (.text:mx_stopwatch)
                  0000d5e0    0000000e     acceleration.obj (.text:reset_acceleration)
                  0000d5ee    0000000c     BlueRobin_RX_868MHz.lib : BRRX_Timer.obj (.text:BRRX__GetCurrentTime_u16)
                  0000d5fa    0000000c     bmp_as.obj (.text:bmp_as_read_register)
                  0000d606    0000000c     bmp_ps.obj (.text:bmp_ps_read_register)
                  0000d612    0000000c     cma_ps.obj (.text:cma_ps_read_register)
                  0000d61e    0000000c     cma_ps.obj (.text:cma_ps_start)
                  0000d62a    0000000c     cma_ps.obj (.text:cma_ps_write_register)
                  0000d636    0000000c     bluerobin.obj (.text:is_bluerobin)
                  0000d642    0000000c     rfsimpliciti.obj (.text:is_rf)
                  0000d64e    0000000c     CC430_End_Device_868MHz.lib : nwk_globals.obj (.text:nwk_setAPAddress)
                  0000d65a    0000000c     menu.obj (.text:update_acceleration)
                  0000d666    0000000c     menu.obj (.text:update_alarm)
                  0000d672    0000000c     menu.obj (.text:update_battery_voltage)
                  0000d67e    0000000c     menu.obj (.text:update_stopwatch)
                  0000d68a    0000000c     menu.obj (.text:update_temperature)
                  0000d696    0000000a     BlueRobin_RX_868MHz.lib : BRRX_Timer.obj (.text:BRRX__IsTimerRunning_v)
                  0000d6a0    0000000a     cma_ps.obj (.text:cma_ps_stop)
                  0000d6aa    0000000a     CC430_End_Device_868MHz.lib : nwk_mgmt.obj (.text:nwk_mgmtInit)
                  0000d6b4    0000000a                                 : nwk_ping.obj (.text:nwk_pingInit)
                  0000d6be    0000000a     rfsimpliciti.obj (.text:reset_rf)
                  0000d6c8    0000000a     temperature.obj (.text:reset_temp_measurement)
                  0000d6d2    0000000a     main.obj (.text:to_lpm)
                  0000d6dc    0000000a     menu.obj (.text:update_date)
                  0000d6e6    0000000a     menu.obj (.text:update_time)
                  0000d6f0    00000008     BlueRobin_RX_868MHz.lib : BRRX_API.obj (.text:BRRX_SetSignalLevelReduction_v)
                  0000d6f8    00000008     bmp_ps.obj (.text:bmp_ps_start)
                  0000d700    00000006     BlueRobin_RX_868MHz.lib : BRRX_API.obj (.text:BRRX_GetHeartRate_u8)
                  0000d706    00000006                             : BRRX_API.obj (.text:BRRX_SetPowerdownDelay_v)
                  0000d70c    00000006                             : BRRX_API.obj (.text:BRRX_SetSearchTimeout_v)
                  0000d712    00000006                             : BRRX_API.obj (.text:BRRX_Stop_v)
                  0000d718    00000006                             : BRRX_Timer.obj (.text:BRRX__CallTimer_v)
                  0000d71e    00000006                             : BRRX_Timer.obj (.text:BRRX__InitTimer_v)
                  0000d724    00000006     CC430_End_Device_868MHz.lib : mrfi.obj (.text:MRFI_GetRadioState)
                  0000d72a    00000006     bluerobin.obj (.text:mx_bluerobin)
                  0000d730    00000006     CC430_End_Device_868MHz.lib : nwk.obj (.text:nwk_freeConnection)
                  0000d736    00000006                                 : nwk_globals.obj (.text:nwk_getBCastAddress)
                  0000d73c    00000006                                 : nwk_globals.obj (.text:nwk_getFWVersion)
                  0000d742    00000006                                 : nwk_frame.obj (.text:nwk_getMyRxType)
                  0000d748    00000004                                 : nwk_api.obj (.text:SMPL_Link)
                  0000d74c    00000004     rts430x.lib : pre_init.obj (.text:_system_pre_init)
                  0000d750    00000004                 : exit.obj (.text:abort)
                  0000d754    00000004     bmp_as.obj (.text:bmp_as_write_register)
                  0000d758    00000004     CC430_End_Device_868MHz.lib : nwk.obj (.text:nwk_NVObj)
                  0000d75c    00000004                                 : nwk_globals.obj (.text:nwk_getProtocolVersion)
                  0000d760    00000004     ps.obj (.text:ps_i2c_delay)
                  0000d764    00000002     rts430x.lib : _lock.obj (.text:_nop)
                  0000d766    00000002     user.obj (.text:dummy)
                  0000d768    00000002     CC430_End_Device_868MHz.lib : nwk_freq.obj (.text:nwk_freqInit)
                  0000d76a    00000002                                 : nwk_security.obj (.text:nwk_securityInit)
                  0000d76c    00000002     altitude.obj (.text:sx_altitude)

.const     0    0000d76e    0000027d     
                  0000d76e    0000010e     menu.obj (.const)
                  0000d87c    0000007e     <whole-program> (.const:.string)
                  0000d8fa    00000040     CC430_End_Device_868MHz.lib : mrfi.obj (.const:mrfiRadioCfg)
                  0000d93a    00000027     BlueRobin_RX_868MHz.lib : BRRX_Radio.obj (.const:RadioSettings_t)
                  0000d961    00000001     --HOLE-- [fill = 0]
                  0000d962    00000022     ps.obj (.const:h0)
                  0000d984    00000022     ps.obj (.const:p0)
                  0000d9a6    0000000e     acceleration.obj (.const:bmp_mgrav_per_bit)
                  0000d9b4    0000000e     acceleration.obj (.const:cma_mgrav_per_bit)
                  0000d9c2    00000009     CC430_End_Device_868MHz.lib : nwk_globals.obj (.const)
                  0000d9cb    00000001     --HOLE-- [fill = 0]
                  0000d9cc    00000008     clock.obj (.const:selection_Timeformat)
                  0000d9d4    00000008     bluerobin.obj (.const:selection_User_Gender)
                  0000d9dc    00000004     BlueRobin_RX_868MHz.lib : BRRX_Resource.obj (.const)
                  0000d9e0    00000004     CC430_End_Device_868MHz.lib : mrfi.obj (.const:mrfiBroadcastAddr)
                  0000d9e4    00000004                                 : mrfi.obj (.const:mrfiLogicalChanTable)
                  0000d9e8    00000003                                 : mrfi.obj (.const:mrfiRFPowerTable)

.cinit     0    0000d9ec    00000124     
                  0000d9ec    0000004d     CC430_End_Device_868MHz.lib : mrfi.obj (.cinit)
                  0000da39    00000001     --HOLE-- [fill = 0]
                  0000da3a    00000020                                 : nwk_frame.obj (.cinit)
                  0000da5a    00000019                                 : nwk_link.obj (.cinit)
                  0000da73    00000001     --HOLE-- [fill = 0]
                  0000da74    00000018     <whole-program> (.cinit)
                  0000da8c    00000017     BlueRobin_RX_868MHz.lib : BRRX_Scheduler.obj (.cinit)
                  0000daa3    00000001     --HOLE-- [fill = 0]
                  0000daa4    00000017                             : BRRX_Timer.obj (.cinit)
                  0000dabb    00000001     --HOLE-- [fill = 0]
                  0000dabc    00000015     CC430_End_Device_868MHz.lib : nwk_join.obj (.cinit)
                  0000dad1    00000001     --HOLE-- [fill = 0]
                  0000dad2    0000000c     BlueRobin_RX_868MHz.lib : BRRX_Radio.obj (.cinit)
                  0000dade    0000000b                             : BRRX_Packet.obj (.cinit)
                  0000dae9    00000001     --HOLE-- [fill = 0]
                  0000daea    0000000b     CC430_End_Device_868MHz.lib : nwk_mgmt.obj (.cinit)
                  0000daf5    00000001     --HOLE-- [fill = 0]
                  0000daf6    00000005                                 : nwk.obj (.cinit)
                  0000dafb    00000001     --HOLE-- [fill = 0]
                  0000dafc    00000005                                 : nwk_api.obj (.cinit)
                  0000db01    00000001     --HOLE-- [fill = 0]
                  0000db02    00000005                                 : nwk_globals.obj (.cinit)
                  0000db07    00000001     --HOLE-- [fill = 0]
                  0000db08    00000005                                 : nwk_ping.obj (.cinit)
                  0000db0d    00000001     --HOLE-- [fill = 0]
                  0000db0e    00000002     (.pad.cinit) [fill = 0]

.reset     0    0000fffe    00000002     
                  0000fffe    00000002     rts430x.lib : boot.obj (.reset)


GLOBAL SYMBOLS: SORTED ALPHABETICALLY BY Name 

address    name
--------   ----
00001c00   .bss
00008000   .text
00000700   ADC12CTL0
00000701   ADC12CTL0_H
00000700   ADC12CTL0_L
00000702   ADC12CTL1
00000703   ADC12CTL1_H
00000702   ADC12CTL1_L
00000704   ADC12CTL2
00000705   ADC12CTL2_H
00000704   ADC12CTL2_L
0000070c   ADC12IE
0000070d   ADC12IE_H
0000070c   ADC12IE_L
0000070a   ADC12IFG
0000070b   ADC12IFG_H
0000070a   ADC12IFG_L
0000070e   ADC12IV
0000070f   ADC12IV_H
0000070e   ADC12IV_L
00000710   ADC12MCTL0
00000711   ADC12MCTL1
0000071a   ADC12MCTL10
0000071b   ADC12MCTL11
0000071c   ADC12MCTL12
0000071d   ADC12MCTL13
0000071e   ADC12MCTL14
0000071f   ADC12MCTL15
00000712   ADC12MCTL2
00000713   ADC12MCTL3
00000714   ADC12MCTL4
00000715   ADC12MCTL5
00000716   ADC12MCTL6
00000717   ADC12MCTL7
00000718   ADC12MCTL8
00000719   ADC12MCTL9
00000720   ADC12MEM0
00000721   ADC12MEM0_H
00000720   ADC12MEM0_L
00000722   ADC12MEM1
00000734   ADC12MEM10
00000735   ADC12MEM10_H
00000734   ADC12MEM10_L
00000736   ADC12MEM11
00000737   ADC12MEM11_H
00000736   ADC12MEM11_L
00000738   ADC12MEM12
00000739   ADC12MEM12_H
00000738   ADC12MEM12_L
0000073a   ADC12MEM13
0000073b   ADC12MEM13_H
0000073a   ADC12MEM13_L
0000073c   ADC12MEM14
0000073d   ADC12MEM14_H
0000073c   ADC12MEM14_L
0000073e   ADC12MEM15
0000073f   ADC12MEM15_H
0000073e   ADC12MEM15_L
00000723   ADC12MEM1_H
00000722   ADC12MEM1_L
00000724   ADC12MEM2
00000725   ADC12MEM2_H
00000724   ADC12MEM2_L
00000726   ADC12MEM3
00000727   ADC12MEM3_H
00000726   ADC12MEM3_L
00000728   ADC12MEM4
00000729   ADC12MEM4_H
00000728   ADC12MEM4_L
0000072a   ADC12MEM5
0000072b   ADC12MEM5_H
0000072a   ADC12MEM5_L
0000072c   ADC12MEM6
0000072d   ADC12MEM6_H
0000072c   ADC12MEM6_L
0000072e   ADC12MEM7
0000072f   ADC12MEM7_H
0000072e   ADC12MEM7_L
00000730   ADC12MEM8
00000731   ADC12MEM8_H
00000730   ADC12MEM8_L
00000732   ADC12MEM9
00000733   ADC12MEM9_H
00000732   ADC12MEM9_L
000009c0   AESACTL0
000009c1   AESACTL0_H
000009c0   AESACTL0_L
000009c8   AESADIN
000009c9   AESADIN_H
000009c8   AESADIN_L
000009ca   AESADOUT
000009cb   AESADOUT_H
000009ca   AESADOUT_L
000009c6   AESAKEY
000009c7   AESAKEY_H
000009c6   AESAKEY_L
000009c4   AESASTAT
000009c5   AESASTAT_H
000009c4   AESASTAT_L
0000d09a   BRRX_GetDistance_u16
0000d700   BRRX_GetHeartRate_u8
0000cc9e   BRRX_GetID_u32
0000d0ba   BRRX_GetSpeed_u8
0000cef8   BRRX_GetState_t
0000c7f2   BRRX_Init_v
0000bff2   BRRX_RadioCalibrate_v
0000ba38   BRRX_RadioInit_v
0000c608   BRRX_SetID_v
0000d706   BRRX_SetPowerdownDelay_v
0000d70c   BRRX_SetSearchTimeout_v
0000d6f0   BRRX_SetSignalLevelReduction_v
0000be3a   BRRX_Start_v
0000d712   BRRX_Stop_v
0000d718   BRRX__CallTimer_v
00001e7c   BRRX__CurrentPacketTime_u16
00001e7e   BRRX__CurrentSignalLevel_u8
0000d9dc   BRRX__First_TXCB_t
0000d5ee   BRRX__GetCurrentTime_u16
0000d71e   BRRX__InitTimer_v
0000d696   BRRX__IsTimerRunning_v
0000d9de   BRRX__Last_TXCB_t
00001e08   BRRX__MaxSearchTries_u8
00001e4a   BRRX__NextEndTime_u16
00001e48   BRRX__NextEventTime_u16
00001e4d   BRRX__NextFrequencyOffset_s8
00001e4c   BRRX__NextFrequency_u8
00001e0c   BRRX__PacketBits_t
00001e06   BRRX__PowerdownDelay_u8
00001e09   BRRX__SearchRatio_u8
00001e07   BRRX__SignalLevelReduction
0000be92   BRRX__StartNewSearch_v
0000d52c   BRRX__StartTimer_v
00001e7a   BRRX__StatusFlags_t
00001d74   BRRX__TXCB_t
00001e0a   BRRX__TestMode_u8
00001e4e   BRRX__TimerState_t
0000c904   BSP_Delay
0000d53c   BSP_InitBoard
0000d750   C$$EXIT
000008c0   CBCTL0
000008c1   CBCTL0_H
000008c0   CBCTL0_L
000008c2   CBCTL1
000008c3   CBCTL1_H
000008c2   CBCTL1_L
000008c4   CBCTL2
000008c5   CBCTL2_H
000008c4   CBCTL2_L
000008c6   CBCTL3
000008c7   CBCTL3_H
000008c6   CBCTL3_L
000008cc   CBINT
000008cd   CBINT_H
000008cc   CBINT_L
000008ce   CBIV
00000150   CRCDI
00000152   CRCDIRB
00000153   CRCDIRB_H
00000152   CRCDIRB_L
00000151   CRCDI_H
00000150   CRCDI_L
00000154   CRCINIRES
00000155   CRCINIRES_H
00000154   CRCINIRES_L
00000156   CRCRESR
00000157   CRCRESR_H
00000156   CRCRESR_L
00000510   DMA0CTL
00000511   DMA0CTL_H
00000510   DMA0CTL_L
00000516   DMA0DA
00000516   DMA0DAL
00000512   DMA0SA
00000512   DMA0SAL
0000051a   DMA0SZ
00000520   DMA1CTL
00000521   DMA1CTL_H
00000520   DMA1CTL_L
00000526   DMA1DA
00000526   DMA1DAL
00000522   DMA1SA
00000522   DMA1SAL
0000052a   DMA1SZ
00000530   DMA2CTL
00000531   DMA2CTL_H
00000530   DMA2CTL_L
00000536   DMA2DA
00000536   DMA2DAL
00000532   DMA2SA
00000532   DMA2SAL
0000053a   DMA2SZ
00000500   DMACTL0
00000501   DMACTL0_H
00000500   DMACTL0_L
00000502   DMACTL1
00000503   DMACTL1_H
00000502   DMACTL1_L
00000504   DMACTL2
00000505   DMACTL2_H
00000504   DMACTL2_L
00000506   DMACTL3
00000507   DMACTL3_H
00000506   DMACTL3_L
00000508   DMACTL4
00000509   DMACTL4_H
00000508   DMACTL4_L
0000050e   DMAIV
0000050f   DMAIV_H
0000050e   DMAIV_L
00000140   FCTL1
00000141   FCTL1_H
00000140   FCTL1_L
00000144   FCTL3
00000145   FCTL3_H
00000144   FCTL3_L
00000146   FCTL4
00000147   FCTL4_H
00000146   FCTL4_L
00000a04   LCDBBLKCTL
00000a05   LCDBBLKCTL_H
00000a04   LCDBBLKCTL_L
00000a12   LCDBCPCTL
00000a13   LCDBCPCTL_H
00000a12   LCDBCPCTL_L
00000a00   LCDBCTL0
00000a01   LCDBCTL0_H
00000a00   LCDBCTL0_L
00000a02   LCDBCTL1
00000a03   LCDBCTL1_H
00000a02   LCDBCTL1_L
00000a1e   LCDBIV
00000a40   LCDBM1
00000a49   LCDBM10
00000a4a   LCDBM11
00000a4b   LCDBM12
00000a4c   LCDBM13
00000a4d   LCDBM14
00000a4e   LCDBM15
00000a4f   LCDBM16
00000a50   LCDBM17
00000a51   LCDBM18
00000a52   LCDBM19
00000a41   LCDBM2
00000a53   LCDBM20
00000a54   LCDBM21
00000a55   LCDBM22
00000a56   LCDBM23
00000a57   LCDBM24
00000a42   LCDBM3
00000a43   LCDBM4
00000a44   LCDBM5
00000a45   LCDBM6
00000a46   LCDBM7
00000a47   LCDBM8
00000a48   LCDBM9
00000a06   LCDBMEMCTL
00000a07   LCDBMEMCTL_H
00000a06   LCDBMEMCTL_L
00000a0a   LCDBPCTL0
00000a0b   LCDBPCTL0_H
00000a0a   LCDBPCTL0_L
00000a0c   LCDBPCTL1
00000a0d   LCDBPCTL1_H
00000a0c   LCDBPCTL1_L
00000a0e   LCDBPCTL2
00000a0f   LCDBPCTL2_H
00000a0e   LCDBPCTL2_L
00000a10   LCDBPCTL3
00000a11   LCDBPCTL3_H
00000a10   LCDBPCTL3_L
00000a08   LCDBVCTL
00000a09   LCDBVCTL_H
00000a08   LCDBVCTL_L
00000a20   LCDM1
00000a29   LCDM10
00000a2a   LCDM11
00000a2b   LCDM12
00000a2c   LCDM13
00000a2d   LCDM14
00000a2e   LCDM15
00000a2f   LCDM16
00000a30   LCDM17
00000a31   LCDM18
00000a32   LCDM19
00000a21   LCDM2
00000a33   LCDM20
00000a34   LCDM21
00000a35   LCDM22
00000a36   LCDM23
00000a37   LCDM24
00000a22   LCDM3
00000a23   LCDM4
00000a24   LCDM5
00000a25   LCDM6
00000a26   LCDM7
00000a27   LCDM8
00000a28   LCDM9
0000c67e   L_ASR_1
0000c65a   L_ASR_10
0000c656   L_ASR_11
0000c652   L_ASR_12
0000c64e   L_ASR_13
0000c64a   L_ASR_14
0000c646   L_ASR_15
0000c67a   L_ASR_2
0000c676   L_ASR_3
0000c672   L_ASR_4
0000c66e   L_ASR_5
0000c66a   L_ASR_6
0000c666   L_ASR_7
0000c662   L_ASR_8
0000c65e   L_ASR_9
0000d54c   L_LSL
0000c6bc   L_LSL_1
0000c698   L_LSL_10
0000c694   L_LSL_11
0000c690   L_LSL_12
0000c68c   L_LSL_13
0000c688   L_LSL_14
0000c684   L_LSL_15
0000c6b8   L_LSL_2
0000c6b4   L_LSL_3
0000c6b0   L_LSL_4
0000c6ac   L_LSL_5
0000c6a8   L_LSL_6
0000c6a4   L_LSL_7
0000c6a0   L_LSL_8
0000c69c   L_LSL_9
0000d55c   L_LSR
0000c6fa   L_LSR_1
0000c6d6   L_LSR_10
0000c6d2   L_LSR_11
0000c6ce   L_LSR_12
0000c6ca   L_LSR_13
0000c6c6   L_LSR_14
0000c6c2   L_LSR_15
0000c6f6   L_LSR_2
0000c6f2   L_LSR_3
0000c6ee   L_LSR_4
0000c6ea   L_LSR_5
0000c6e6   L_LSR_6
0000c6e2   L_LSR_7
0000c6de   L_LSR_8
0000c6da   L_LSR_9
000004c4   MAC
000004da   MAC32H
000004db   MAC32H_H
000004da   MAC32H_L
000004d8   MAC32L
000004d9   MAC32L_H
000004d8   MAC32L_L
000004c6   MACS
000004de   MACS32H
000004df   MACS32H_H
000004de   MACS32H_L
000004dc   MACS32L
000004dd   MACS32L_H
000004dc   MACS32L_L
000004c7   MACS_H
000004c6   MACS_L
000004c5   MAC_H
000004c4   MAC_L
000004c0   MPY
000004ec   MPY32CTL0
000004ed   MPY32CTL0_H
000004ec   MPY32CTL0_L
000004d2   MPY32H
000004d3   MPY32H_H
000004d2   MPY32H_L
000004d0   MPY32L
000004d1   MPY32L_H
000004d0   MPY32L_L
000004c2   MPYS
000004d6   MPYS32H
000004d7   MPYS32H_H
000004d6   MPYS32H_L
000004d4   MPYS32L
000004d5   MPYS32L_H
000004d4   MPYS32L_L
000004c3   MPYS_H
000004c2   MPYS_L
000004c1   MPY_H
000004c0   MPY_L
0000d2d4   MRFI_DelayMs
0000d1ba   MRFI_EnableRxAddrFilter
0000d724   MRFI_GetRadioState
00008e98   MRFI_Init
0000d364   MRFI_RandomByte
0000c73e   MRFI_ReplyDelay
0000d0da   MRFI_Rssi
0000d0fa   MRFI_RxIdle
0000d11a   MRFI_RxOn
0000c9d4   MRFI_SetLogicalChannel
0000d286   MRFI_SetRFPwr
0000ccc8   MRFI_SetRxAddrFilter
0000cf1c   MRFI_Sleep
0000ad16   MRFI_Transmit
0000cfac   MRFI_WakeUp
000004c8   OP2
000004e2   OP2H
000004e3   OP2H_H
000004e2   OP2H_L
000004e0   OP2L
000004e1   OP2L_H
000004e0   OP2L_L
000004c9   OP2_H
000004c8   OP2_L
0000020e   P1IV
000001c8   P1MAP01
000001c9   P1MAP01_H
000001c8   P1MAP01_L
000001ca   P1MAP23
000001cb   P1MAP23_H
000001ca   P1MAP23_L
000001cc   P1MAP45
000001cd   P1MAP45_H
000001cc   P1MAP45_L
000001ce   P1MAP67
000001cf   P1MAP67_H
000001ce   P1MAP67_L
0000021e   P2IV
000001d0   P2MAP01
000001d1   P2MAP01_H
000001d0   P2MAP01_L
000001d2   P2MAP23
000001d3   P2MAP23_H
000001d2   P2MAP23_L
000001d4   P2MAP45
000001d5   P2MAP45_H
000001d4   P2MAP45_L
000001d6   P2MAP67
000001d7   P2MAP67_H
000001d6   P2MAP67_L
000001d8   P3MAP01
000001d9   P3MAP01_H
000001d8   P3MAP01_L
000001da   P3MAP23
000001db   P3MAP23_H
000001da   P3MAP23_L
000001dc   P3MAP45
000001dd   P3MAP45_H
000001dc   P3MAP45_L
000001de   P3MAP67
000001df   P3MAP67_H
000001de   P3MAP67_L
00000204   PADIR
00000205   PADIR_H
00000204   PADIR_L
00000208   PADS
00000209   PADS_H
00000208   PADS_L
0000021a   PAIE
00000218   PAIES
00000219   PAIES_H
00000218   PAIES_L
0000021b   PAIE_H
0000021a   PAIE_L
0000021c   PAIFG
0000021d   PAIFG_H
0000021c   PAIFG_L
00000200   PAIN
00000201   PAIN_H
00000200   PAIN_L
00000202   PAOUT
00000203   PAOUT_H
00000202   PAOUT_L
00000206   PAREN
00000207   PAREN_H
00000206   PAREN_L
0000020a   PASEL
0000020b   PASEL_H
0000020a   PASEL_L
00000224   PBDIR
00000225   PBDIR_H
00000224   PBDIR_L
00000228   PBDS
00000229   PBDS_H
00000228   PBDS_L
00000220   PBIN
00000221   PBIN_H
00000220   PBIN_L
00000222   PBOUT
00000223   PBOUT_H
00000222   PBOUT_L
00000226   PBREN
00000227   PBREN_H
00000226   PBREN_L
0000022a   PBSEL
0000022b   PBSEL_H
0000022a   PBSEL_L
00000244   PCDIR
00000245   PCDIR_H
00000244   PCDIR_L
00000248   PCDS
00000249   PCDS_H
00000248   PCDS_L
00000240   PCIN
00000241   PCIN_H
00000240   PCIN_L
00000242   PCOUT
00000243   PCOUT_H
00000242   PCOUT_L
00000246   PCREN
00000247   PCREN_H
00000246   PCREN_L
0000024a   PCSEL
0000024b   PCSEL_H
0000024a   PCSEL_L
00000324   PJDIR
00000325   PJDIR_H
00000324   PJDIR_L
00000328   PJDS
00000329   PJDS_H
00000328   PJDS_L
00000320   PJIN
00000321   PJIN_H
00000320   PJIN_L
00000322   PJOUT
00000323   PJOUT_H
00000322   PJOUT_L
00000326   PJREN
00000327   PJREN_H
00000326   PJREN_L
000001c2   PMAPCTL
000001c3   PMAPCTL_H
000001c2   PMAPCTL_L
000001c0   PMAPKEYID
000001c1   PMAPKEYID_H
000001c0   PMAPKEYID_L
00000120   PMMCTL0
00000121   PMMCTL0_H
00000120   PMMCTL0_L
00000122   PMMCTL1
00000123   PMMCTL1_H
00000122   PMMCTL1_L
0000012c   PMMIFG
0000012d   PMMIFG_H
0000012c   PMMIFG_L
0000012e   PMMRIE
0000012f   PMMRIE_H
0000012e   PMMRIE_L
00000158   RCCTL0
00000159   RCCTL0_H
00000158   RCCTL0_L
000001b0   REFCTL0
000001b1   REFCTL0_H
000001b0   REFCTL0_L
000004e4   RES0
000004e5   RES0_H
000004e4   RES0_L
000004e6   RES1
000004e7   RES1_H
000004e6   RES1_L
000004e8   RES2
000004e9   RES2_H
000004e8   RES2_L
000004ea   RES3
000004eb   RES3_H
000004ea   RES3_L
000004cc   RESHI
000004cd   RESHI_H
000004cc   RESHI_L
000004ca   RESLO
000004cb   RESLO_H
000004ca   RESLO_L
00000f16   RF1ADINW
00000f17   RF1ADINW_H
00000f16   RF1ADINW_L
00000f28   RF1ADOUT0W
00000f29   RF1ADOUT0W_H
00000f28   RF1ADOUT0W_L
00000f2a   RF1ADOUT1W
00000f2b   RF1ADOUT1W_H
00000f2a   RF1ADOUT1W_L
00000f2c   RF1ADOUT2W
00000f2d   RF1ADOUT2W_H
00000f2c   RF1ADOUT2W_L
00000f36   RF1AIE
00000f34   RF1AIES
00000f35   RF1AIES_H
00000f34   RF1AIES_L
00000f37   RF1AIE_H
00000f36   RF1AIE_L
00000f00   RF1AIFCTL0
00000f01   RF1AIFCTL0_H
00000f00   RF1AIFCTL0_L
00000f02   RF1AIFCTL1
00000f03   RF1AIFCTL1_H
00000f02   RF1AIFCTL1_L
00000f04   RF1AIFCTL2
00000f05   RF1AIFCTL2_H
00000f04   RF1AIFCTL2_L
00000f06   RF1AIFERR
00000f0c   RF1AIFERRV
00000f0d   RF1AIFERRV_H
00000f0c   RF1AIFERRV_L
00000f07   RF1AIFERR_H
00000f06   RF1AIFERR_L
00000f32   RF1AIFG
00000f33   RF1AIFG_H
00000f32   RF1AIFG_L
00000f0e   RF1AIFIV
00000f0f   RF1AIFIV_H
00000f0e   RF1AIFIV_L
00000f30   RF1AIN
00000f12   RF1AINSTR1W
00000f13   RF1AINSTR1W_H
00000f12   RF1AINSTR1W_L
00000f14   RF1AINSTR2W
00000f15   RF1AINSTR2W_H
00000f14   RF1AINSTR2W_L
00000f10   RF1AINSTRW
00000f11   RF1AINSTRW_H
00000f10   RF1AINSTRW_L
00000f31   RF1AIN_H
00000f30   RF1AIN_L
00000f38   RF1AIV
00000f39   RF1AIV_H
00000f38   RF1AIV_L
00000f3c   RF1ARXFIFO
00000f3d   RF1ARXFIFO_H
00000f3c   RF1ARXFIFO_L
00000f20   RF1ASTAT0W
00000f21   RF1ASTAT0W_H
00000f20   RF1ASTAT0W_L
00000f22   RF1ASTAT1W
00000f23   RF1ASTAT1W_H
00000f22   RF1ASTAT1W_L
00000f24   RF1ASTAT2W
00000f25   RF1ASTAT2W_H
00000f24   RF1ASTAT2W_L
00000f3e   RF1ATXFIFO
00000f3f   RF1ATXFIFO_H
00000f3e   RF1ATXFIFO_L
000004ba   RTCADOWDAY
000004bb   RTCADOWDAY_H
000004ba   RTCADOWDAY_L
000004b8   RTCAMINHR
000004b9   RTCAMINHR_H
000004b8   RTCAMINHR_L
000004a0   RTCCTL01
000004a1   RTCCTL01_H
000004a0   RTCCTL01_L
000004a2   RTCCTL23
000004a3   RTCCTL23_H
000004a2   RTCCTL23_L
000004b4   RTCDATE
000004b5   RTCDATE_H
000004b4   RTCDATE_L
000004ae   RTCIV
000004ac   RTCPS
000004a8   RTCPS0CTL
000004a9   RTCPS0CTL_H
000004a8   RTCPS0CTL_L
000004aa   RTCPS1CTL
000004ab   RTCPS1CTL_H
000004aa   RTCPS1CTL_L
000004ad   RTCPS_H
000004ac   RTCPS_L
000004b0   RTCTIM0
000004b1   RTCTIM0_H
000004b0   RTCTIM0_L
000004b2   RTCTIM1
000004b3   RTCTIM1_H
000004b2   RTCTIM1_L
000004b6   RTCYEAR
000004b7   RTCYEAR_H
000004b6   RTCYEAR_L
UNDEFED    ReadSingleReg
00000100   SFRIE1
00000101   SFRIE1_H
00000100   SFRIE1_L
00000102   SFRIFG1
00000103   SFRIFG1_H
00000102   SFRIFG1_L
00000104   SFRRPCR
00000105   SFRRPCR_H
00000104   SFRRPCR_L
0000c938   SMPL_Init
00009aae   SMPL_Ioctl
0000d748   SMPL_Link
0000c502   SMPL_Receive
0000a1c2   SMPL_SendOpt
000004ce   SUMEXT
000004cf   SUMEXT_H
000004ce   SUMEXT_L
00000124   SVSMHCTL
00000125   SVSMHCTL_H
00000124   SVSMHCTL_L
00000128   SVSMIO
00000129   SVSMIO_H
00000128   SVSMIO_L
00000126   SVSMLCTL
00000127   SVSMLCTL_H
00000126   SVSMLCTL_L
00000198   SYSBERRIV
00000199   SYSBERRIV_H
00000198   SYSBERRIV_L
00000182   SYSBSLC
00000183   SYSBSLC_H
00000182   SYSBSLC_L
00000180   SYSCTL
00000181   SYSCTL_H
00000180   SYSCTL_L
00000186   SYSJMBC
00000187   SYSJMBC_H
00000186   SYSJMBC_L
00000188   SYSJMBI0
00000189   SYSJMBI0_H
00000188   SYSJMBI0_L
0000018a   SYSJMBI1
0000018b   SYSJMBI1_H
0000018a   SYSJMBI1_L
0000018c   SYSJMBO0
0000018d   SYSJMBO0_H
0000018c   SYSJMBO0_L
0000018e   SYSJMBO1
0000018f   SYSJMBO1_H
0000018e   SYSJMBO1_L
0000019e   SYSRSTIV
0000019f   SYSRSTIV_H
0000019e   SYSRSTIV_L
0000019c   SYSSNIV
0000019d   SYSSNIV_H
0000019c   SYSSNIV_L
0000019a   SYSUNIV
0000019b   SYSUNIV_H
0000019a   SYSUNIV_L
UNDEFED    SetVCore
UNDEFED    Strobe
00000352   TA0CCR0
00000354   TA0CCR1
00000356   TA0CCR2
00000358   TA0CCR3
0000035a   TA0CCR4
00000342   TA0CCTL0
00000344   TA0CCTL1
00000346   TA0CCTL2
00000348   TA0CCTL3
0000034a   TA0CCTL4
00000340   TA0CTL
00000360   TA0EX0
0000036e   TA0IV
00000350   TA0R
00000392   TA1CCR0
00000394   TA1CCR1
00000396   TA1CCR2
00000382   TA1CCTL0
00000384   TA1CCTL1
00000386   TA1CCTL2
00000380   TA1CTL
000003a0   TA1EX0
000003ae   TA1IV
00000390   TA1R
UNDEFED    Timer0_A4_Delay
UNDEFED    Timer0_Init
UNDEFED    Timer0_Start
UNDEFED    Timer0_Stop
000005d0   UCA0ABCTL
000005c6   UCA0BRW
000005c7   UCA0BRW_H
000005c6   UCA0BRW_L
000005c0   UCA0CTLW0
000005c1   UCA0CTLW0_H
000005c0   UCA0CTLW0_L
000005dc   UCA0ICTL
000005dd   UCA0ICTL_H
000005dc   UCA0ICTL_L
000005d2   UCA0IRCTL
000005d3   UCA0IRCTL_H
000005d2   UCA0IRCTL_L
000005de   UCA0IV
000005c8   UCA0MCTL
000005cc   UCA0RXBUF
000005ca   UCA0STAT
000005ce   UCA0TXBUF
000005e6   UCB0BRW
000005e7   UCB0BRW_H
000005e6   UCB0BRW_L
000005e0   UCB0CTLW0
000005e1   UCB0CTLW0_H
000005e0   UCB0CTLW0_L
000005f0   UCB0I2COA
000005f1   UCB0I2COA_H
000005f0   UCB0I2COA_L
000005f2   UCB0I2CSA
000005f3   UCB0I2CSA_H
000005f2   UCB0I2CSA_L
000005fc   UCB0ICTL
000005fd   UCB0ICTL_H
000005fc   UCB0ICTL_L
000005fe   UCB0IV
000005ec   UCB0RXBUF
000005ea   UCB0STAT
000005ee   UCB0TXBUF
00000160   UCSCTL0
00000161   UCSCTL0_H
00000160   UCSCTL0_L
00000162   UCSCTL1
00000163   UCSCTL1_H
00000162   UCSCTL1_L
00000164   UCSCTL2
00000165   UCSCTL2_H
00000164   UCSCTL2_L
00000166   UCSCTL3
00000167   UCSCTL3_H
00000166   UCSCTL3_L
00000168   UCSCTL4
00000169   UCSCTL4_H
00000168   UCSCTL4_L
0000016a   UCSCTL5
0000016b   UCSCTL5_H
0000016a   UCSCTL5_L
0000016c   UCSCTL6
0000016d   UCSCTL6_H
0000016c   UCSCTL6_L
0000016e   UCSCTL7
0000016f   UCSCTL7_H
0000016e   UCSCTL7_L
00000170   UCSCTL8
00000171   UCSCTL8_H
00000170   UCSCTL8_L
0000015c   WDTCTL
0000015d   WDTCTL_H
0000015c   WDTCTL_L
UNDEFED    WriteBurstReg
UNDEFED    WritePATable
UNDEFED    WriteSingleReg
00002bfc   __STACK_END
00000050   __STACK_SIZE
00000001   __TI_args_main
00000001   __TI_auto_init
00000001   __TI_exit
ffffffff   __binit__
00001c00   __bss__
ffffffff   __c_args__
0000d9ec   __cinit__
0000cc72   __divi
0000c5c8   __divli
0000d3bc   __divu
0000bf9a   __divul
00001e90   __end__
0000d76e   __etext__
0000985e   __fs_add
0000c30e   __fs_cmp
0000b74c   __fs_div
0000c8ce   __fs_itof
0000aea0   __fs_mpy
00009858   __fs_sub
0000c476   __fs_tou
0000c22c   __fs_toul
0000ca9c   __fs_ultof
0000cf88   __fs_utof
0000d3d2   __mpyi_f5hw
0000d012   __mpyl_f5hw
ffffffff   __pinit__
0000cc72   __remi
0000c5c8   __remli
0000d3bc   __remu
0000bf9a   __remul
00008000   __text__
0000c358   _auto_init
0000cd1c   _c_int00
0000cd1c   _c_int00_noexit
00001e60   _cleanup_ptr
00001e64   _dtors_ptr
00001e58   _lock
0000d764   _nop
0000fffe   _reset_vector
00002bac   _stack
0000d74c   _system_pre_init
00001e5c   _unlock
0000d750   abort
0000d58c   acceleration_value_is_positive
UNDEFED    adc12_single_conversion
0000cbbe   as_init
00001e7f   as_ok
0000bc4e   as_read_register
0000c77a   as_start
0000ca06   as_stop
0000bcb2   as_write_register
0000b952   battery_measurement
ffffffff   binit
0000c194   bmp_as_get_data
0000d5fa   bmp_as_read_register
0000bd16   bmp_as_start
0000ca06   bmp_as_stop
0000d754   bmp_as_write_register
00001daa   bmp_cal_param
0000d9a6   bmp_mgrav_per_bit
00001dc0   bmp_param_b5
0000b6be   bmp_ps_get_cal_param
00009030   bmp_ps_get_pa
0000b85c   bmp_ps_get_temp
0000cbec   bmp_ps_init
0000d606   bmp_ps_read_register
0000d6f8   bmp_ps_start
0000d59a   bmp_ps_write_register
00001dc6   bmp_used
00001e6c   brrx_packet_end_cap_value
00001cbe   burst_end
00001cba   burst_mode
00001cc0   burst_packet
00001cd2   burst_packet_index
00001cbc   burst_start
UNDEFED    button
UNDEFED    button_repeat_off
UNDEFED    button_repeat_on
0000d9ec   cinit
UNDEFED    clear_blink_mem
UNDEFED    clear_display
UNDEFED    clear_display_all
UNDEFED    clear_line
UNDEFED    close_radio
0000cd46   cma_as_get_data
0000d5a8   cma_as_read_register
0000c2c4   cma_as_start
0000ca06   cma_as_stop
0000d5b6   cma_as_write_register
0000d9b4   cma_mgrav_per_bit
0000bd7a   cma_ps_get_pa
0000c1e0   cma_ps_get_temp
0000beea   cma_ps_init
0000d612   cma_ps_read_register
0000d61e   cma_ps_start
0000d6a0   cma_ps_stop
0000d62a   cma_ps_write_register
00008000   conv_pa_to_meter
0000d2ec   convert_C_to_F
0000d48a   convert_F_to_C
0000bb80   convert_acceleration_value_to_mgrav
0000d232   convert_ft_to_m
0000d304   convert_hour_to_12H_format
0000d24e   convert_m_to_ft
UNDEFED    display
0000947e   display_acceleration
0000a9d8   display_alarm
0000d3fe   display_all_off
0000d31c   display_all_on
0000a0d2   display_altitude
UNDEFED    display_am_pm_symbol
0000bddc   display_battery_V
0000d5c4   display_caldist
0000c048   display_calories
UNDEFED    display_char
UNDEFED    display_chars
0000ac4c   display_date
0000a8fc   display_distance
0000bbe8   display_heartrate
UNDEFED    display_hours
0000d412   display_ppt
0000d426   display_rf
0000cd70   display_rfbsl
0000d390   display_selection_Timeformat1
0000d3a6   display_selection_User_Gender
0000a81e   display_speed
00009988   display_stopwatch
UNDEFED    display_symbol
0000d43a   display_sync
0000a39e   display_temperature
000091c2   display_time
00009712   display_update
UNDEFED    display_value
0000d334   do_acceleration_measurement
0000ab80   do_altitude_measurement
0000d766   dummy
00001e90   end
0000d76e   etext
00001dca   fptr_lcd_function_line1
00001dd2   fptr_lcd_function_line2
0000b50e   get_bluerobin_data
0000b7da   get_numberOfDays
0000d962   h0
0000d6d2   idle_loop
0000a73e   init_application
UNDEFED    init_buttons
0000baa8   init_global_variables
0000ce3a   init_pressure_table
UNDEFED    int_to_array
0000d49c   is_acceleration_measurement
0000d636   is_bluerobin
0000d642   is_rf
UNDEFED    lcd_init
0000c862   main
0000cfce   memcmp
0000d4ae   memcpy
0000d13a   memmove
0000d462   memset
0000d7ec   menu_L1_Acceleration
0000d792   menu_L1_Alarm
0000d7b6   menu_L1_Altitude
0000d7c8   menu_L1_Heartrate
0000d7da   menu_L1_Speed
0000d7a4   menu_L1_Temperature
0000d780   menu_L1_Time
0000d810   menu_L2_Battery
0000d858   menu_L2_CalDist
0000d7fe   menu_L2_Date
0000d834   menu_L2_Ppt
0000d86a   menu_L2_RFBSL
0000d822   menu_L2_Rf
0000d76e   menu_L2_Stopwatch
0000d846   menu_L2_Sync
00001dd0   message
00001d56   method
0000d9e0   mrfiBroadcastAddr
0000d8fa   mrfiRadioCfg
0000b59e   mrfiRadioInterfaceCmdStrobe
0000c430   mrfiRadioInterfaceReadReg
0000c96c   mrfiRadioInterfaceWriteReg
0000c9a0   mrfiRadioInterfaceWriteTxFifo
00009ee2   mx_alarm
0000a48a   mx_altitude
0000d72a   mx_bluerobin
00008900   mx_caldist
00008ae4   mx_date
0000d5d2   mx_stopwatch
00009ce2   mx_temperature
0000870c   mx_time
0000d758   nwk_NVObj
0000d26a   nwk_QInit
0000cc46   nwk_QadjustOrder
0000a2b0   nwk_QfindOldest
0000b8dc   nwk_QfindSlot
0000aaac   nwk_allocateLocalRxPort
0000cff0   nwk_buildAckReqFrame
0000b62e   nwk_buildFrame
0000ce60   nwk_checkConnInfo
0000d15a   nwk_connectionControl
0000ca38   nwk_deviceAddress
0000d1f6   nwk_frameInit
0000d730   nwk_freeConnection
0000d768   nwk_freqInit
0000d736   nwk_getBCastAddress
0000cdc2   nwk_getConnInfo
0000d73c   nwk_getFWVersion
0000d4c0   nwk_getJoinToken
0000d4d2   nwk_getLinkToken
0000d4e4   nwk_getMyAddress
0000d742   nwk_getMyRxType
0000c700   nwk_getNextConnection
0000d75c   nwk_getProtocolVersion
0000ce86   nwk_globalsInit
00009fda   nwk_join
0000ceac   nwk_joinInit
0000932c   nwk_link
0000cb00   nwk_linkInit
0000d6aa   nwk_mgmtInit
0000b47a   nwk_nwkInit
0000d6b4   nwk_pingInit
0000c898   nwk_putNumObjectIntoMsg
0000b2b0   nwk_radioControl
0000cb30   nwk_rawReceive
0000c0f0   nwk_rawSend
0000b16c   nwk_retrieveFrame
0000d76a   nwk_securityInit
0000cb60   nwk_sendFrame
0000d64e   nwk_setAPAddress
0000d4f6   nwk_setJoinToken
0000d508   nwk_setLinkToken
0000d214   nwk_setMyAddress
UNDEFED    open_radio
00001cd4   p
0000d984   p0
ffffffff   pinit
0000c3a0   process_requests
0000d760   ps_i2c_delay
0000c142   ps_i2c_read
0000b34c   ps_i2c_sda
0000c546   ps_i2c_write
0000cf64   ps_init
00001d18   ps_ok
0000b9c6   ps_read_register
0000bf42   ps_write_register
00001e8a   ptrMenu_L1
00001e88   ptrMenu_L2
UNDEFED    radio_powerdown
UNDEFED    radio_reset
0000addc   read_calibration_values
00001dc8   request
0000d5e0   reset_acceleration
0000d34c   reset_alarm
0000c588   reset_altitude_measurement
0000d51a   reset_batt_measurement
0000ca6a   reset_bluerobin
UNDEFED    reset_buzzer
0000d17a   reset_clock
0000d476   reset_date
0000d6be   reset_rf
0000d19a   reset_stopwatch
0000d6c8   reset_temp_measurement
00001e8f   rfBSL_button_confirmation
00001dce   rf_frequoffset
00001e2a   sAccel
00001e84   sAlarm
00001dd6   sAlt
00001e50   sBatt
00001d90   sBlueRobin
UNDEFED    sButton
00001e6e   sDate
00001e3d   sInit_done
00001c8c   sRFsmpl
00001df2   sStopwatch
00001e74   sTemp
00001de4   sTime
0000d9cc   selection_Timeformat
0000d9d4   selection_User_Gender
UNDEFED    set_blink_rate
000084ea   set_value
00001c94   simpliciti_data
00001cb4   simpliciti_ed_address
00001c92   simpliciti_flag
0000b20e   simpliciti_get_ed_data_callback
0000af56   simpliciti_link
0000b00c   simpliciti_main_sync
0000c4bc   simpliciti_main_tx_only
00001cb8   simpliciti_payload_length
00001cb9   simpliciti_reply_count
000095c8   simpliciti_sync_decode_ap_cmd_callback
0000a576   simpliciti_sync_get_data_callback
0000c278   start_altitude_measurement
UNDEFED    start_buzzer
0000b0c2   start_simpliciti_sync
0000a65a   start_simpliciti_tx_only
0000d034   start_stopwatch
0000d056   stop_altitude_measurement
0000c3e8   stop_bluerobin
UNDEFED    stop_buzzer
0000d2a0   stop_stopwatch
UNDEFED    switch_seg
0000d078   sx_acceleration
0000cace   sx_alarm
0000d76c   sx_altitude
00009de2   sx_bluerobin
0000d2ba   sx_caldist
0000d56c   sx_date
0000cdea   sx_ppt
0000ce12   sx_rf
0000c09c   sx_rfbsl
0000d3e8   sx_stopwatch
0000ced2   sx_sync
0000d57c   sx_time
00001dc4   sys
0000b3e4   temperature_measurement
00008298   test_mode
0000d6d2   to_lpm
0000d65a   update_acceleration
0000d666   update_alarm
0000d672   update_battery_voltage
0000d6dc   update_date
00008cc2   update_pressure_table
0000d67e   update_stopwatch
0000c7b6   update_stopwatch_timer
0000d68a   update_temperature
0000d6e6   update_time
00009bcc   wakeup_event


GLOBAL SYMBOLS: SORTED BY Symbol Address 

address    name
--------   ----
00000001   __TI_args_main
00000001   __TI_auto_init
00000001   __TI_exit
00000050   __STACK_SIZE
00000100   SFRIE1
00000100   SFRIE1_L
00000101   SFRIE1_H
00000102   SFRIFG1
00000102   SFRIFG1_L
00000103   SFRIFG1_H
00000104   SFRRPCR
00000104   SFRRPCR_L
00000105   SFRRPCR_H
00000120   PMMCTL0
00000120   PMMCTL0_L
00000121   PMMCTL0_H
00000122   PMMCTL1
00000122   PMMCTL1_L
00000123   PMMCTL1_H
00000124   SVSMHCTL
00000124   SVSMHCTL_L
00000125   SVSMHCTL_H
00000126   SVSMLCTL
00000126   SVSMLCTL_L
00000127   SVSMLCTL_H
00000128   SVSMIO
00000128   SVSMIO_L
00000129   SVSMIO_H
0000012c   PMMIFG
0000012c   PMMIFG_L
0000012d   PMMIFG_H
0000012e   PMMRIE
0000012e   PMMRIE_L
0000012f   PMMRIE_H
00000140   FCTL1
00000140   FCTL1_L
00000141   FCTL1_H
00000144   FCTL3
00000144   FCTL3_L
00000145   FCTL3_H
00000146   FCTL4
00000146   FCTL4_L
00000147   FCTL4_H
00000150   CRCDI
00000150   CRCDI_L
00000151   CRCDI_H
00000152   CRCDIRB
00000152   CRCDIRB_L
00000153   CRCDIRB_H
00000154   CRCINIRES
00000154   CRCINIRES_L
00000155   CRCINIRES_H
00000156   CRCRESR
00000156   CRCRESR_L
00000157   CRCRESR_H
00000158   RCCTL0
00000158   RCCTL0_L
00000159   RCCTL0_H
0000015c   WDTCTL
0000015c   WDTCTL_L
0000015d   WDTCTL_H
00000160   UCSCTL0
00000160   UCSCTL0_L
00000161   UCSCTL0_H
00000162   UCSCTL1
00000162   UCSCTL1_L
00000163   UCSCTL1_H
00000164   UCSCTL2
00000164   UCSCTL2_L
00000165   UCSCTL2_H
00000166   UCSCTL3
00000166   UCSCTL3_L
00000167   UCSCTL3_H
00000168   UCSCTL4
00000168   UCSCTL4_L
00000169   UCSCTL4_H
0000016a   UCSCTL5
0000016a   UCSCTL5_L
0000016b   UCSCTL5_H
0000016c   UCSCTL6
0000016c   UCSCTL6_L
0000016d   UCSCTL6_H
0000016e   UCSCTL7
0000016e   UCSCTL7_L
0000016f   UCSCTL7_H
00000170   UCSCTL8
00000170   UCSCTL8_L
00000171   UCSCTL8_H
00000180   SYSCTL
00000180   SYSCTL_L
00000181   SYSCTL_H
00000182   SYSBSLC
00000182   SYSBSLC_L
00000183   SYSBSLC_H
00000186   SYSJMBC
00000186   SYSJMBC_L
00000187   SYSJMBC_H
00000188   SYSJMBI0
00000188   SYSJMBI0_L
00000189   SYSJMBI0_H
0000018a   SYSJMBI1
0000018a   SYSJMBI1_L
0000018b   SYSJMBI1_H
0000018c   SYSJMBO0
0000018c   SYSJMBO0_L
0000018d   SYSJMBO0_H
0000018e   SYSJMBO1
0000018e   SYSJMBO1_L
0000018f   SYSJMBO1_H
00000198   SYSBERRIV
00000198   SYSBERRIV_L
00000199   SYSBERRIV_H
0000019a   SYSUNIV
0000019a   SYSUNIV_L
0000019b   SYSUNIV_H
0000019c   SYSSNIV
0000019c   SYSSNIV_L
0000019d   SYSSNIV_H
0000019e   SYSRSTIV
0000019e   SYSRSTIV_L
0000019f   SYSRSTIV_H
000001b0   REFCTL0
000001b0   REFCTL0_L
000001b1   REFCTL0_H
000001c0   PMAPKEYID
000001c0   PMAPKEYID_L
000001c1   PMAPKEYID_H
000001c2   PMAPCTL
000001c2   PMAPCTL_L
000001c3   PMAPCTL_H
000001c8   P1MAP01
000001c8   P1MAP01_L
000001c9   P1MAP01_H
000001ca   P1MAP23
000001ca   P1MAP23_L
000001cb   P1MAP23_H
000001cc   P1MAP45
000001cc   P1MAP45_L
000001cd   P1MAP45_H
000001ce   P1MAP67
000001ce   P1MAP67_L
000001cf   P1MAP67_H
000001d0   P2MAP01
000001d0   P2MAP01_L
000001d1   P2MAP01_H
000001d2   P2MAP23
000001d2   P2MAP23_L
000001d3   P2MAP23_H
000001d4   P2MAP45
000001d4   P2MAP45_L
000001d5   P2MAP45_H
000001d6   P2MAP67
000001d6   P2MAP67_L
000001d7   P2MAP67_H
000001d8   P3MAP01
000001d8   P3MAP01_L
000001d9   P3MAP01_H
000001da   P3MAP23
000001da   P3MAP23_L
000001db   P3MAP23_H
000001dc   P3MAP45
000001dc   P3MAP45_L
000001dd   P3MAP45_H
000001de   P3MAP67
000001de   P3MAP67_L
000001df   P3MAP67_H
00000200   PAIN
00000200   PAIN_L
00000201   PAIN_H
00000202   PAOUT
00000202   PAOUT_L
00000203   PAOUT_H
00000204   PADIR
00000204   PADIR_L
00000205   PADIR_H
00000206   PAREN
00000206   PAREN_L
00000207   PAREN_H
00000208   PADS
00000208   PADS_L
00000209   PADS_H
0000020a   PASEL
0000020a   PASEL_L
0000020b   PASEL_H
0000020e   P1IV
00000218   PAIES
00000218   PAIES_L
00000219   PAIES_H
0000021a   PAIE
0000021a   PAIE_L
0000021b   PAIE_H
0000021c   PAIFG
0000021c   PAIFG_L
0000021d   PAIFG_H
0000021e   P2IV
00000220   PBIN
00000220   PBIN_L
00000221   PBIN_H
00000222   PBOUT
00000222   PBOUT_L
00000223   PBOUT_H
00000224   PBDIR
00000224   PBDIR_L
00000225   PBDIR_H
00000226   PBREN
00000226   PBREN_L
00000227   PBREN_H
00000228   PBDS
00000228   PBDS_L
00000229   PBDS_H
0000022a   PBSEL
0000022a   PBSEL_L
0000022b   PBSEL_H
00000240   PCIN
00000240   PCIN_L
00000241   PCIN_H
00000242   PCOUT
00000242   PCOUT_L
00000243   PCOUT_H
00000244   PCDIR
00000244   PCDIR_L
00000245   PCDIR_H
00000246   PCREN
00000246   PCREN_L
00000247   PCREN_H
00000248   PCDS
00000248   PCDS_L
00000249   PCDS_H
0000024a   PCSEL
0000024a   PCSEL_L
0000024b   PCSEL_H
00000320   PJIN
00000320   PJIN_L
00000321   PJIN_H
00000322   PJOUT
00000322   PJOUT_L
00000323   PJOUT_H
00000324   PJDIR
00000324   PJDIR_L
00000325   PJDIR_H
00000326   PJREN
00000326   PJREN_L
00000327   PJREN_H
00000328   PJDS
00000328   PJDS_L
00000329   PJDS_H
00000340   TA0CTL
00000342   TA0CCTL0
00000344   TA0CCTL1
00000346   TA0CCTL2
00000348   TA0CCTL3
0000034a   TA0CCTL4
00000350   TA0R
00000352   TA0CCR0
00000354   TA0CCR1
00000356   TA0CCR2
00000358   TA0CCR3
0000035a   TA0CCR4
00000360   TA0EX0
0000036e   TA0IV
00000380   TA1CTL
00000382   TA1CCTL0
00000384   TA1CCTL1
00000386   TA1CCTL2
00000390   TA1R
00000392   TA1CCR0
00000394   TA1CCR1
00000396   TA1CCR2
000003a0   TA1EX0
000003ae   TA1IV
000004a0   RTCCTL01
000004a0   RTCCTL01_L
000004a1   RTCCTL01_H
000004a2   RTCCTL23
000004a2   RTCCTL23_L
000004a3   RTCCTL23_H
000004a8   RTCPS0CTL
000004a8   RTCPS0CTL_L
000004a9   RTCPS0CTL_H
000004aa   RTCPS1CTL
000004aa   RTCPS1CTL_L
000004ab   RTCPS1CTL_H
000004ac   RTCPS
000004ac   RTCPS_L
000004ad   RTCPS_H
000004ae   RTCIV
000004b0   RTCTIM0
000004b0   RTCTIM0_L
000004b1   RTCTIM0_H
000004b2   RTCTIM1
000004b2   RTCTIM1_L
000004b3   RTCTIM1_H
000004b4   RTCDATE
000004b4   RTCDATE_L
000004b5   RTCDATE_H
000004b6   RTCYEAR
000004b6   RTCYEAR_L
000004b7   RTCYEAR_H
000004b8   RTCAMINHR
000004b8   RTCAMINHR_L
000004b9   RTCAMINHR_H
000004ba   RTCADOWDAY
000004ba   RTCADOWDAY_L
000004bb   RTCADOWDAY_H
000004c0   MPY
000004c0   MPY_L
000004c1   MPY_H
000004c2   MPYS
000004c2   MPYS_L
000004c3   MPYS_H
000004c4   MAC
000004c4   MAC_L
000004c5   MAC_H
000004c6   MACS
000004c6   MACS_L
000004c7   MACS_H
000004c8   OP2
000004c8   OP2_L
000004c9   OP2_H
000004ca   RESLO
000004ca   RESLO_L
000004cb   RESLO_H
000004cc   RESHI
000004cc   RESHI_L
000004cd   RESHI_H
000004ce   SUMEXT
000004ce   SUMEXT_L
000004cf   SUMEXT_H
000004d0   MPY32L
000004d0   MPY32L_L
000004d1   MPY32L_H
000004d2   MPY32H
000004d2   MPY32H_L
000004d3   MPY32H_H
000004d4   MPYS32L
000004d4   MPYS32L_L
000004d5   MPYS32L_H
000004d6   MPYS32H
000004d6   MPYS32H_L
000004d7   MPYS32H_H
000004d8   MAC32L
000004d8   MAC32L_L
000004d9   MAC32L_H
000004da   MAC32H
000004da   MAC32H_L
000004db   MAC32H_H
000004dc   MACS32L
000004dc   MACS32L_L
000004dd   MACS32L_H
000004de   MACS32H
000004de   MACS32H_L
000004df   MACS32H_H
000004e0   OP2L
000004e0   OP2L_L
000004e1   OP2L_H
000004e2   OP2H
000004e2   OP2H_L
000004e3   OP2H_H
000004e4   RES0
000004e4   RES0_L
000004e5   RES0_H
000004e6   RES1
000004e6   RES1_L
000004e7   RES1_H
000004e8   RES2
000004e8   RES2_L
000004e9   RES2_H
000004ea   RES3
000004ea   RES3_L
000004eb   RES3_H
000004ec   MPY32CTL0
000004ec   MPY32CTL0_L
000004ed   MPY32CTL0_H
00000500   DMACTL0
00000500   DMACTL0_L
00000501   DMACTL0_H
00000502   DMACTL1
00000502   DMACTL1_L
00000503   DMACTL1_H
00000504   DMACTL2
00000504   DMACTL2_L
00000505   DMACTL2_H
00000506   DMACTL3
00000506   DMACTL3_L
00000507   DMACTL3_H
00000508   DMACTL4
00000508   DMACTL4_L
00000509   DMACTL4_H
0000050e   DMAIV
0000050e   DMAIV_L
0000050f   DMAIV_H
00000510   DMA0CTL
00000510   DMA0CTL_L
00000511   DMA0CTL_H
00000512   DMA0SA
00000512   DMA0SAL
00000516   DMA0DA
00000516   DMA0DAL
0000051a   DMA0SZ
00000520   DMA1CTL
00000520   DMA1CTL_L
00000521   DMA1CTL_H
00000522   DMA1SA
00000522   DMA1SAL
00000526   DMA1DA
00000526   DMA1DAL
0000052a   DMA1SZ
00000530   DMA2CTL
00000530   DMA2CTL_L
00000531   DMA2CTL_H
00000532   DMA2SA
00000532   DMA2SAL
00000536   DMA2DA
00000536   DMA2DAL
0000053a   DMA2SZ
000005c0   UCA0CTLW0
000005c0   UCA0CTLW0_L
000005c1   UCA0CTLW0_H
000005c6   UCA0BRW
000005c6   UCA0BRW_L
000005c7   UCA0BRW_H
000005c8   UCA0MCTL
000005ca   UCA0STAT
000005cc   UCA0RXBUF
000005ce   UCA0TXBUF
000005d0   UCA0ABCTL
000005d2   UCA0IRCTL
000005d2   UCA0IRCTL_L
000005d3   UCA0IRCTL_H
000005dc   UCA0ICTL
000005dc   UCA0ICTL_L
000005dd   UCA0ICTL_H
000005de   UCA0IV
000005e0   UCB0CTLW0
000005e0   UCB0CTLW0_L
000005e1   UCB0CTLW0_H
000005e6   UCB0BRW
000005e6   UCB0BRW_L
000005e7   UCB0BRW_H
000005ea   UCB0STAT
000005ec   UCB0RXBUF
000005ee   UCB0TXBUF
000005f0   UCB0I2COA
000005f0   UCB0I2COA_L
000005f1   UCB0I2COA_H
000005f2   UCB0I2CSA
000005f2   UCB0I2CSA_L
000005f3   UCB0I2CSA_H
000005fc   UCB0ICTL
000005fc   UCB0ICTL_L
000005fd   UCB0ICTL_H
000005fe   UCB0IV
00000700   ADC12CTL0
00000700   ADC12CTL0_L
00000701   ADC12CTL0_H
00000702   ADC12CTL1
00000702   ADC12CTL1_L
00000703   ADC12CTL1_H
00000704   ADC12CTL2
00000704   ADC12CTL2_L
00000705   ADC12CTL2_H
0000070a   ADC12IFG
0000070a   ADC12IFG_L
0000070b   ADC12IFG_H
0000070c   ADC12IE
0000070c   ADC12IE_L
0000070d   ADC12IE_H
0000070e   ADC12IV
0000070e   ADC12IV_L
0000070f   ADC12IV_H
00000710   ADC12MCTL0
00000711   ADC12MCTL1
00000712   ADC12MCTL2
00000713   ADC12MCTL3
00000714   ADC12MCTL4
00000715   ADC12MCTL5
00000716   ADC12MCTL6
00000717   ADC12MCTL7
00000718   ADC12MCTL8
00000719   ADC12MCTL9
0000071a   ADC12MCTL10
0000071b   ADC12MCTL11
0000071c   ADC12MCTL12
0000071d   ADC12MCTL13
0000071e   ADC12MCTL14
0000071f   ADC12MCTL15
00000720   ADC12MEM0
00000720   ADC12MEM0_L
00000721   ADC12MEM0_H
00000722   ADC12MEM1
00000722   ADC12MEM1_L
00000723   ADC12MEM1_H
00000724   ADC12MEM2
00000724   ADC12MEM2_L
00000725   ADC12MEM2_H
00000726   ADC12MEM3
00000726   ADC12MEM3_L
00000727   ADC12MEM3_H
00000728   ADC12MEM4
00000728   ADC12MEM4_L
00000729   ADC12MEM4_H
0000072a   ADC12MEM5
0000072a   ADC12MEM5_L
0000072b   ADC12MEM5_H
0000072c   ADC12MEM6
0000072c   ADC12MEM6_L
0000072d   ADC12MEM6_H
0000072e   ADC12MEM7
0000072e   ADC12MEM7_L
0000072f   ADC12MEM7_H
00000730   ADC12MEM8
00000730   ADC12MEM8_L
00000731   ADC12MEM8_H
00000732   ADC12MEM9
00000732   ADC12MEM9_L
00000733   ADC12MEM9_H
00000734   ADC12MEM10
00000734   ADC12MEM10_L
00000735   ADC12MEM10_H
00000736   ADC12MEM11
00000736   ADC12MEM11_L
00000737   ADC12MEM11_H
00000738   ADC12MEM12
00000738   ADC12MEM12_L
00000739   ADC12MEM12_H
0000073a   ADC12MEM13
0000073a   ADC12MEM13_L
0000073b   ADC12MEM13_H
0000073c   ADC12MEM14
0000073c   ADC12MEM14_L
0000073d   ADC12MEM14_H
0000073e   ADC12MEM15
0000073e   ADC12MEM15_L
0000073f   ADC12MEM15_H
000008c0   CBCTL0
000008c0   CBCTL0_L
000008c1   CBCTL0_H
000008c2   CBCTL1
000008c2   CBCTL1_L
000008c3   CBCTL1_H
000008c4   CBCTL2
000008c4   CBCTL2_L
000008c5   CBCTL2_H
000008c6   CBCTL3
000008c6   CBCTL3_L
000008c7   CBCTL3_H
000008cc   CBINT
000008cc   CBINT_L
000008cd   CBINT_H
000008ce   CBIV
000009c0   AESACTL0
000009c0   AESACTL0_L
000009c1   AESACTL0_H
000009c4   AESASTAT
000009c4   AESASTAT_L
000009c5   AESASTAT_H
000009c6   AESAKEY
000009c6   AESAKEY_L
000009c7   AESAKEY_H
000009c8   AESADIN
000009c8   AESADIN_L
000009c9   AESADIN_H
000009ca   AESADOUT
000009ca   AESADOUT_L
000009cb   AESADOUT_H
00000a00   LCDBCTL0
00000a00   LCDBCTL0_L
00000a01   LCDBCTL0_H
00000a02   LCDBCTL1
00000a02   LCDBCTL1_L
00000a03   LCDBCTL1_H
00000a04   LCDBBLKCTL
00000a04   LCDBBLKCTL_L
00000a05   LCDBBLKCTL_H
00000a06   LCDBMEMCTL
00000a06   LCDBMEMCTL_L
00000a07   LCDBMEMCTL_H
00000a08   LCDBVCTL
00000a08   LCDBVCTL_L
00000a09   LCDBVCTL_H
00000a0a   LCDBPCTL0
00000a0a   LCDBPCTL0_L
00000a0b   LCDBPCTL0_H
00000a0c   LCDBPCTL1
00000a0c   LCDBPCTL1_L
00000a0d   LCDBPCTL1_H
00000a0e   LCDBPCTL2
00000a0e   LCDBPCTL2_L
00000a0f   LCDBPCTL2_H
00000a10   LCDBPCTL3
00000a10   LCDBPCTL3_L
00000a11   LCDBPCTL3_H
00000a12   LCDBCPCTL
00000a12   LCDBCPCTL_L
00000a13   LCDBCPCTL_H
00000a1e   LCDBIV
00000a20   LCDM1
00000a21   LCDM2
00000a22   LCDM3
00000a23   LCDM4
00000a24   LCDM5
00000a25   LCDM6
00000a26   LCDM7
00000a27   LCDM8
00000a28   LCDM9
00000a29   LCDM10
00000a2a   LCDM11
00000a2b   LCDM12
00000a2c   LCDM13
00000a2d   LCDM14
00000a2e   LCDM15
00000a2f   LCDM16
00000a30   LCDM17
00000a31   LCDM18
00000a32   LCDM19
00000a33   LCDM20
00000a34   LCDM21
00000a35   LCDM22
00000a36   LCDM23
00000a37   LCDM24
00000a40   LCDBM1
00000a41   LCDBM2
00000a42   LCDBM3
00000a43   LCDBM4
00000a44   LCDBM5
00000a45   LCDBM6
00000a46   LCDBM7
00000a47   LCDBM8
00000a48   LCDBM9
00000a49   LCDBM10
00000a4a   LCDBM11
00000a4b   LCDBM12
00000a4c   LCDBM13
00000a4d   LCDBM14
00000a4e   LCDBM15
00000a4f   LCDBM16
00000a50   LCDBM17
00000a51   LCDBM18
00000a52   LCDBM19
00000a53   LCDBM20
00000a54   LCDBM21
00000a55   LCDBM22
00000a56   LCDBM23
00000a57   LCDBM24
00000f00   RF1AIFCTL0
00000f00   RF1AIFCTL0_L
00000f01   RF1AIFCTL0_H
00000f02   RF1AIFCTL1
00000f02   RF1AIFCTL1_L
00000f03   RF1AIFCTL1_H
00000f04   RF1AIFCTL2
00000f04   RF1AIFCTL2_L
00000f05   RF1AIFCTL2_H
00000f06   RF1AIFERR
00000f06   RF1AIFERR_L
00000f07   RF1AIFERR_H
00000f0c   RF1AIFERRV
00000f0c   RF1AIFERRV_L
00000f0d   RF1AIFERRV_H
00000f0e   RF1AIFIV
00000f0e   RF1AIFIV_L
00000f0f   RF1AIFIV_H
00000f10   RF1AINSTRW
00000f10   RF1AINSTRW_L
00000f11   RF1AINSTRW_H
00000f12   RF1AINSTR1W
00000f12   RF1AINSTR1W_L
00000f13   RF1AINSTR1W_H
00000f14   RF1AINSTR2W
00000f14   RF1AINSTR2W_L
00000f15   RF1AINSTR2W_H
00000f16   RF1ADINW
00000f16   RF1ADINW_L
00000f17   RF1ADINW_H
00000f20   RF1ASTAT0W
00000f20   RF1ASTAT0W_L
00000f21   RF1ASTAT0W_H
00000f22   RF1ASTAT1W
00000f22   RF1ASTAT1W_L
00000f23   RF1ASTAT1W_H
00000f24   RF1ASTAT2W
00000f24   RF1ASTAT2W_L
00000f25   RF1ASTAT2W_H
00000f28   RF1ADOUT0W
00000f28   RF1ADOUT0W_L
00000f29   RF1ADOUT0W_H
00000f2a   RF1ADOUT1W
00000f2a   RF1ADOUT1W_L
00000f2b   RF1ADOUT1W_H
00000f2c   RF1ADOUT2W
00000f2c   RF1ADOUT2W_L
00000f2d   RF1ADOUT2W_H
00000f30   RF1AIN
00000f30   RF1AIN_L
00000f31   RF1AIN_H
00000f32   RF1AIFG
00000f32   RF1AIFG_L
00000f33   RF1AIFG_H
00000f34   RF1AIES
00000f34   RF1AIES_L
00000f35   RF1AIES_H
00000f36   RF1AIE
00000f36   RF1AIE_L
00000f37   RF1AIE_H
00000f38   RF1AIV
00000f38   RF1AIV_L
00000f39   RF1AIV_H
00000f3c   RF1ARXFIFO
00000f3c   RF1ARXFIFO_L
00000f3d   RF1ARXFIFO_H
00000f3e   RF1ATXFIFO
00000f3e   RF1ATXFIFO_L
00000f3f   RF1ATXFIFO_H
00001c00   .bss
00001c00   __bss__
00001c8c   sRFsmpl
00001c92   simpliciti_flag
00001c94   simpliciti_data
00001cb4   simpliciti_ed_address
00001cb8   simpliciti_payload_length
00001cb9   simpliciti_reply_count
00001cba   burst_mode
00001cbc   burst_start
00001cbe   burst_end
00001cc0   burst_packet
00001cd2   burst_packet_index
00001cd4   p
00001d18   ps_ok
00001d56   method
00001d74   BRRX__TXCB_t
00001d90   sBlueRobin
00001daa   bmp_cal_param
00001dc0   bmp_param_b5
00001dc4   sys
00001dc6   bmp_used
00001dc8   request
00001dca   fptr_lcd_function_line1
00001dce   rf_frequoffset
00001dd0   message
00001dd2   fptr_lcd_function_line2
00001dd6   sAlt
00001de4   sTime
00001df2   sStopwatch
00001e06   BRRX__PowerdownDelay_u8
00001e07   BRRX__SignalLevelReduction
00001e08   BRRX__MaxSearchTries_u8
00001e09   BRRX__SearchRatio_u8
00001e0a   BRRX__TestMode_u8
00001e0c   BRRX__PacketBits_t
00001e2a   sAccel
00001e3d   sInit_done
00001e48   BRRX__NextEventTime_u16
00001e4a   BRRX__NextEndTime_u16
00001e4c   BRRX__NextFrequency_u8
00001e4d   BRRX__NextFrequencyOffset_s8
00001e4e   BRRX__TimerState_t
00001e50   sBatt
00001e58   _lock
00001e5c   _unlock
00001e60   _cleanup_ptr
00001e64   _dtors_ptr
00001e6c   brrx_packet_end_cap_value
00001e6e   sDate
00001e74   sTemp
00001e7a   BRRX__StatusFlags_t
00001e7c   BRRX__CurrentPacketTime_u16
00001e7e   BRRX__CurrentSignalLevel_u8
00001e7f   as_ok
00001e84   sAlarm
00001e88   ptrMenu_L2
00001e8a   ptrMenu_L1
00001e8f   rfBSL_button_confirmation
00001e90   __end__
00001e90   end
00002bac   _stack
00002bfc   __STACK_END
00008000   .text
00008000   __text__
00008000   conv_pa_to_meter
00008298   test_mode
000084ea   set_value
0000870c   mx_time
00008900   mx_caldist
00008ae4   mx_date
00008cc2   update_pressure_table
00008e98   MRFI_Init
00009030   bmp_ps_get_pa
000091c2   display_time
0000932c   nwk_link
0000947e   display_acceleration
000095c8   simpliciti_sync_decode_ap_cmd_callback
00009712   display_update
00009858   __fs_sub
0000985e   __fs_add
00009988   display_stopwatch
00009aae   SMPL_Ioctl
00009bcc   wakeup_event
00009ce2   mx_temperature
00009de2   sx_bluerobin
00009ee2   mx_alarm
00009fda   nwk_join
0000a0d2   display_altitude
0000a1c2   SMPL_SendOpt
0000a2b0   nwk_QfindOldest
0000a39e   display_temperature
0000a48a   mx_altitude
0000a576   simpliciti_sync_get_data_callback
0000a65a   start_simpliciti_tx_only
0000a73e   init_application
0000a81e   display_speed
0000a8fc   display_distance
0000a9d8   display_alarm
0000aaac   nwk_allocateLocalRxPort
0000ab80   do_altitude_measurement
0000ac4c   display_date
0000ad16   MRFI_Transmit
0000addc   read_calibration_values
0000aea0   __fs_mpy
0000af56   simpliciti_link
0000b00c   simpliciti_main_sync
0000b0c2   start_simpliciti_sync
0000b16c   nwk_retrieveFrame
0000b20e   simpliciti_get_ed_data_callback
0000b2b0   nwk_radioControl
0000b34c   ps_i2c_sda
0000b3e4   temperature_measurement
0000b47a   nwk_nwkInit
0000b50e   get_bluerobin_data
0000b59e   mrfiRadioInterfaceCmdStrobe
0000b62e   nwk_buildFrame
0000b6be   bmp_ps_get_cal_param
0000b74c   __fs_div
0000b7da   get_numberOfDays
0000b85c   bmp_ps_get_temp
0000b8dc   nwk_QfindSlot
0000b952   battery_measurement
0000b9c6   ps_read_register
0000ba38   BRRX_RadioInit_v
0000baa8   init_global_variables
0000bb80   convert_acceleration_value_to_mgrav
0000bbe8   display_heartrate
0000bc4e   as_read_register
0000bcb2   as_write_register
0000bd16   bmp_as_start
0000bd7a   cma_ps_get_pa
0000bddc   display_battery_V
0000be3a   BRRX_Start_v
0000be92   BRRX__StartNewSearch_v
0000beea   cma_ps_init
0000bf42   ps_write_register
0000bf9a   __divul
0000bf9a   __remul
0000bff2   BRRX_RadioCalibrate_v
0000c048   display_calories
0000c09c   sx_rfbsl
0000c0f0   nwk_rawSend
0000c142   ps_i2c_read
0000c194   bmp_as_get_data
0000c1e0   cma_ps_get_temp
0000c22c   __fs_toul
0000c278   start_altitude_measurement
0000c2c4   cma_as_start
0000c30e   __fs_cmp
0000c358   _auto_init
0000c3a0   process_requests
0000c3e8   stop_bluerobin
0000c430   mrfiRadioInterfaceReadReg
0000c476   __fs_tou
0000c4bc   simpliciti_main_tx_only
0000c502   SMPL_Receive
0000c546   ps_i2c_write
0000c588   reset_altitude_measurement
0000c5c8   __divli
0000c5c8   __remli
0000c608   BRRX_SetID_v
0000c646   L_ASR_15
0000c64a   L_ASR_14
0000c64e   L_ASR_13
0000c652   L_ASR_12
0000c656   L_ASR_11
0000c65a   L_ASR_10
0000c65e   L_ASR_9
0000c662   L_ASR_8
0000c666   L_ASR_7
0000c66a   L_ASR_6
0000c66e   L_ASR_5
0000c672   L_ASR_4
0000c676   L_ASR_3
0000c67a   L_ASR_2
0000c67e   L_ASR_1
0000c684   L_LSL_15
0000c688   L_LSL_14
0000c68c   L_LSL_13
0000c690   L_LSL_12
0000c694   L_LSL_11
0000c698   L_LSL_10
0000c69c   L_LSL_9
0000c6a0   L_LSL_8
0000c6a4   L_LSL_7
0000c6a8   L_LSL_6
0000c6ac   L_LSL_5
0000c6b0   L_LSL_4
0000c6b4   L_LSL_3
0000c6b8   L_LSL_2
0000c6bc   L_LSL_1
0000c6c2   L_LSR_15
0000c6c6   L_LSR_14
0000c6ca   L_LSR_13
0000c6ce   L_LSR_12
0000c6d2   L_LSR_11
0000c6d6   L_LSR_10
0000c6da   L_LSR_9
0000c6de   L_LSR_8
0000c6e2   L_LSR_7
0000c6e6   L_LSR_6
0000c6ea   L_LSR_5
0000c6ee   L_LSR_4
0000c6f2   L_LSR_3
0000c6f6   L_LSR_2
0000c6fa   L_LSR_1
0000c700   nwk_getNextConnection
0000c73e   MRFI_ReplyDelay
0000c77a   as_start
0000c7b6   update_stopwatch_timer
0000c7f2   BRRX_Init_v
0000c862   main
0000c898   nwk_putNumObjectIntoMsg
0000c8ce   __fs_itof
0000c904   BSP_Delay
0000c938   SMPL_Init
0000c96c   mrfiRadioInterfaceWriteReg
0000c9a0   mrfiRadioInterfaceWriteTxFifo
0000c9d4   MRFI_SetLogicalChannel
0000ca06   as_stop
0000ca06   bmp_as_stop
0000ca06   cma_as_stop
0000ca38   nwk_deviceAddress
0000ca6a   reset_bluerobin
0000ca9c   __fs_ultof
0000cace   sx_alarm
0000cb00   nwk_linkInit
0000cb30   nwk_rawReceive
0000cb60   nwk_sendFrame
0000cbbe   as_init
0000cbec   bmp_ps_init
0000cc46   nwk_QadjustOrder
0000cc72   __divi
0000cc72   __remi
0000cc9e   BRRX_GetID_u32
0000ccc8   MRFI_SetRxAddrFilter
0000cd1c   _c_int00
0000cd1c   _c_int00_noexit
0000cd46   cma_as_get_data
0000cd70   display_rfbsl
0000cdc2   nwk_getConnInfo
0000cdea   sx_ppt
0000ce12   sx_rf
0000ce3a   init_pressure_table
0000ce60   nwk_checkConnInfo
0000ce86   nwk_globalsInit
0000ceac   nwk_joinInit
0000ced2   sx_sync
0000cef8   BRRX_GetState_t
0000cf1c   MRFI_Sleep
0000cf64   ps_init
0000cf88   __fs_utof
0000cfac   MRFI_WakeUp
0000cfce   memcmp
0000cff0   nwk_buildAckReqFrame
0000d012   __mpyl_f5hw
0000d034   start_stopwatch
0000d056   stop_altitude_measurement
0000d078   sx_acceleration
0000d09a   BRRX_GetDistance_u16
0000d0ba   BRRX_GetSpeed_u8
0000d0da   MRFI_Rssi
0000d0fa   MRFI_RxIdle
0000d11a   MRFI_RxOn
0000d13a   memmove
0000d15a   nwk_connectionControl
0000d17a   reset_clock
0000d19a   reset_stopwatch
0000d1ba   MRFI_EnableRxAddrFilter
0000d1f6   nwk_frameInit
0000d214   nwk_setMyAddress
0000d232   convert_ft_to_m
0000d24e   convert_m_to_ft
0000d26a   nwk_QInit
0000d286   MRFI_SetRFPwr
0000d2a0   stop_stopwatch
0000d2ba   sx_caldist
0000d2d4   MRFI_DelayMs
0000d2ec   convert_C_to_F
0000d304   convert_hour_to_12H_format
0000d31c   display_all_on
0000d334   do_acceleration_measurement
0000d34c   reset_alarm
0000d364   MRFI_RandomByte
0000d390   display_selection_Timeformat1
0000d3a6   display_selection_User_Gender
0000d3bc   __divu
0000d3bc   __remu
0000d3d2   __mpyi_f5hw
0000d3e8   sx_stopwatch
0000d3fe   display_all_off
0000d412   display_ppt
0000d426   display_rf
0000d43a   display_sync
0000d462   memset
0000d476   reset_date
0000d48a   convert_F_to_C
0000d49c   is_acceleration_measurement
0000d4ae   memcpy
0000d4c0   nwk_getJoinToken
0000d4d2   nwk_getLinkToken
0000d4e4   nwk_getMyAddress
0000d4f6   nwk_setJoinToken
0000d508   nwk_setLinkToken
0000d51a   reset_batt_measurement
0000d52c   BRRX__StartTimer_v
0000d53c   BSP_InitBoard
0000d54c   L_LSL
0000d55c   L_LSR
0000d56c   sx_date
0000d57c   sx_time
0000d58c   acceleration_value_is_positive
0000d59a   bmp_ps_write_register
0000d5a8   cma_as_read_register
0000d5b6   cma_as_write_register
0000d5c4   display_caldist
0000d5d2   mx_stopwatch
0000d5e0   reset_acceleration
0000d5ee   BRRX__GetCurrentTime_u16
0000d5fa   bmp_as_read_register
0000d606   bmp_ps_read_register
0000d612   cma_ps_read_register
0000d61e   cma_ps_start
0000d62a   cma_ps_write_register
0000d636   is_bluerobin
0000d642   is_rf
0000d64e   nwk_setAPAddress
0000d65a   update_acceleration
0000d666   update_alarm
0000d672   update_battery_voltage
0000d67e   update_stopwatch
0000d68a   update_temperature
0000d696   BRRX__IsTimerRunning_v
0000d6a0   cma_ps_stop
0000d6aa   nwk_mgmtInit
0000d6b4   nwk_pingInit
0000d6be   reset_rf
0000d6c8   reset_temp_measurement
0000d6d2   idle_loop
0000d6d2   to_lpm
0000d6dc   update_date
0000d6e6   update_time
0000d6f0   BRRX_SetSignalLevelReduction_v
0000d6f8   bmp_ps_start
0000d700   BRRX_GetHeartRate_u8
0000d706   BRRX_SetPowerdownDelay_v
0000d70c   BRRX_SetSearchTimeout_v
0000d712   BRRX_Stop_v
0000d718   BRRX__CallTimer_v
0000d71e   BRRX__InitTimer_v
0000d724   MRFI_GetRadioState
0000d72a   mx_bluerobin
0000d730   nwk_freeConnection
0000d736   nwk_getBCastAddress
0000d73c   nwk_getFWVersion
0000d742   nwk_getMyRxType
0000d748   SMPL_Link
0000d74c   _system_pre_init
0000d750   C$$EXIT
0000d750   abort
0000d754   bmp_as_write_register
0000d758   nwk_NVObj
0000d75c   nwk_getProtocolVersion
0000d760   ps_i2c_delay
0000d764   _nop
0000d766   dummy
0000d768   nwk_freqInit
0000d76a   nwk_securityInit
0000d76c   sx_altitude
0000d76e   __etext__
0000d76e   etext
0000d76e   menu_L2_Stopwatch
0000d780   menu_L1_Time
0000d792   menu_L1_Alarm
0000d7a4   menu_L1_Temperature
0000d7b6   menu_L1_Altitude
0000d7c8   menu_L1_Heartrate
0000d7da   menu_L1_Speed
0000d7ec   menu_L1_Acceleration
0000d7fe   menu_L2_Date
0000d810   menu_L2_Battery
0000d822   menu_L2_Rf
0000d834   menu_L2_Ppt
0000d846   menu_L2_Sync
0000d858   menu_L2_CalDist
0000d86a   menu_L2_RFBSL
0000d8fa   mrfiRadioCfg
0000d962   h0
0000d984   p0
0000d9a6   bmp_mgrav_per_bit
0000d9b4   cma_mgrav_per_bit
0000d9cc   selection_Timeformat
0000d9d4   selection_User_Gender
0000d9dc   BRRX__First_TXCB_t
0000d9de   BRRX__Last_TXCB_t
0000d9e0   mrfiBroadcastAddr
0000d9ec   __cinit__
0000d9ec   cinit
0000fffe   _reset_vector
ffffffff   __binit__
ffffffff   __c_args__
ffffffff   __pinit__
ffffffff   binit
ffffffff   pinit
UNDEFED    ReadSingleReg
UNDEFED    SetVCore
UNDEFED    Strobe
UNDEFED    Timer0_A4_Delay
UNDEFED    Timer0_Init
UNDEFED    Timer0_Start
UNDEFED    Timer0_Stop
UNDEFED    WriteBurstReg
UNDEFED    WritePATable
UNDEFED    WriteSingleReg
UNDEFED    adc12_single_conversion
UNDEFED    button
UNDEFED    button_repeat_off
UNDEFED    button_repeat_on
UNDEFED    clear_blink_mem
UNDEFED    clear_display
UNDEFED    clear_display_all
UNDEFED    clear_line
UNDEFED    close_radio
UNDEFED    display
UNDEFED    display_am_pm_symbol
UNDEFED    display_char
UNDEFED    display_chars
UNDEFED    display_hours
UNDEFED    display_symbol
UNDEFED    display_value
UNDEFED    init_buttons
UNDEFED    int_to_array
UNDEFED    lcd_init
UNDEFED    open_radio
UNDEFED    radio_powerdown
UNDEFED    radio_reset
UNDEFED    reset_buzzer
UNDEFED    sButton
UNDEFED    set_blink_rate
UNDEFED    start_buzzer
UNDEFED    stop_buzzer
UNDEFED    switch_seg

[1156 symbols]
