******************************************************************************
                  MSP430 Linker PC v4.1.5                      
******************************************************************************
>> Linked Tue Sep 03 22:24:46 2013

OUTPUT FILE NAME:   <ez430_chronos_868MHz.out>
ENTRY POINT SYMBOL: "_c_int00"  address: 0000e538


MEMORY CONFIGURATION

         name            origin    length      used     unused   attr    fill
----------------------  --------  ---------  --------  --------  ----  --------
  SFR                   00000000   00000010  00000000  00000010  RWIX
  PERIPHERALS_8BIT      00000010   000000f0  00000000  000000f0  RWIX
  PERIPHERALS_16BIT     00000100   00000100  00000000  00000100  RWIX
  INFOD                 00001800   00000080  00000000  00000080  RWIX
  INFOC                 00001880   00000080  00000000  00000080  RWIX
  INFOB                 00001900   00000080  00000000  00000080  RWIX
  INFOA                 00001980   00000080  00000000  00000080  RWIX
  RAM                   00001c00   00000ffe  000003c9  00000c35  RWIX
  FLASH                 00008000   00007f80  00007b8f  000003f1  RWIX
  INT00                 0000ff80   00000002  00000000  00000002  RWIX
  INT01                 0000ff82   00000002  00000000  00000002  RWIX
  INT02                 0000ff84   00000002  00000000  00000002  RWIX
  INT03                 0000ff86   00000002  00000000  00000002  RWIX
  INT04                 0000ff88   00000002  00000000  00000002  RWIX
  INT05                 0000ff8a   00000002  00000000  00000002  RWIX
  INT06                 0000ff8c   00000002  00000000  00000002  RWIX
  INT07                 0000ff8e   00000002  00000000  00000002  RWIX
  INT08                 0000ff90   00000002  00000000  00000002  RWIX
  INT09                 0000ff92   00000002  00000000  00000002  RWIX
  INT10                 0000ff94   00000002  00000000  00000002  RWIX
  INT11                 0000ff96   00000002  00000000  00000002  RWIX
  INT12                 0000ff98   00000002  00000000  00000002  RWIX
  INT13                 0000ff9a   00000002  00000000  00000002  RWIX
  INT14                 0000ff9c   00000002  00000000  00000002  RWIX
  INT15                 0000ff9e   00000002  00000000  00000002  RWIX
  INT16                 0000ffa0   00000002  00000000  00000002  RWIX
  INT17                 0000ffa2   00000002  00000000  00000002  RWIX
  INT18                 0000ffa4   00000002  00000000  00000002  RWIX
  INT19                 0000ffa6   00000002  00000000  00000002  RWIX
  INT20                 0000ffa8   00000002  00000000  00000002  RWIX
  INT21                 0000ffaa   00000002  00000000  00000002  RWIX
  INT22                 0000ffac   00000002  00000000  00000002  RWIX
  INT23                 0000ffae   00000002  00000000  00000002  RWIX
  INT24                 0000ffb0   00000002  00000000  00000002  RWIX
  INT25                 0000ffb2   00000002  00000000  00000002  RWIX
  INT26                 0000ffb4   00000002  00000000  00000002  RWIX
  INT27                 0000ffb6   00000002  00000000  00000002  RWIX
  INT28                 0000ffb8   00000002  00000000  00000002  RWIX
  INT29                 0000ffba   00000002  00000000  00000002  RWIX
  INT30                 0000ffbc   00000002  00000000  00000002  RWIX
  INT31                 0000ffbe   00000002  00000000  00000002  RWIX
  INT32                 0000ffc0   00000002  00000000  00000002  RWIX
  INT33                 0000ffc2   00000002  00000000  00000002  RWIX
  INT34                 0000ffc4   00000002  00000000  00000002  RWIX
  INT35                 0000ffc6   00000002  00000000  00000002  RWIX
  INT36                 0000ffc8   00000002  00000000  00000002  RWIX
  INT37                 0000ffca   00000002  00000000  00000002  RWIX
  INT38                 0000ffcc   00000002  00000000  00000002  RWIX
  INT39                 0000ffce   00000002  00000000  00000002  RWIX
  INT40                 0000ffd0   00000002  00000000  00000002  RWIX
  INT41                 0000ffd2   00000002  00000000  00000002  RWIX
  INT42                 0000ffd4   00000002  00000000  00000002  RWIX
  INT43                 0000ffd6   00000002  00000000  00000002  RWIX
  INT44                 0000ffd8   00000002  00000000  00000002  RWIX
  INT45                 0000ffda   00000002  00000000  00000002  RWIX
  INT46                 0000ffdc   00000002  00000000  00000002  RWIX
  INT47                 0000ffde   00000002  00000000  00000002  RWIX
  INT48                 0000ffe0   00000002  00000002  00000000  RWIX
  INT49                 0000ffe2   00000002  00000000  00000002  RWIX
  INT50                 0000ffe4   00000002  00000000  00000002  RWIX
  INT51                 0000ffe6   00000002  00000000  00000002  RWIX
  INT52                 0000ffe8   00000002  00000000  00000002  RWIX
  INT53                 0000ffea   00000002  00000002  00000000  RWIX
  INT54                 0000ffec   00000002  00000002  00000000  RWIX
  INT55                 0000ffee   00000002  00000002  00000000  RWIX
  INT56                 0000fff0   00000002  00000002  00000000  RWIX
  INT57                 0000fff2   00000002  00000000  00000002  RWIX
  INT58                 0000fff4   00000002  00000000  00000002  RWIX
  INT59                 0000fff6   00000002  00000000  00000002  RWIX
  INT60                 0000fff8   00000002  00000000  00000002  RWIX
  INT61                 0000fffa   00000002  00000000  00000002  RWIX
  INT62                 0000fffc   00000002  00000000  00000002  RWIX
  RESET                 0000fffe   00000002  00000002  00000000  RWIX


SECTION ALLOCATION MAP

 output                                  attributes/
section   page    origin      length       input sections
--------  ----  ----------  ----------   ----------------
.pinit     0    00008000    00000000     UNINITIALIZED

.bss       0    00001c00    00000379     UNINITIALIZED
                  00001c00    0000008c     nwk_QMgmt.obj (.bss)
                  00001c8c    00000068     date.obj (.bss)
                  00001cf4    0000005e     display.obj (.bss)
                  00001d52    00000048     rfsimpliciti.obj (.bss)
                  00001d9a    00000045     ps.obj (.bss)
                  00001ddf    00000001     as.obj (.bss)
                  00001de0    0000003c     mrfi.obj (.bss)
                  00001e1c    0000001d     nwk.obj (.bss)
                  00001e39    00000001     main_ED_BM.obj (.bss)
                  00001e3a    0000001c     BlueRobin_RX_868MHz.lib : BRRX_Resource.obj (.bss)
                  00001e56    0000001a     bluerobin.obj (.bss)
                  00001e70    0000001a     bmp_ps.obj (.bss)
                  00001e8a    00000011     main.obj (.bss)
                  00001e9b    00000001     nwk_api.obj (.bss)
                  00001e9c    0000000e     altitude.obj (.bss)
                  00001eaa    0000000e     clock.obj (.bss)
                  00001eb8    0000000e     stopwatch.obj (.bss)
                  00001ec6    0000000c     BlueRobin_RX_868MHz.lib : BRRX_Scheduler.obj (.bss)
                  00001ed2    0000000c     baro.obj (.bss)
                  00001ede    0000000a     BlueRobin_RX_868MHz.lib : BR_Common.obj (.bss)
                  00001ee8    0000000a     acceleration.obj (.bss)
                  00001ef2    0000000a     nwk_frame.obj (.bss)
                  00001efc    0000000a     nwk_link.obj (.bss)
                  00001f06    0000000a     ports.obj (.bss)
                  00001f10    00000009     nwk_globals.obj (.bss)
                  00001f19    00000001     nwk_ping.obj (.bss)
                  00001f1a    00000009     nwk_join.obj (.bss)
                  00001f23    00000001     rfbsl.obj (.bss)
                  00001f24    00000008     BlueRobin_RX_868MHz.lib : BRRX_Timer.obj (.bss)
                  00001f2c    00000008     battery.obj (.bss)
                  00001f34    00000008     buzzer.obj (.bss)
                  00001f3c    00000008     rts430x.lib : _lock.obj (.bss)
                  00001f44    00000008                 : boot.obj (.bss)
                  00001f4c    00000007     timer.obj (.bss)
                  00001f53    00000001     --HOLE--
                  00001f54    00000006     BlueRobin_RX_868MHz.lib : BRRX_Radio.obj (.bss)
                  00001f5a    00000006     temperature.obj (.bss)
                  00001f60    00000005     BlueRobin_RX_868MHz.lib : BRRX_Packet.obj (.bss)
                  00001f65    00000001     --HOLE--
                  00001f66    00000004                             : BRRX_API.obj (.bss)
                  00001f6a    00000004     alarm.obj (.bss)
                  00001f6e    00000004     menu.obj (.bss)
                  00001f72    00000003     adc12.obj (.bss)
                  00001f75    00000001     --HOLE--
                  00001f76    00000003     nwk_mgmt.obj (.bss)

.stack     0    00002bac    00000050     UNINITIALIZED
                  00002bac    00000002     rts430x.lib : boot.obj (.stack)
                  00002bae    0000004e     --HOLE--

.text      0    00008000    0000737e     
                  00008000    00000298     ps.obj (.text:conv_pa_to_meter)
                  00008298    00000284     BlueRobin_RX_868MHz.lib : BRRX_Scheduler.obj (.text:BRRX__Scheduler_v)
                  0000851c    0000027e     timer.obj (.text:_isr:TIMER0_A0_ISR)
                  0000879a    00000250     test.obj (.text:test_mode)
                  000089ea    0000021e     user.obj (.text:set_value)
                  00008c08    000001fe     ports.obj (.text:_isr:PORT2_ISR)
                  00008e06    000001f4     date.obj (.text:display_date)
                  00008ffa    000001f4     clock.obj (.text:mx_time)
                  000091ee    000001de     date.obj (.text:mx_date)
                  000093cc    000001d6     ps.obj (.text:update_pressure_table)
                  000095a2    00000198     mrfi.obj (.text:MRFI_Init)
                  0000973a    00000192     bmp_ps.obj (.text:bmp_ps_get_pa)
                  000098cc    00000160     clock.obj (.text:display_time)
                  00009a2c    0000014e     nwk_link.obj (.text:nwk_link)
                  00009b7a    0000014c     nwk_link.obj (.text:smpl_send_link_reply$38)
                  00009cc6    0000014a     acceleration.obj (.text:display_acceleration)
                  00009e10    00000146     main.obj (.text:display_update)
                  00009f56    0000013c     main.obj (.text:wakeup_event)
                  0000a092    00000130     rts430x.lib : fs_add.obj (.text)
                  0000a1c2    00000126     stopwatch.obj (.text:display_stopwatch)
                  0000a2e8    0000010c     BlueRobin_RX_868MHz.lib : BRRX_Scheduler.obj (.text:PacketMissed_v)
                  0000a3f4    00000108     rfsimpliciti.obj (.text:simpliciti_sync_decode_ap_cmd_callback)
                  0000a4fc    00000100     bluerobin.obj (.text:sx_bluerobin)
                  0000a5fc    000000f8     alarm.obj (.text:mx_alarm)
                  0000a6f4    000000f6     nwk_join.obj (.text:nwk_join)
                  0000a7ea    000000f4     mrfi.obj (.text:Mrfi_SyncPinRxIsr$29)
                  0000a8de    000000f0     stopwatch.obj (.text:stopwatch_tick)
                  0000a9ce    000000ec     altitude.obj (.text:display_altitude)
                  0000aaba    000000ec     altitude.obj (.text:mx_altitude)
                  0000aba6    000000e4     rfsimpliciti.obj (.text:simpliciti_sync_get_data_callback)
                  0000ac8a    000000e4     rfsimpliciti.obj (.text:start_simpliciti_tx_only)
                  0000ad6e    000000e0     nwk_QMgmt.obj (.text:nwk_QfindOldest)
                  0000ae4e    000000dc     main.obj (.text:init_application)
                  0000af2a    000000d4     display.obj (.text:display_chars)
                  0000affe    000000d2     nwk.obj (.text:nwk_allocateLocalRxPort)
                  0000b0d0    000000d0     temperature.obj (.text:mx_temperature)
                  0000b1a0    000000cc     temperature.obj (.text:display_temperature)
                  0000b26c    000000cc     altitude.obj (.text:do_altitude_measurement)
                  0000b338    000000c6     mrfi.obj (.text:MRFI_Transmit)
                  0000b3fe    000000c4     alarm.obj (.text:display_alarm)
                  0000b4c2    000000c4     display.obj (.text:int_to_array)
                  0000b586    000000c4     main.obj (.text:read_calibration_values)
                  0000b64a    000000b6     BlueRobin_RX_868MHz.lib : BRRX_Scheduler.obj (.text:SearchPacketHit_u8)
                  0000b700    000000b6     rts430x.lib : fs_mpy.obj (.text)
                  0000b7b6    000000b2     nwk_api.obj (.text:SMPL_Ioctl)
                  0000b868    000000ae     main_ED_BM.obj (.text:simpliciti_link)
                  0000b916    000000aa     rfsimpliciti.obj (.text:start_simpliciti_sync)
                  0000b9c0    000000a2     rfsimpliciti.obj (.text:simpliciti_get_ed_data_callback)
                  0000ba62    0000009c     nwk_frame.obj (.text:nwk_retrieveFrame)
                  0000bafe    0000009c     main_ED_BM.obj (.text:simpliciti_main_sync)
                  0000bb9a    00000098     rf1a.obj (.text:Strobe)
                  0000bc32    00000098     ps.obj (.text:ps_i2c_sda)
                  0000bcca    00000096     temperature.obj (.text:temperature_measurement)
                  0000bd60    00000090     bluerobin.obj (.text:get_bluerobin_data)
                  0000bdf0    0000008e     bmp_ps.obj (.text:bmp_ps_get_cal_param)
                  0000be7e    0000008e     rts430x.lib : fs_div.obj (.text)
                  0000bf0c    0000008c     nwk_frame.obj (.text:dispatchFrame$31)
                  0000bf98    0000008c     nwk.obj (.text:nwk_isConnectionValid)
                  0000c024    0000008a     nwk_frame.obj (.text:nwk_buildFrame)
                  0000c0ae    00000086     BlueRobin_RX_868MHz.lib : BRRX_Scheduler.obj (.text:GetData_v)
                  0000c134    00000086                             : BRRX_Scheduler.obj (.text:TrimACLK_Offset_v)
                  0000c1ba    00000084     timer.obj (.text:_isr:TIMER0_A1_5_ISR)
                  0000c23e    00000082     date.obj (.text:get_numberOfDays)
                  0000c2c0    00000082     nwk.obj (.text:nwk_nwkInit)
                  0000c342    00000080     bmp_ps.obj (.text:bmp_ps_get_temp)
                  0000c3c2    0000007e     BlueRobin_RX_868MHz.lib : BRRX_Radio.obj (.text:BRRX_RadioReceive_v)
                  0000c440    0000007e     baro.obj (.text:display_barometer)
                  0000c4be    0000007c     nwk_frame.obj (.text:nwk_sendAckReply)
                  0000c53a    00000076     nwk_QMgmt.obj (.text:nwk_QfindSlot)
                  0000c5b0    00000074     battery.obj (.text:battery_measurement)
                  0000c624    00000074     mrfi.obj (.text:mrfiRadioInterfaceCmdStrobe)
                  0000c698    00000072     display.obj (.text:display_char)
                  0000c70a    00000072     ps.obj (.text:ps_read_register)
                  0000c77c    00000070     BlueRobin_RX_868MHz.lib : BRRX_Radio.obj (.text:BRRX_RadioInit_v)
                  0000c7ec    0000006e     main.obj (.text:init_global_variables)
                  0000c85a    0000006a     BlueRobin_RX_868MHz.lib : BRRX_API.obj (.text:ResetTXCB_v)
                  0000c8c4    00000068     rf1a.obj (.text:WritePATable)
                  0000c92c    00000068     adc12.obj (.text:adc12_single_conversion)
                  0000c994    00000068     acceleration.obj (.text:convert_acceleration_value_to_mgrav)
                  0000c9fc    00000068     nwk_link.obj (.text:smpl_send_unlink_reply$38)
                  0000ca64    00000066     nwk_api.obj (.text:SMPL_SendOpt)
                  0000caca    00000064     as.obj (.text:as_read_register)
                  0000cb2e    00000064     as.obj (.text:as_write_register)
                  0000cb92    00000064     bmp_as.obj (.text:bmp_as_start)
                  0000cbf6    00000062     mrfi.obj (.text:MRFI_RadioIsr)
                  0000cc58    00000062     cma_ps.obj (.text:cma_ps_get_pa)
                  0000ccba    00000060     baro.obj (.text:do_barometer_measurement)
                  0000cd1a    0000005e     BlueRobin_RX_868MHz.lib : BRRX_Radio.obj (.text:BRRX_PacketEndTimerTask_v)
                  0000cd78    0000005e     battery.obj (.text:display_battery_V)
                  0000cdd6    0000005e     display.obj (.text:write_lcd_mem)
                  0000ce34    0000005c     BlueRobin_RX_868MHz.lib : BRRX_Scheduler.obj (.text:PrepareForFirstPacket_v)
                  0000ce90    0000005c     timer.obj (.text:Timer0_A4_Delay)
                  0000ceec    0000005c     clock.obj (.text:clock_tick)
                  0000cf48    0000005a     display.obj (.text:clear_line)
                  0000cfa2    0000005a     nwk_ioctl.obj (.text:nwk_radioControl)
                  0000cffc    00000058     BlueRobin_RX_868MHz.lib : BRRX_API.obj (.text:BRRX_Start_v)
                  0000d054    00000058                             : BRRX_Scheduler.obj (.text:BRRX__StartNewSearch_v)
                  0000d0ac    00000058     cma_ps.obj (.text:cma_ps_init)
                  0000d104    00000058     ps.obj (.text:ps_write_register)
                  0000d15c    00000058     rts430x.lib : div32u.obj (.text)
                  0000d1b4    00000056     BlueRobin_RX_868MHz.lib : BRRX_Radio.obj (.text:BRRX_RadioCalibrate_v)
                  0000d20a    00000054     rfbsl.obj (.text:sx_rfbsl)
                  0000d25e    00000052     BlueRobin_RX_868MHz.lib : BRRX_Scheduler.obj (.text:TestStartTime_v)
                  0000d2b0    00000052     nwk_ioctl.obj (.text:nwk_rawSend)
                  0000d302    00000052     ps.obj (.text:ps_i2c_read)
                  0000d354    0000004e     BlueRobin_RX_868MHz.lib : BRRX_Scheduler.obj (.text:SearchPacketCheck_u8)
                  0000d3a2    0000004c     date.obj (.text:add_day)
                  0000d3ee    0000004c     bmp_as.obj (.text:bmp_as_get_data)
                  0000d43a    0000004c     ports.obj (.text:button_repeat_function)
                  0000d486    0000004c     cma_ps.obj (.text:cma_ps_get_temp)
                  0000d4d2    0000004c     rts430x.lib : fs_toul.obj (.text)
                  0000d51e    0000004c     altitude.obj (.text:start_altitude_measurement)
                  0000d56a    0000004a     cma_as.obj (.text:cma_as_start)
                  0000d5b4    0000004a     rts430x.lib : fs_cmp.obj (.text)
                  0000d5fe    0000004a     baro.obj (.text:start_barometer_measurement)
                  0000d648    0000004a     buzzer.obj (.text:toggle_buzzer)
                  0000d692    00000048     BlueRobin_RX_868MHz.lib : BR_Common.obj (.text:BR__CalcRandomTimeOffset_u16)
                  0000d6da    00000048     nwk_api.obj (.text:SMPL_Receive)
                  0000d722    00000048     rts430x.lib : autoinit.obj (.text:_auto_init)
                  0000d76a    00000048     bluerobin.obj (.text:display_heartrate)
                  0000d7b2    00000048     mrfi.obj (.text:mrfiRadioInterfaceReadReg)
                  0000d7fa    00000048     buzzer.obj (.text:start_buzzer)
                  0000d842    00000048     bluerobin.obj (.text:stop_bluerobin)
                  0000d88a    00000046     rf1a.obj (.text:ReadBurstReg)
                  0000d8d0    00000046     pmm.obj (.text:SetVCoreUp)
                  0000d916    00000046     rf1a.obj (.text:WriteBurstReg)
                  0000d95c    00000046     display.obj (.text:display_hours)
                  0000d9a2    00000046     rts430x.lib : fs_tou.obj (.text)
                  0000d9e8    00000044     main.obj (.text:process_requests)
                  0000da2c    00000044     nwk_ping.obj (.text:smpl_send_ping_reply$36)
                  0000da70    00000042     BlueRobin_RX_868MHz.lib : BRRX_Scheduler.obj (.text:PacketHit_u8)
                  0000dab2    00000042     ps.obj (.text:ps_i2c_write)
                  0000daf4    00000040     BlueRobin_RX_868MHz.lib : BRRX_API.obj (.text:BRRX__NewInfo_v)
                  0000db34    00000040     altitude.obj (.text:reset_altitude_measurement)
                  0000db74    00000040     rts430x.lib : div32s.obj (.text)
                  0000dbb4    00000040     main_ED_BM.obj (.text:simpliciti_main_tx_only)
                  0000dbf4    0000003e     BlueRobin_RX_868MHz.lib : BRRX_API.obj (.text:BRRX_SetID_v)
                  0000dc32    0000003e                             : BRRX_Packet.obj (.text:BRRX__DecodePacket_u8)
                  0000dc70    0000003e     mrfi.obj (.text:Mrfi_RxAddrIsFiltered$29)
                  0000dcae    0000003e     rts430x.lib : asr32.obj (.text:l_asr_const)
                  0000dcec    0000003e                 : lsl32.obj (.text:l_lsl_const)
                  0000dd2a    0000003e                 : lsr32.obj (.text:l_lsr_const)
                  0000dd68    0000003c     BlueRobin_RX_868MHz.lib : BRRX_Timer.obj (.text:BRRX_TimerTask_v)
                  0000dda4    0000003c     as.obj (.text:as_start)
                  0000dde0    0000003c     nwk.obj (.text:nwk_findPeer)
                  0000de1c    0000003c     nwk.obj (.text:nwk_getNextConnection)
                  0000de58    0000003c     nwk.obj (.text:nwk_isLinkDuplicate)
                  0000de94    0000003c     stopwatch.obj (.text:update_stopwatch_timer)
                  0000ded0    0000003a     rf1a.obj (.text:WriteSingleReg)
                  0000df0a    00000038     BlueRobin_RX_868MHz.lib : BRRX_API.obj (.text:BRRX_Init_v)
                  0000df42    00000038     mrfi.obj (.text:MRFI_ReplyDelay)
                  0000df7a    00000038     radio.obj (.text:_isr:radio_ISR)
                  0000dfb2    00000038     nwk.obj (.text:initializeConnection$34)
                  0000dfea    00000036     main.obj (.text:main)
                  0000e020    00000036     mrfi.obj (.text:mrfiRadioInterfaceWriteReg)
                  0000e056    00000036     mrfi.obj (.text:mrfiRadioInterfaceWriteTxFifo)
                  0000e08c    00000036     nwk_mgmt.obj (.text:nwk_processMgmt)
                  0000e0c2    00000036     rts430x.lib : fs_itof.obj (.text)
                  0000e0f8    00000034     BlueRobin_RX_868MHz.lib : BR_Common.obj (.text:BR__CalcCRC_u8)
                  0000e12c    00000034                             : BRRX_Scheduler.obj (.text:TrimRFCLK_Offset_v)
                  0000e160    00000032                             : BRRX_Radio.obj (.text:BRRX_RadioStop_v)
                  0000e192    00000032     as.obj (.text:as_stop)
                  0000e1c4    00000032     mrfi.obj (.text:mrfiRadioInterfaceReadRxFifo)
                  0000e1f6    00000032     radio.obj (.text:radio_reset)
                  0000e228    00000032     bluerobin.obj (.text:reset_bluerobin)
                  0000e25a    00000032     rts430x.lib : fs_ultof.obj (.text)
                  0000e28c    00000032     alarm.obj (.text:sx_alarm)
                  0000e2be    00000030     nwk.obj (.text:nwk_isValidReply)
                  0000e2ee    00000030     nwk_link.obj (.text:nwk_linkInit)
                  0000e31e    00000030     nwk_ioctl.obj (.text:nwk_rawReceive)
                  0000e34e    00000030     nwk_frame.obj (.text:nwk_sendFrame)
                  0000e37e    0000002e     mrfi.obj (.text:Mrfi_CalculateRssi$29)
                  0000e3ac    0000002e     as.obj (.text:as_init)
                  0000e3da    0000002e     bmp_ps.obj (.text:bmp_ps_init)
                  0000e408    0000002e     nwk_QMgmt.obj (.text:nwk_QadjustOrder)
                  0000e436    0000002c     mrfi.obj (.text:Mrfi_RxModeOff$29)
                  0000e462    0000002c     nwk_api.obj (.text:SMPL_Init)
                  0000e48e    0000002c     rts430x.lib : div16s.obj (.text)
                  0000e4ba    0000002a     BlueRobin_RX_868MHz.lib : BRRX_API.obj (.text:BRRX_GetID_u32)
                  0000e4e4    0000002a                             : BRRX_Scheduler.obj (.text:SearchPacketMissed_u8)
                  0000e50e    0000002a     timer.obj (.text:Timer0_A3_Start)
                  0000e538    0000002a     rts430x.lib : boot.obj (.text:_isr:_c_int00_noexit)
                  0000e562    0000002a     cma_as.obj (.text:cma_as_get_data)
                  0000e58c    0000002a     rfbsl.obj (.text:display_rfbsl)
                  0000e5b6    0000002a     display.obj (.text:lcd_init)
                  0000e5e0    00000028     nwk.obj (.text:map_lid2idx$34)
                  0000e608    00000028     nwk.obj (.text:nwk_getConnInfo)
                  0000e630    00000028     nwk_join.obj (.text:nwk_joinInit)
                  0000e658    00000028     rfsimpliciti.obj (.text:sx_ctrl)
                  0000e680    00000028     date.obj (.text:sx_date)
                  0000e6a8    00000028     rfsimpliciti.obj (.text:sx_rf)
                  0000e6d0    00000026     mrfi.obj (.text:MRFI_Sleep)
                  0000e6f6    00000026     pmm.obj (.text:SetVCore)
                  0000e71c    00000026     pmm.obj (.text:SetVCoreDown)
                  0000e742    00000026     nwk_link.obj (.text:handleLinkRequest$38)
                  0000e768    00000026     ports.obj (.text:init_buttons)
                  0000e78e    00000026     ps.obj (.text:init_pressure_table)
                  0000e7b4    00000026     nwk.obj (.text:nwk_checkConnInfo)
                  0000e7da    00000026     nwk_globals.obj (.text:nwk_globalsInit)
                  0000e800    00000026     rfsimpliciti.obj (.text:sx_sync)
                  0000e826    00000024     BlueRobin_RX_868MHz.lib : BRRX_API.obj (.text:BRRX_GetState_t)
                  0000e84a    00000024     mrfi.obj (.text:MRFI_SetRxAddrFilter)
                  0000e86e    00000024     nwk_ping.obj (.text:nwk_processPing)
                  0000e892    00000024     ps.obj (.text:ps_init)
                  0000e8b6    00000024     rts430x.lib : fs_utof.obj (.text)
                  0000e8da    00000022     bsp.obj (.text:BSP_Delay)
                  0000e8fc    00000022     mrfi.obj (.text:MRFI_WakeUp)
                  0000e91e    00000022     display.obj (.text:display_value)
                  0000e940    00000022     rts430x.lib : memcmp.obj (.text:memcmp)
                  0000e962    00000022     nwk_link.obj (.text:nwk_processLink)
                  0000e984    00000022     rts430x.lib : mult32_f5hw.obj (.text)
                  0000e9a6    00000022     stopwatch.obj (.text:start_stopwatch)
                  0000e9c8    00000022     altitude.obj (.text:stop_altitude_measurement)
                  0000e9ea    00000022     baro.obj (.text:stop_barometer_measurement)
                  0000ea0c    00000022     acceleration.obj (.text:sx_acceleration)
                  0000ea2e    00000020     BlueRobin_RX_868MHz.lib : BRRX_API.obj (.text:BRRX_GetDistance_u16)
                  0000ea4e    00000020                             : BRRX_API.obj (.text:BRRX_GetSpeed_u8)
                  0000ea6e    00000020     nwk_frame.obj (.text:MRFI_RxCompleteISR)
                  0000ea8e    00000020     mrfi.obj (.text:MRFI_RxIdle)
                  0000eaae    00000020     mrfi.obj (.text:MRFI_RxOn)
                  0000eace    00000020     mrfi.obj (.text:Mrfi_DelayUsecSem$29)
                  0000eaee    00000020     nwk_frame.obj (.text:nwk_frameInit)
                  0000eb0e    00000020     clock.obj (.text:reset_clock)
                  0000eb2e    00000020     stopwatch.obj (.text:reset_stopwatch)
                  0000eb4e    00000020     buzzer.obj (.text:stop_buzzer)
                  0000eb6e    0000001e     mrfi.obj (.text:MRFI_EnableRxAddrFilter)
                  0000eb8c    0000001e     mrfi.obj (.text:MRFI_SetLogicalChannel)
                  0000ebaa    0000001e     BlueRobin_RX_868MHz.lib : BRRX_Timer.obj (.text:SetAbsoluteTimer_v)
                  0000ebc8    0000001e     display.obj (.text:display_symbol)
                  0000ebe6    0000001e     rts430x.lib : memmov.obj (.text:memmove)
                  0000ec04    0000001e     nwk_globals.obj (.text:nwk_setMyAddress)
                  0000ec22    0000001c     mrfi.obj (.text:Mrfi_DelayUsec$29)
                  0000ec3e    0000001c     alarm.obj (.text:check_alarm)
                  0000ec5a    0000001c     display.obj (.text:clear_display_all)
                  0000ec76    0000001c     altitude.obj (.text:convert_ft_to_m)
                  0000ec92    0000001c     altitude.obj (.text:convert_m_to_ft)
                  0000ecae    0000001c     display.obj (.text:display_am_pm_symbol)
                  0000ecca    0000001c     nwk_QMgmt.obj (.text:nwk_QInit)
                  0000ece6    0000001c     nwk_ioctl.obj (.text:nwk_deviceAddress)
                  0000ed02    0000001c     nwk.obj (.text:nwk_putNumObjectIntoMsg)
                  0000ed1e    0000001a     BlueRobin_RX_868MHz.lib : BRRX_Scheduler.obj (.text:GetPacketTolerance_u8)
                  0000ed38    0000001a     mrfi.obj (.text:MRFI_SetRFPwr)
                  0000ed52    0000001a     mrfi.obj (.text:Mrfi_RandomBackoffDelay$29)
                  0000ed6c    0000001a     adc12.obj (.text:_isr:ADC12ISR)
                  0000ed86    0000001a     stopwatch.obj (.text:stop_stopwatch)
                  0000eda0    00000018     rf1a.obj (.text:ReadSingleReg)
                  0000edb8    00000018     temperature.obj (.text:convert_C_to_F)
                  0000edd0    00000018     clock.obj (.text:convert_hour_to_12H_format)
                  0000ede8    00000018     test.obj (.text:display_all_on)
                  0000ee00    00000018     acceleration.obj (.text:do_acceleration_measurement)
                  0000ee18    00000018     nwk_join.obj (.text:nwk_processJoin)
                  0000ee30    00000018     alarm.obj (.text:reset_alarm)
                  0000ee48    00000016     mrfi.obj (.text:MRFI_RandomByte)
                  0000ee5e    00000016     mrfi.obj (.text:Mrfi_RxModeOn$29)
                  0000ee74    00000016     ports.obj (.text:button_repeat_on)
                  0000ee8a    00000016     clock.obj (.text:display_selection_Timeformat1)
                  0000eea0    00000016     rts430x.lib : div16u.obj (.text)
                  0000eeb6    00000016                 : mult16_f5hw.obj (.text)
                  0000eecc    00000016     stopwatch.obj (.text:sx_stopwatch)
                  0000eee2    00000014     timer.obj (.text:Timer0_Init)
                  0000eef6    00000014     buzzer.obj (.text:countdown_buzzer)
                  0000ef0a    00000014     test.obj (.text:display_all_off)
                  0000ef1e    00000014     rfsimpliciti.obj (.text:display_ctrl)
                  0000ef32    00000014     rfsimpliciti.obj (.text:display_rf)
                  0000ef46    00000014     rfsimpliciti.obj (.text:display_sync)
                  0000ef5a    00000014     nwk_api.obj (.text:ioctlPreInitAccessIsOK$32)
                  0000ef6e    00000014     stopwatch.obj (.text:is_stopwatch)
                  0000ef82    00000014     date.obj (.text:reset_date)
                  0000ef96    00000012     BlueRobin_RX_868MHz.lib : BRRX_Radio.obj (.text:BlueRobin_RadioISR_v)
                  0000efa8    00000012     temperature.obj (.text:convert_F_to_C)
                  0000efba    00000012     acceleration.obj (.text:is_acceleration_measurement)
                  0000efcc    00000012     altitude.obj (.text:is_altitude_measurement)
                  0000efde    00000012     rts430x.lib : memcpy.obj (.text:memcpy)
                  0000eff0    00000012                 : memset.obj (.text:memset)
                  0000f002    00000012     nwk_globals.obj (.text:nwk_getMyAddress)
                  0000f014    00000012     nwk_join.obj (.text:nwk_setJoinToken)
                  0000f026    00000012     nwk_link.obj (.text:nwk_setLinkToken)
                  0000f038    00000012     radio.obj (.text:open_radio)
                  0000f04a    00000012     battery.obj (.text:reset_batt_measurement)
                  0000f05c    00000010     BlueRobin_RX_868MHz.lib : BRRX_Timer.obj (.text:BRRX__StartTimer_v)
                  0000f06c    00000010     bsp.obj (.text:BSP_InitBoard)
                  0000f07c    00000010     mrfi.obj (.text:MRFI_DelayMs)
                  0000f08c    00000010     radio.obj (.text:close_radio)
                  0000f09c    00000010     rts430x.lib : lsl32.obj (.text:l_lsl)
                  0000f0ac    00000010                 : lsr32.obj (.text:l_lsr)
                  0000f0bc    00000010     radio.obj (.text:radio_powerdown)
                  0000f0cc    00000010     clock.obj (.text:sx_time)
                  0000f0dc    0000000e     acceleration.obj (.text:acceleration_value_is_positive)
                  0000f0ea    0000000e     bmp_ps.obj (.text:bmp_ps_write_register)
                  0000f0f8    0000000e     cma_as.obj (.text:cma_as_read_register)
                  0000f106    0000000e     cma_as.obj (.text:cma_as_write_register)
                  0000f114    0000000e     clock.obj (.text:is_hour_am)
                  0000f122    0000000e     stopwatch.obj (.text:mx_stopwatch)
                  0000f130    0000000e     acceleration.obj (.text:reset_acceleration)
                  0000f13e    0000000e     display.obj (.text:set_blink_rate)
                  0000f14c    0000000c     BlueRobin_RX_868MHz.lib : BRRX_Timer.obj (.text:BRRX__GetCurrentTime_u16)
                  0000f158    0000000c     mrfi.obj (.text:MRFI_PostKillSem)
                  0000f164    0000000c     mrfi.obj (.text:MRFI_Receive)
                  0000f170    0000000c     timer.obj (.text:Timer0_Stop)
                  0000f17c    0000000c     bmp_as.obj (.text:bmp_as_read_register)
                  0000f188    0000000c     bmp_ps.obj (.text:bmp_ps_read_register)
                  0000f194    0000000c     display.obj (.text:clear_display)
                  0000f1a0    0000000c     cma_ps.obj (.text:cma_ps_read_register)
                  0000f1ac    0000000c     cma_ps.obj (.text:cma_ps_start)
                  0000f1b8    0000000c     cma_ps.obj (.text:cma_ps_write_register)
                  0000f1c4    0000000c     nwk_ping.obj (.text:handlePingRequest$36)
                  0000f1d0    0000000c     bluerobin.obj (.text:is_bluerobin)
                  0000f1dc    0000000c     bluerobin.obj (.text:is_bluerobin_searching)
                  0000f1e8    0000000c     rfsimpliciti.obj (.text:is_rf)
                  0000f1f4    0000000c     temperature.obj (.text:is_temp_measurement)
                  0000f200    0000000c     nwk.obj (.text:nwk_getNumObjectFromMsg)
                  0000f20c    0000000c     nwk_globals.obj (.text:nwk_setAPAddress)
                  0000f218    0000000c     display.obj (.text:switch_seg)
                  0000f224    0000000c     menu.obj (.text:update_acceleration)
                  0000f230    0000000c     menu.obj (.text:update_alarm)
                  0000f23c    0000000c     menu.obj (.text:update_battery_voltage)
                  0000f248    0000000c     menu.obj (.text:update_stopwatch)
                  0000f254    0000000c     menu.obj (.text:update_temperature)
                  0000f260    0000000a     BlueRobin_RX_868MHz.lib : BRRX_Timer.obj (.text:BRRX__IsTimerRunning_v)
                  0000f26a    0000000a                             : BRRX_Timer.obj (.text:BRRX__StopTimer_v)
                  0000f274    0000000a     ports.obj (.text:button_repeat_off)
                  0000f27e    0000000a     cma_ps.obj (.text:cma_ps_stop)
                  0000f288    0000000a     nwk_mgmt.obj (.text:nwk_mgmtInit)
                  0000f292    0000000a     nwk_ping.obj (.text:nwk_pingInit)
                  0000f29c    0000000a     buzzer.obj (.text:reset_buzzer)
                  0000f2a6    0000000a     rfsimpliciti.obj (.text:reset_rf)
                  0000f2b0    0000000a     temperature.obj (.text:reset_temp_measurement)
                  0000f2ba    0000000a     main.obj (.text:to_lpm)
                  0000f2c4    0000000a     menu.obj (.text:update_date)
                  0000f2ce    0000000a     menu.obj (.text:update_time)
                  0000f2d8    00000008     BlueRobin_RX_868MHz.lib : BRRX_Radio.obj (.text:BRRX_GetFS_Offset_s8)
                  0000f2e0    00000008                             : BRRX_API.obj (.text:BRRX_SetSignalLevelReduction_v)
                  0000f2e8    00000008     timer.obj (.text:Timer0_A3_Stop)
                  0000f2f0    00000008     timer.obj (.text:Timer0_Start)
                  0000f2f8    00000008     bmp_ps.obj (.text:bmp_ps_start)
                  0000f300    00000008     alarm.obj (.text:stop_alarm)
                  0000f308    00000006     BlueRobin_RX_868MHz.lib : BRRX_API.obj (.text:BRRX_GetHeartRate_u8)
                  0000f30e    00000006                             : BRRX_API.obj (.text:BRRX_SetPowerdownDelay_v)
                  0000f314    00000006                             : BRRX_API.obj (.text:BRRX_SetSearchTimeout_v)
                  0000f31a    00000006                             : BRRX_API.obj (.text:BRRX_Stop_v)
                  0000f320    00000006                             : BRRX_Timer.obj (.text:BRRX__CallTimer_v)
                  0000f326    00000006                             : BRRX_Timer.obj (.text:BRRX__InitTimer_v)
                  0000f32c    00000006     mrfi.obj (.text:MRFI_GetRadioState)
                  0000f332    00000006     display.obj (.text:clear_blink_mem)
                  0000f338    00000006     nwk.obj (.text:nwk_freeConnection)
                  0000f33e    00000006     nwk_globals.obj (.text:nwk_getBCastAddress)
                  0000f344    00000006     display.obj (.text:start_blink)
                  0000f34a    00000006     display.obj (.text:stop_blink)
                  0000f350    00000004     rts430x.lib : pre_init.obj (.text:_system_pre_init)
                  0000f354    00000004                 : exit.obj (.text:abort)
                  0000f358    00000004     bmp_as.obj (.text:bmp_as_write_register)
                  0000f35c    00000004     nwk.obj (.text:nwk_NVObj)
                  0000f360    00000004     nwk_ioctl.obj (.text:nwk_connectionControl)
                  0000f364    00000004     nwk_frame.obj (.text:nwk_getMyRxType)
                  0000f368    00000004     nwk_globals.obj (.text:nwk_getProtocolVersion)
                  0000f36c    00000004     nwk_freq.obj (.text:nwk_processFreq)
                  0000f370    00000004     nwk_security.obj (.text:nwk_processSecurity)
                  0000f374    00000004     ps.obj (.text:ps_i2c_delay)
                  0000f378    00000002     rts430x.lib : _lock.obj (.text:_nop)
                  0000f37a    00000002     user.obj (.text:dummy)
                  0000f37c    00000002     altitude.obj (.text:sx_altitude)

.const     0    0000f37e    00000621     
                  0000f37e    0000021f     display.obj (.const:int_to_array_conversion_table)
                  0000f59d    00000001     --HOLE-- [fill = 0]
                  0000f59e    00000100     BlueRobin_RX_868MHz.lib : BR_Common.obj (.const:RandomValue_u8)
                  0000f69e    000000ea     menu.obj (.const)
                  0000f788    0000008c     <whole-program> (.const:.string)
                  0000f814    00000040     mrfi.obj (.const:mrfiRadioCfg)
                  0000f854    0000002b     display.obj (.const:.string:lcd_font)
                  0000f87f    00000001     --HOLE-- [fill = 0]
                  0000f880    0000002a     display.obj (.const:.string:segments_bitmask)
                  0000f8aa    00000027     BlueRobin_RX_868MHz.lib : BRRX_Radio.obj (.const:RadioSettings_t)
                  0000f8d1    00000001     --HOLE-- [fill = 0]
                  0000f8d2    00000022     ps.obj (.const:h0)
                  0000f8f4    00000022     ps.obj (.const:p0)
                  0000f916    00000018     date.obj (.const:$P$T0$1$19)
                  0000f92e    00000018     date.obj (.const:$P$T1$2$19)
                  0000f946    00000018     nwk_frame.obj (.const:func$31)
                  0000f95e    0000000e     acceleration.obj (.const:bmp_mgrav_per_bit)
                  0000f96c    0000000e     acceleration.obj (.const:cma_mgrav_per_bit)
                  0000f97a    00000009     nwk_globals.obj (.const)
                  0000f983    00000001     --HOLE-- [fill = 0]
                  0000f984    00000008     clock.obj (.const:selection_Timeformat)
                  0000f98c    00000004     mrfi.obj (.const:.string:mrfiBroadcastAddr)
                  0000f990    00000004     mrfi.obj (.const:.string:mrfiLogicalChanTable$29)
                  0000f994    00000004     BlueRobin_RX_868MHz.lib : BRRX_Resource.obj (.const)
                  0000f998    00000003     mrfi.obj (.const:.string:mrfiRFPowerTable$29)
                  0000f99b    00000001     --HOLE-- [fill = 0]
                  0000f99c    00000001     mrfi.obj (.const)
                  0000f99d    00000001     --HOLE-- [fill = 0]
                  0000f99e    00000001     nwk_frame.obj (.const)

.cinit     0    0000f9a0    000001f0     
                  0000f9a0    000001a5     <whole-program> (.cinit)
                  0000fb45    00000001     --HOLE-- [fill = 0]
                  0000fb46    00000017     BlueRobin_RX_868MHz.lib : BRRX_Scheduler.obj (.cinit)
                  0000fb5d    00000001     --HOLE-- [fill = 0]
                  0000fb5e    00000017                             : BRRX_Timer.obj (.cinit)
                  0000fb75    00000001     --HOLE-- [fill = 0]
                  0000fb76    0000000c                             : BRRX_Radio.obj (.cinit)
                  0000fb82    0000000b                             : BRRX_Packet.obj (.cinit)
                  0000fb8d    00000001     --HOLE-- [fill = 0]
                  0000fb8e    00000002     (.pad.cinit) [fill = 0]

.int48     0    0000ffe0    00000002     
                  0000ffe0    00000002     <whole-program> (.int48)

.int53     0    0000ffea    00000002     
                  0000ffea    00000002     radio.obj (.int53)

.int54     0    0000ffec    00000002     
                  0000ffec    00000002     <whole-program> (.int54)

.int55     0    0000ffee    00000002     
                  0000ffee    00000002     <whole-program> (.int55)

.int56     0    0000fff0    00000002     
                  0000fff0    00000002     <whole-program> (.int56)

.reset     0    0000fffe    00000002     
                  0000fffe    00000002     rts430x.lib : boot.obj (.reset)


GLOBAL SYMBOLS: SORTED ALPHABETICALLY BY Name 

address    name
--------   ----
00001c00   .bss
00008000   .text
00000700   ADC12CTL0
00000701   ADC12CTL0_H
00000700   ADC12CTL0_L
00000702   ADC12CTL1
00000703   ADC12CTL1_H
00000702   ADC12CTL1_L
00000704   ADC12CTL2
00000705   ADC12CTL2_H
00000704   ADC12CTL2_L
0000070c   ADC12IE
0000070d   ADC12IE_H
0000070c   ADC12IE_L
0000070a   ADC12IFG
0000070b   ADC12IFG_H
0000070a   ADC12IFG_L
0000ed6c   ADC12ISR
0000070e   ADC12IV
0000070f   ADC12IV_H
0000070e   ADC12IV_L
00000710   ADC12MCTL0
00000711   ADC12MCTL1
0000071a   ADC12MCTL10
0000071b   ADC12MCTL11
0000071c   ADC12MCTL12
0000071d   ADC12MCTL13
0000071e   ADC12MCTL14
0000071f   ADC12MCTL15
00000712   ADC12MCTL2
00000713   ADC12MCTL3
00000714   ADC12MCTL4
00000715   ADC12MCTL5
00000716   ADC12MCTL6
00000717   ADC12MCTL7
00000718   ADC12MCTL8
00000719   ADC12MCTL9
00000720   ADC12MEM0
00000721   ADC12MEM0_H
00000720   ADC12MEM0_L
00000722   ADC12MEM1
00000734   ADC12MEM10
00000735   ADC12MEM10_H
00000734   ADC12MEM10_L
00000736   ADC12MEM11
00000737   ADC12MEM11_H
00000736   ADC12MEM11_L
00000738   ADC12MEM12
00000739   ADC12MEM12_H
00000738   ADC12MEM12_L
0000073a   ADC12MEM13
0000073b   ADC12MEM13_H
0000073a   ADC12MEM13_L
0000073c   ADC12MEM14
0000073d   ADC12MEM14_H
0000073c   ADC12MEM14_L
0000073e   ADC12MEM15
0000073f   ADC12MEM15_H
0000073e   ADC12MEM15_L
00000723   ADC12MEM1_H
00000722   ADC12MEM1_L
00000724   ADC12MEM2
00000725   ADC12MEM2_H
00000724   ADC12MEM2_L
00000726   ADC12MEM3
00000727   ADC12MEM3_H
00000726   ADC12MEM3_L
00000728   ADC12MEM4
00000729   ADC12MEM4_H
00000728   ADC12MEM4_L
0000072a   ADC12MEM5
0000072b   ADC12MEM5_H
0000072a   ADC12MEM5_L
0000072c   ADC12MEM6
0000072d   ADC12MEM6_H
0000072c   ADC12MEM6_L
0000072e   ADC12MEM7
0000072f   ADC12MEM7_H
0000072e   ADC12MEM7_L
00000730   ADC12MEM8
00000731   ADC12MEM8_H
00000730   ADC12MEM8_L
00000732   ADC12MEM9
00000733   ADC12MEM9_H
00000732   ADC12MEM9_L
000009c0   AESACTL0
000009c1   AESACTL0_H
000009c0   AESACTL0_L
000009c8   AESADIN
000009c9   AESADIN_H
000009c8   AESADIN_L
000009ca   AESADOUT
000009cb   AESADOUT_H
000009ca   AESADOUT_L
000009c6   AESAKEY
000009c7   AESAKEY_H
000009c6   AESAKEY_L
000009c4   AESASTAT
000009c5   AESASTAT_H
000009c4   AESASTAT_L
0000ea2e   BRRX_GetDistance_u16
0000f2d8   BRRX_GetFS_Offset_s8
0000f308   BRRX_GetHeartRate_u8
0000e4ba   BRRX_GetID_u32
0000ea4e   BRRX_GetSpeed_u8
0000e826   BRRX_GetState_t
0000df0a   BRRX_Init_v
0000cd1a   BRRX_PacketEndTimerTask_v
0000d1b4   BRRX_RadioCalibrate_v
0000c77c   BRRX_RadioInit_v
0000c3c2   BRRX_RadioReceive_v
0000e160   BRRX_RadioStop_v
0000dbf4   BRRX_SetID_v
0000f30e   BRRX_SetPowerdownDelay_v
0000f314   BRRX_SetSearchTimeout_v
0000f2e0   BRRX_SetSignalLevelReduction_v
0000cffc   BRRX_Start_v
0000f31a   BRRX_Stop_v
0000dd68   BRRX_TimerTask_v
0000f320   BRRX__CallTimer_v
00001f62   BRRX__CurrentPacketTime_u16
00001f64   BRRX__CurrentSignalLevel_u8
0000dc32   BRRX__DecodePacket_u8
0000f994   BRRX__First_TXCB_t
0000f14c   BRRX__GetCurrentTime_u16
0000f326   BRRX__InitTimer_v
0000f260   BRRX__IsTimerRunning_v
0000f996   BRRX__Last_TXCB_t
00001ece   BRRX__MaxSearchTries_u8
0000daf4   BRRX__NewInfo_v
00001f26   BRRX__NextEndTime_u16
00001f24   BRRX__NextEventTime_u16
00001f29   BRRX__NextFrequencyOffset_s8
00001f28   BRRX__NextFrequency_u8
00001ede   BRRX__PacketBits_t
00001ecc   BRRX__PowerdownDelay_u8
00008298   BRRX__Scheduler_v
00001ecf   BRRX__SearchRatio_u8
00001ecd   BRRX__SignalLevelReduction
0000d054   BRRX__StartNewSearch_v
0000f05c   BRRX__StartTimer_v
00001f60   BRRX__StatusFlags_t
0000f26a   BRRX__StopTimer_v
00001e3a   BRRX__TXCB_t
00001ed0   BRRX__TestMode_u8
00001f2a   BRRX__TimerState_t
0000e0f8   BR__CalcCRC_u8
0000d692   BR__CalcRandomTimeOffset_u16
0000e8da   BSP_Delay
0000f06c   BSP_InitBoard
0000ef96   BlueRobin_RadioISR_v
0000f354   C$$EXIT
000008c0   CBCTL0
000008c1   CBCTL0_H
000008c0   CBCTL0_L
000008c2   CBCTL1
000008c3   CBCTL1_H
000008c2   CBCTL1_L
000008c4   CBCTL2
000008c5   CBCTL2_H
000008c4   CBCTL2_L
000008c6   CBCTL3
000008c7   CBCTL3_H
000008c6   CBCTL3_L
000008cc   CBINT
000008cd   CBINT_H
000008cc   CBINT_L
000008ce   CBIV
00000150   CRCDI
00000152   CRCDIRB
00000153   CRCDIRB_H
00000152   CRCDIRB_L
00000151   CRCDI_H
00000150   CRCDI_L
00000154   CRCINIRES
00000155   CRCINIRES_H
00000154   CRCINIRES_L
00000156   CRCRESR
00000157   CRCRESR_H
00000156   CRCRESR_L
00000510   DMA0CTL
00000511   DMA0CTL_H
00000510   DMA0CTL_L
00000516   DMA0DA
00000516   DMA0DAL
00000512   DMA0SA
00000512   DMA0SAL
0000051a   DMA0SZ
00000520   DMA1CTL
00000521   DMA1CTL_H
00000520   DMA1CTL_L
00000526   DMA1DA
00000526   DMA1DAL
00000522   DMA1SA
00000522   DMA1SAL
0000052a   DMA1SZ
00000530   DMA2CTL
00000531   DMA2CTL_H
00000530   DMA2CTL_L
00000536   DMA2DA
00000536   DMA2DAL
00000532   DMA2SA
00000532   DMA2SAL
0000053a   DMA2SZ
00000500   DMACTL0
00000501   DMACTL0_H
00000500   DMACTL0_L
00000502   DMACTL1
00000503   DMACTL1_H
00000502   DMACTL1_L
00000504   DMACTL2
00000505   DMACTL2_H
00000504   DMACTL2_L
00000506   DMACTL3
00000507   DMACTL3_H
00000506   DMACTL3_L
00000508   DMACTL4
00000509   DMACTL4_H
00000508   DMACTL4_L
0000050e   DMAIV
0000050f   DMAIV_H
0000050e   DMAIV_L
00001c92   DayStr
00000140   FCTL1
00000141   FCTL1_H
00000140   FCTL1_L
00000144   FCTL3
00000145   FCTL3_H
00000144   FCTL3_L
00000146   FCTL4
00000147   FCTL4_H
00000146   FCTL4_L
00000a04   LCDBBLKCTL
00000a05   LCDBBLKCTL_H
00000a04   LCDBBLKCTL_L
00000a12   LCDBCPCTL
00000a13   LCDBCPCTL_H
00000a12   LCDBCPCTL_L
00000a00   LCDBCTL0
00000a01   LCDBCTL0_H
00000a00   LCDBCTL0_L
00000a02   LCDBCTL1
00000a03   LCDBCTL1_H
00000a02   LCDBCTL1_L
00000a1e   LCDBIV
00000a40   LCDBM1
00000a49   LCDBM10
00000a4a   LCDBM11
00000a4b   LCDBM12
00000a4c   LCDBM13
00000a4d   LCDBM14
00000a4e   LCDBM15
00000a4f   LCDBM16
00000a50   LCDBM17
00000a51   LCDBM18
00000a52   LCDBM19
00000a41   LCDBM2
00000a53   LCDBM20
00000a54   LCDBM21
00000a55   LCDBM22
00000a56   LCDBM23
00000a57   LCDBM24
00000a42   LCDBM3
00000a43   LCDBM4
00000a44   LCDBM5
00000a45   LCDBM6
00000a46   LCDBM7
00000a47   LCDBM8
00000a48   LCDBM9
00000a06   LCDBMEMCTL
00000a07   LCDBMEMCTL_H
00000a06   LCDBMEMCTL_L
00000a0a   LCDBPCTL0
00000a0b   LCDBPCTL0_H
00000a0a   LCDBPCTL0_L
00000a0c   LCDBPCTL1
00000a0d   LCDBPCTL1_H
00000a0c   LCDBPCTL1_L
00000a0e   LCDBPCTL2
00000a0f   LCDBPCTL2_H
00000a0e   LCDBPCTL2_L
00000a10   LCDBPCTL3
00000a11   LCDBPCTL3_H
00000a10   LCDBPCTL3_L
00000a08   LCDBVCTL
00000a09   LCDBVCTL_H
00000a08   LCDBVCTL_L
00000a20   LCDM1
00000a29   LCDM10
00000a2a   LCDM11
00000a2b   LCDM12
00000a2c   LCDM13
00000a2d   LCDM14
00000a2e   LCDM15
00000a2f   LCDM16
00000a30   LCDM17
00000a31   LCDM18
00000a32   LCDM19
00000a21   LCDM2
00000a33   LCDM20
00000a34   LCDM21
00000a35   LCDM22
00000a36   LCDM23
00000a37   LCDM24
00000a22   LCDM3
00000a23   LCDM4
00000a24   LCDM5
00000a25   LCDM6
00000a26   LCDM7
00000a27   LCDM8
00000a28   LCDM9
0000dce6   L_ASR_1
0000dcc2   L_ASR_10
0000dcbe   L_ASR_11
0000dcba   L_ASR_12
0000dcb6   L_ASR_13
0000dcb2   L_ASR_14
0000dcae   L_ASR_15
0000dce2   L_ASR_2
0000dcde   L_ASR_3
0000dcda   L_ASR_4
0000dcd6   L_ASR_5
0000dcd2   L_ASR_6
0000dcce   L_ASR_7
0000dcca   L_ASR_8
0000dcc6   L_ASR_9
0000f09c   L_LSL
0000dd24   L_LSL_1
0000dd00   L_LSL_10
0000dcfc   L_LSL_11
0000dcf8   L_LSL_12
0000dcf4   L_LSL_13
0000dcf0   L_LSL_14
0000dcec   L_LSL_15
0000dd20   L_LSL_2
0000dd1c   L_LSL_3
0000dd18   L_LSL_4
0000dd14   L_LSL_5
0000dd10   L_LSL_6
0000dd0c   L_LSL_7
0000dd08   L_LSL_8
0000dd04   L_LSL_9
0000f0ac   L_LSR
0000dd62   L_LSR_1
0000dd3e   L_LSR_10
0000dd3a   L_LSR_11
0000dd36   L_LSR_12
0000dd32   L_LSR_13
0000dd2e   L_LSR_14
0000dd2a   L_LSR_15
0000dd5e   L_LSR_2
0000dd5a   L_LSR_3
0000dd56   L_LSR_4
0000dd52   L_LSR_5
0000dd4e   L_LSR_6
0000dd4a   L_LSR_7
0000dd46   L_LSR_8
0000dd42   L_LSR_9
000004c4   MAC
000004da   MAC32H
000004db   MAC32H_H
000004da   MAC32H_L
000004d8   MAC32L
000004d9   MAC32L_H
000004d8   MAC32L_L
000004c6   MACS
000004de   MACS32H
000004df   MACS32H_H
000004de   MACS32H_L
000004dc   MACS32L
000004dd   MACS32L_H
000004dc   MACS32L_L
000004c7   MACS_H
000004c6   MACS_L
000004c5   MAC_H
000004c4   MAC_L
000004c0   MPY
000004ec   MPY32CTL0
000004ed   MPY32CTL0_H
000004ec   MPY32CTL0_L
000004d2   MPY32H
000004d3   MPY32H_H
000004d2   MPY32H_L
000004d0   MPY32L
000004d1   MPY32L_H
000004d0   MPY32L_L
000004c2   MPYS
000004d6   MPYS32H
000004d7   MPYS32H_H
000004d6   MPYS32H_L
000004d4   MPYS32L
000004d5   MPYS32L_H
000004d4   MPYS32L_L
000004c3   MPYS_H
000004c2   MPYS_L
000004c1   MPY_H
000004c0   MPY_L
0000f07c   MRFI_DelayMs
0000eb6e   MRFI_EnableRxAddrFilter
0000f32c   MRFI_GetRadioState
000095a2   MRFI_Init
0000f158   MRFI_PostKillSem
0000cbf6   MRFI_RadioIsr
0000ee48   MRFI_RandomByte
0000f164   MRFI_Receive
0000df42   MRFI_ReplyDelay
0000ea6e   MRFI_RxCompleteISR
0000ea8e   MRFI_RxIdle
0000eaae   MRFI_RxOn
0000eb8c   MRFI_SetLogicalChannel
0000ed38   MRFI_SetRFPwr
0000e84a   MRFI_SetRxAddrFilter
0000e6d0   MRFI_Sleep
0000b338   MRFI_Transmit
0000e8fc   MRFI_WakeUp
00001cae   MonthStr
000004c8   OP2
000004e2   OP2H
000004e3   OP2H_H
000004e2   OP2H_L
000004e0   OP2L
000004e1   OP2L_H
000004e0   OP2L_L
000004c9   OP2_H
000004c8   OP2_L
0000020e   P1IV
000001c8   P1MAP01
000001c9   P1MAP01_H
000001c8   P1MAP01_L
000001ca   P1MAP23
000001cb   P1MAP23_H
000001ca   P1MAP23_L
000001cc   P1MAP45
000001cd   P1MAP45_H
000001cc   P1MAP45_L
000001ce   P1MAP67
000001cf   P1MAP67_H
000001ce   P1MAP67_L
0000021e   P2IV
000001d0   P2MAP01
000001d1   P2MAP01_H
000001d0   P2MAP01_L
000001d2   P2MAP23
000001d3   P2MAP23_H
000001d2   P2MAP23_L
000001d4   P2MAP45
000001d5   P2MAP45_H
000001d4   P2MAP45_L
000001d6   P2MAP67
000001d7   P2MAP67_H
000001d6   P2MAP67_L
000001d8   P3MAP01
000001d9   P3MAP01_H
000001d8   P3MAP01_L
000001da   P3MAP23
000001db   P3MAP23_H
000001da   P3MAP23_L
000001dc   P3MAP45
000001dd   P3MAP45_H
000001dc   P3MAP45_L
000001de   P3MAP67
000001df   P3MAP67_H
000001de   P3MAP67_L
00000204   PADIR
00000205   PADIR_H
00000204   PADIR_L
00000208   PADS
00000209   PADS_H
00000208   PADS_L
0000021a   PAIE
00000218   PAIES
00000219   PAIES_H
00000218   PAIES_L
0000021b   PAIE_H
0000021a   PAIE_L
0000021c   PAIFG
0000021d   PAIFG_H
0000021c   PAIFG_L
00000200   PAIN
00000201   PAIN_H
00000200   PAIN_L
00000202   PAOUT
00000203   PAOUT_H
00000202   PAOUT_L
00000206   PAREN
00000207   PAREN_H
00000206   PAREN_L
0000020a   PASEL
0000020b   PASEL_H
0000020a   PASEL_L
00000224   PBDIR
00000225   PBDIR_H
00000224   PBDIR_L
00000228   PBDS
00000229   PBDS_H
00000228   PBDS_L
00000220   PBIN
00000221   PBIN_H
00000220   PBIN_L
00000222   PBOUT
00000223   PBOUT_H
00000222   PBOUT_L
00000226   PBREN
00000227   PBREN_H
00000226   PBREN_L
0000022a   PBSEL
0000022b   PBSEL_H
0000022a   PBSEL_L
00000244   PCDIR
00000245   PCDIR_H
00000244   PCDIR_L
00000248   PCDS
00000249   PCDS_H
00000248   PCDS_L
00000240   PCIN
00000241   PCIN_H
00000240   PCIN_L
00000242   PCOUT
00000243   PCOUT_H
00000242   PCOUT_L
00000246   PCREN
00000247   PCREN_H
00000246   PCREN_L
0000024a   PCSEL
0000024b   PCSEL_H
0000024a   PCSEL_L
00000324   PJDIR
00000325   PJDIR_H
00000324   PJDIR_L
00000328   PJDS
00000329   PJDS_H
00000328   PJDS_L
00000320   PJIN
00000321   PJIN_H
00000320   PJIN_L
00000322   PJOUT
00000323   PJOUT_H
00000322   PJOUT_L
00000326   PJREN
00000327   PJREN_H
00000326   PJREN_L
000001c2   PMAPCTL
000001c3   PMAPCTL_H
000001c2   PMAPCTL_L
000001c0   PMAPKEYID
000001c1   PMAPKEYID_H
000001c0   PMAPKEYID_L
00000120   PMMCTL0
00000121   PMMCTL0_H
00000120   PMMCTL0_L
00000122   PMMCTL1
00000123   PMMCTL1_H
00000122   PMMCTL1_L
0000012c   PMMIFG
0000012d   PMMIFG_H
0000012c   PMMIFG_L
0000012e   PMMRIE
0000012f   PMMRIE_H
0000012e   PMMRIE_L
00008c08   PORT2_ISR
00000158   RCCTL0
00000159   RCCTL0_H
00000158   RCCTL0_L
000001b0   REFCTL0
000001b1   REFCTL0_H
000001b0   REFCTL0_L
000004e4   RES0
000004e5   RES0_H
000004e4   RES0_L
000004e6   RES1
000004e7   RES1_H
000004e6   RES1_L
000004e8   RES2
000004e9   RES2_H
000004e8   RES2_L
000004ea   RES3
000004eb   RES3_H
000004ea   RES3_L
000004cc   RESHI
000004cd   RESHI_H
000004cc   RESHI_L
000004ca   RESLO
000004cb   RESLO_H
000004ca   RESLO_L
00000f16   RF1ADINW
00000f17   RF1ADINW_H
00000f16   RF1ADINW_L
00000f28   RF1ADOUT0W
00000f29   RF1ADOUT0W_H
00000f28   RF1ADOUT0W_L
00000f2a   RF1ADOUT1W
00000f2b   RF1ADOUT1W_H
00000f2a   RF1ADOUT1W_L
00000f2c   RF1ADOUT2W
00000f2d   RF1ADOUT2W_H
00000f2c   RF1ADOUT2W_L
00000f36   RF1AIE
00000f34   RF1AIES
00000f35   RF1AIES_H
00000f34   RF1AIES_L
00000f37   RF1AIE_H
00000f36   RF1AIE_L
00000f00   RF1AIFCTL0
00000f01   RF1AIFCTL0_H
00000f00   RF1AIFCTL0_L
00000f02   RF1AIFCTL1
00000f03   RF1AIFCTL1_H
00000f02   RF1AIFCTL1_L
00000f04   RF1AIFCTL2
00000f05   RF1AIFCTL2_H
00000f04   RF1AIFCTL2_L
00000f06   RF1AIFERR
00000f0c   RF1AIFERRV
00000f0d   RF1AIFERRV_H
00000f0c   RF1AIFERRV_L
00000f07   RF1AIFERR_H
00000f06   RF1AIFERR_L
00000f32   RF1AIFG
00000f33   RF1AIFG_H
00000f32   RF1AIFG_L
00000f0e   RF1AIFIV
00000f0f   RF1AIFIV_H
00000f0e   RF1AIFIV_L
00000f30   RF1AIN
00000f12   RF1AINSTR1W
00000f13   RF1AINSTR1W_H
00000f12   RF1AINSTR1W_L
00000f14   RF1AINSTR2W
00000f15   RF1AINSTR2W_H
00000f14   RF1AINSTR2W_L
00000f10   RF1AINSTRW
00000f11   RF1AINSTRW_H
00000f10   RF1AINSTRW_L
00000f31   RF1AIN_H
00000f30   RF1AIN_L
00000f38   RF1AIV
00000f39   RF1AIV_H
00000f38   RF1AIV_L
00000f3c   RF1ARXFIFO
00000f3d   RF1ARXFIFO_H
00000f3c   RF1ARXFIFO_L
00000f20   RF1ASTAT0W
00000f21   RF1ASTAT0W_H
00000f20   RF1ASTAT0W_L
00000f22   RF1ASTAT1W
00000f23   RF1ASTAT1W_H
00000f22   RF1ASTAT1W_L
00000f24   RF1ASTAT2W
00000f25   RF1ASTAT2W_H
00000f24   RF1ASTAT2W_L
00000f3e   RF1ATXFIFO
00000f3f   RF1ATXFIFO_H
00000f3e   RF1ATXFIFO_L
000004ba   RTCADOWDAY
000004bb   RTCADOWDAY_H
000004ba   RTCADOWDAY_L
000004b8   RTCAMINHR
000004b9   RTCAMINHR_H
000004b8   RTCAMINHR_L
000004a0   RTCCTL01
000004a1   RTCCTL01_H
000004a0   RTCCTL01_L
000004a2   RTCCTL23
000004a3   RTCCTL23_H
000004a2   RTCCTL23_L
000004b4   RTCDATE
000004b5   RTCDATE_H
000004b4   RTCDATE_L
000004ae   RTCIV
000004ac   RTCPS
000004a8   RTCPS0CTL
000004a9   RTCPS0CTL_H
000004a8   RTCPS0CTL_L
000004aa   RTCPS1CTL
000004ab   RTCPS1CTL_H
000004aa   RTCPS1CTL_L
000004ad   RTCPS_H
000004ac   RTCPS_L
000004b0   RTCTIM0
000004b1   RTCTIM0_H
000004b0   RTCTIM0_L
000004b2   RTCTIM1
000004b3   RTCTIM1_H
000004b2   RTCTIM1_L
000004b6   RTCYEAR
000004b7   RTCYEAR_H
000004b6   RTCYEAR_L
0000f59e   RandomValue_u8
0000d88a   ReadBurstReg
0000eda0   ReadSingleReg
00000100   SFRIE1
00000101   SFRIE1_H
00000100   SFRIE1_L
00000102   SFRIFG1
00000103   SFRIFG1_H
00000102   SFRIFG1_L
00000104   SFRRPCR
00000105   SFRRPCR_H
00000104   SFRRPCR_L
0000e462   SMPL_Init
0000b7b6   SMPL_Ioctl
00009a2c   SMPL_Link
0000d6da   SMPL_Receive
0000ca64   SMPL_SendOpt
000004ce   SUMEXT
000004cf   SUMEXT_H
000004ce   SUMEXT_L
00000124   SVSMHCTL
00000125   SVSMHCTL_H
00000124   SVSMHCTL_L
00000128   SVSMIO
00000129   SVSMIO_H
00000128   SVSMIO_L
00000126   SVSMLCTL
00000127   SVSMLCTL_H
00000126   SVSMLCTL_L
00000198   SYSBERRIV
00000199   SYSBERRIV_H
00000198   SYSBERRIV_L
00000182   SYSBSLC
00000183   SYSBSLC_H
00000182   SYSBSLC_L
00000180   SYSCTL
00000181   SYSCTL_H
00000180   SYSCTL_L
00000186   SYSJMBC
00000187   SYSJMBC_H
00000186   SYSJMBC_L
00000188   SYSJMBI0
00000189   SYSJMBI0_H
00000188   SYSJMBI0_L
0000018a   SYSJMBI1
0000018b   SYSJMBI1_H
0000018a   SYSJMBI1_L
0000018c   SYSJMBO0
0000018d   SYSJMBO0_H
0000018c   SYSJMBO0_L
0000018e   SYSJMBO1
0000018f   SYSJMBO1_H
0000018e   SYSJMBO1_L
0000019e   SYSRSTIV
0000019f   SYSRSTIV_H
0000019e   SYSRSTIV_L
0000019c   SYSSNIV
0000019d   SYSSNIV_H
0000019c   SYSSNIV_L
0000019a   SYSUNIV
0000019b   SYSUNIV_H
0000019a   SYSUNIV_L
0000e6f6   SetVCore
0000e71c   SetVCoreDown
0000d8d0   SetVCoreUp
0000bb9a   Strobe
00000352   TA0CCR0
00000354   TA0CCR1
00000356   TA0CCR2
00000358   TA0CCR3
0000035a   TA0CCR4
00000342   TA0CCTL0
00000344   TA0CCTL1
00000346   TA0CCTL2
00000348   TA0CCTL3
0000034a   TA0CCTL4
00000340   TA0CTL
00000360   TA0EX0
0000036e   TA0IV
00000350   TA0R
00000392   TA1CCR0
00000394   TA1CCR1
00000396   TA1CCR2
00000382   TA1CCTL0
00000384   TA1CCTL1
00000386   TA1CCTL2
00000380   TA1CTL
000003a0   TA1EX0
000003ae   TA1IV
00000390   TA1R
0000851c   TIMER0_A0_ISR
0000c1ba   TIMER0_A1_5_ISR
0000e50e   Timer0_A3_Start
0000f2e8   Timer0_A3_Stop
0000ce90   Timer0_A4_Delay
0000eee2   Timer0_Init
0000f2f0   Timer0_Start
0000f170   Timer0_Stop
00001cde   TwoLetterDayStr
000005d0   UCA0ABCTL
000005c6   UCA0BRW
000005c7   UCA0BRW_H
000005c6   UCA0BRW_L
000005c0   UCA0CTLW0
000005c1   UCA0CTLW0_H
000005c0   UCA0CTLW0_L
000005dc   UCA0ICTL
000005dd   UCA0ICTL_H
000005dc   UCA0ICTL_L
000005d2   UCA0IRCTL
000005d3   UCA0IRCTL_H
000005d2   UCA0IRCTL_L
000005de   UCA0IV
000005c8   UCA0MCTL
000005cc   UCA0RXBUF
000005ca   UCA0STAT
000005ce   UCA0TXBUF
000005e6   UCB0BRW
000005e7   UCB0BRW_H
000005e6   UCB0BRW_L
000005e0   UCB0CTLW0
000005e1   UCB0CTLW0_H
000005e0   UCB0CTLW0_L
000005f0   UCB0I2COA
000005f1   UCB0I2COA_H
000005f0   UCB0I2COA_L
000005f2   UCB0I2CSA
000005f3   UCB0I2CSA_H
000005f2   UCB0I2CSA_L
000005fc   UCB0ICTL
000005fd   UCB0ICTL_H
000005fc   UCB0ICTL_L
000005fe   UCB0IV
000005ec   UCB0RXBUF
000005ea   UCB0STAT
000005ee   UCB0TXBUF
00000160   UCSCTL0
00000161   UCSCTL0_H
00000160   UCSCTL0_L
00000162   UCSCTL1
00000163   UCSCTL1_H
00000162   UCSCTL1_L
00000164   UCSCTL2
00000165   UCSCTL2_H
00000164   UCSCTL2_L
00000166   UCSCTL3
00000167   UCSCTL3_H
00000166   UCSCTL3_L
00000168   UCSCTL4
00000169   UCSCTL4_H
00000168   UCSCTL4_L
0000016a   UCSCTL5
0000016b   UCSCTL5_H
0000016a   UCSCTL5_L
0000016c   UCSCTL6
0000016d   UCSCTL6_H
0000016c   UCSCTL6_L
0000016e   UCSCTL7
0000016f   UCSCTL7_H
0000016e   UCSCTL7_L
00000170   UCSCTL8
00000171   UCSCTL8_H
00000170   UCSCTL8_L
0000015c   WDTCTL
0000015d   WDTCTL_H
0000015c   WDTCTL_L
0000d916   WriteBurstReg
0000c8c4   WritePATable
0000ded0   WriteSingleReg
00002bfc   __STACK_END
00000050   __STACK_SIZE
00000001   __TI_args_main
00000001   __TI_auto_init
00000001   __TI_exit
ffffffff   __binit__
00001c00   __bss__
ffffffff   __c_args__
0000f9a0   __cinit__
0000e48e   __divi
0000db74   __divli
0000eea0   __divu
0000d15c   __divul
00001f79   __end__
0000f37e   __etext__
0000a098   __fs_add
0000d5b4   __fs_cmp
0000be7e   __fs_div
0000e0c2   __fs_itof
0000b700   __fs_mpy
0000a092   __fs_sub
0000d9a2   __fs_tou
0000d4d2   __fs_toul
0000e25a   __fs_ultof
0000e8b6   __fs_utof
0000eeb6   __mpyi_f5hw
0000e984   __mpyl_f5hw
ffffffff   __pinit__
0000e48e   __remi
0000db74   __remli
0000eea0   __remu
0000d15c   __remul
00008000   __text__
0000d722   _auto_init
0000e538   _c_int00
0000e538   _c_int00_noexit
00001f44   _cleanup_ptr
00001f48   _dtors_ptr
00001f3c   _lock
0000f378   _nop
0000fffe   _reset_vector
00002bac   _stack
0000f350   _system_pre_init
00001f40   _unlock
0000f354   abort
0000f0dc   acceleration_value_is_positive
00001f74   adc12_data_ready
00001f72   adc12_result
0000c92c   adc12_single_conversion
0000d3a2   add_day
0000e3ac   as_init
00001ddf   as_ok
0000caca   as_read_register
0000dda4   as_start
0000e192   as_stop
0000cb2e   as_write_register
0000c5b0   battery_measurement
ffffffff   binit
0000d3ee   bmp_as_get_data
0000f17c   bmp_as_read_register
0000cb92   bmp_as_start
0000e192   bmp_as_stop
0000f358   bmp_as_write_register
00001e70   bmp_cal_param
0000f95e   bmp_mgrav_per_bit
00001e86   bmp_param_b5
0000bdf0   bmp_ps_get_cal_param
0000973a   bmp_ps_get_pa
0000c342   bmp_ps_get_temp
0000e3da   bmp_ps_init
0000f188   bmp_ps_read_register
0000f2f8   bmp_ps_start
0000f0ea   bmp_ps_write_register
00001e90   bmp_used
00001f58   brrx_packet_end_cap_value
00001d84   burst_end
00001d80   burst_mode
00001d86   burst_packet
00001d98   burst_packet_index
00001d82   burst_start
00001f06   button
0000d43a   button_repeat_function
0000f274   button_repeat_off
0000ee74   button_repeat_on
0000ec3e   check_alarm
0000f9a0   cinit
0000f332   clear_blink_mem
0000f194   clear_display
0000ec5a   clear_display_all
0000cf48   clear_line
0000ceec   clock_tick
0000f08c   close_radio
0000e562   cma_as_get_data
0000f0f8   cma_as_read_register
0000d56a   cma_as_start
0000e192   cma_as_stop
0000f106   cma_as_write_register
0000f96c   cma_mgrav_per_bit
0000cc58   cma_ps_get_pa
0000d486   cma_ps_get_temp
0000d0ac   cma_ps_init
0000f1a0   cma_ps_read_register
0000f1ac   cma_ps_start
0000f27e   cma_ps_stop
0000f1b8   cma_ps_write_register
00008000   conv_pa_to_meter
0000edb8   convert_C_to_F
0000efa8   convert_F_to_C
0000c994   convert_acceleration_value_to_mgrav
0000ec76   convert_ft_to_m
0000edd0   convert_hour_to_12H_format
0000ec92   convert_m_to_ft
0000eef6   countdown_buzzer
00001cf4   display
00009cc6   display_acceleration
0000b3fe   display_alarm
0000ef0a   display_all_off
0000ede8   display_all_on
0000a9ce   display_altitude
0000ecae   display_am_pm_symbol
0000c440   display_barometer
0000cd78   display_battery_V
0000c698   display_char
0000af2a   display_chars
0000ef1e   display_ctrl
00008e06   display_date
0000d76a   display_heartrate
0000d95c   display_hours
0000ef32   display_rf
0000e58c   display_rfbsl
0000ee8a   display_selection_Timeformat1
0000a1c2   display_stopwatch
0000ebc8   display_symbol
0000ef46   display_sync
0000b1a0   display_temperature
000098cc   display_time
00009e10   display_update
0000e91e   display_value
0000ee00   do_acceleration_measurement
0000b26c   do_altitude_measurement
0000ccba   do_barometer_measurement
0000f37a   dummy
00001f79   end
0000f37e   etext
00001f4c   fptr_Timer0_A3_function
00001e92   fptr_lcd_function_line1
00001e96   fptr_lcd_function_line2
0000bd60   get_bluerobin_data
0000c23e   get_numberOfDays
0000f8d2   h0
0000f2ba   idle_loop
0000ae4e   init_application
0000e768   init_buttons
0000c7ec   init_global_variables
0000e78e   init_pressure_table
0000b4c2   int_to_array
0000f37e   int_to_array_conversion_table
00001d4a   int_to_array_str
0000efba   is_acceleration_measurement
0000efcc   is_altitude_measurement
0000f1d0   is_bluerobin
0000f1dc   is_bluerobin_searching
0000f114   is_hour_am
0000f1e8   is_rf
0000ef6e   is_stopwatch
0000f1f4   is_temp_measurement
0000f854   lcd_font
0000e5b6   lcd_init
0000dfea   main
0000e940   memcmp
0000efde   memcpy
0000ebe6   memmove
0000eff0   memset
0000f6f8   menu_L1_Acceleration
0000f6e6   menu_L1_Alarm
0000f6c2   menu_L1_Altitude
0000f6d4   menu_L1_Baro
0000f6b0   menu_L1_Time
0000f72e   menu_L2_Battery
0000f740   menu_L2_Ctrl
0000f70a   menu_L2_Date
0000f776   menu_L2_RFBSL
0000f764   menu_L2_Rf
0000f69e   menu_L2_Stopwatch
0000f752   menu_L2_Sync
0000f71c   menu_L2_Temperature
00001e8e   message
0000f99c   method
0000f98c   mrfiBroadcastAddr
0000f814   mrfiRadioCfg
0000c624   mrfiRadioInterfaceCmdStrobe
0000d7b2   mrfiRadioInterfaceReadReg
0000e1c4   mrfiRadioInterfaceReadRxFifo
0000e020   mrfiRadioInterfaceWriteReg
0000e056   mrfiRadioInterfaceWriteTxFifo
0000a5fc   mx_alarm
0000aaba   mx_altitude
000091ee   mx_date
0000f122   mx_stopwatch
0000b0d0   mx_temperature
00008ffa   mx_time
0000f35c   nwk_NVObj
0000ecca   nwk_QInit
0000e408   nwk_QadjustOrder
0000ad6e   nwk_QfindOldest
0000c53a   nwk_QfindSlot
0000affe   nwk_allocateLocalRxPort
0000c024   nwk_buildFrame
0000e7b4   nwk_checkConnInfo
0000f360   nwk_connectionControl
0000ece6   nwk_deviceAddress
0000dde0   nwk_findPeer
0000eaee   nwk_frameInit
0000f338   nwk_freeConnection
0000f33e   nwk_getBCastAddress
0000e608   nwk_getConnInfo
0000f002   nwk_getMyAddress
0000f364   nwk_getMyRxType
0000de1c   nwk_getNextConnection
0000f200   nwk_getNumObjectFromMsg
0000f368   nwk_getProtocolVersion
0000e7da   nwk_globalsInit
0000bf98   nwk_isConnectionValid
0000de58   nwk_isLinkDuplicate
0000e2be   nwk_isValidReply
0000a6f4   nwk_join
0000e630   nwk_joinInit
00009a2c   nwk_link
0000e2ee   nwk_linkInit
0000f288   nwk_mgmtInit
0000c2c0   nwk_nwkInit
0000f292   nwk_pingInit
0000f36c   nwk_processFreq
0000ee18   nwk_processJoin
0000e962   nwk_processLink
0000e08c   nwk_processMgmt
0000e86e   nwk_processPing
0000f370   nwk_processSecurity
0000ed02   nwk_putNumObjectIntoMsg
0000cfa2   nwk_radioControl
0000e31e   nwk_rawReceive
0000d2b0   nwk_rawSend
0000ba62   nwk_retrieveFrame
0000c4be   nwk_sendAckReply
0000e34e   nwk_sendFrame
0000f20c   nwk_setAPAddress
0000f014   nwk_setJoinToken
0000f026   nwk_setLinkToken
0000ec04   nwk_setMyAddress
0000f038   open_radio
00001d9a   p
0000f8f4   p0
ffffffff   pinit
0000d9e8   process_requests
0000f374   ps_i2c_delay
0000d302   ps_i2c_read
0000bc32   ps_i2c_sda
0000dab2   ps_i2c_write
0000e892   ps_init
00001dde   ps_ok
0000c70a   ps_read_register
0000d104   ps_write_register
00001f70   ptrMenu_L1
00001f6e   ptrMenu_L2
0000df7a   radio_ISR
0000f0bc   radio_powerdown
0000e1f6   radio_reset
0000b586   read_calibration_values
00001e8c   request
0000f130   reset_acceleration
0000ee30   reset_alarm
0000db34   reset_altitude_measurement
0000f04a   reset_batt_measurement
0000e228   reset_bluerobin
0000f29c   reset_buzzer
0000eb0e   reset_clock
0000ef82   reset_date
0000f2a6   reset_rf
0000eb2e   reset_stopwatch
0000f2b0   reset_temp_measurement
00001f23   rfBSL_button_confirmation
00001e9a   rf_frequoffset
00001ee8   sAccel
00001f6a   sAlarm
00001e9c   sAlt
00001ed2   sBaro
00001f2c   sBatt
00001e56   sBlueRobin
00001f08   sButton
00001f34   sBuzzer
00001c8c   sDate
00001e9b   sInit_done
00001d52   sRFsmpl
00001eb8   sStopwatch
00001f5a   sTemp
00001eaa   sTime
00001f50   sTimer
0000f880   segments_bitmask
00001cf6   segments_lcdmem
0000f984   selection_Timeformat
0000f13e   set_blink_rate
000089ea   set_value
00001d5a   simpliciti_data
00001d7a   simpliciti_ed_address
00001d58   simpliciti_flag
0000b9c0   simpliciti_get_ed_data_callback
0000b868   simpliciti_link
0000bafe   simpliciti_main_sync
0000dbb4   simpliciti_main_tx_only
00001d7e   simpliciti_payload_length
00001d7f   simpliciti_reply_count
0000a3f4   simpliciti_sync_decode_ap_cmd_callback
0000aba6   simpliciti_sync_get_data_callback
0000d51e   start_altitude_measurement
0000d5fe   start_barometer_measurement
0000f344   start_blink
0000d7fa   start_buzzer
0000b916   start_simpliciti_sync
0000ac8a   start_simpliciti_tx_only
0000e9a6   start_stopwatch
0000f300   stop_alarm
0000e9c8   stop_altitude_measurement
0000e9ea   stop_barometer_measurement
0000f34a   stop_blink
0000d842   stop_bluerobin
0000eb4e   stop_buzzer
0000ed86   stop_stopwatch
0000a8de   stopwatch_tick
0000f218   switch_seg
0000ea0c   sx_acceleration
0000e28c   sx_alarm
0000f37c   sx_altitude
0000a4fc   sx_bluerobin
0000e658   sx_ctrl
0000e680   sx_date
0000e6a8   sx_rf
0000d20a   sx_rfbsl
0000eecc   sx_stopwatch
0000e800   sx_sync
0000f0cc   sx_time
00001e8a   sys
0000bcca   temperature_measurement
0000879a   test_mode
0000f2ba   to_lpm
0000d648   toggle_buzzer
0000f224   update_acceleration
0000f230   update_alarm
0000f23c   update_battery_voltage
0000f2c4   update_date
000093cc   update_pressure_table
0000f248   update_stopwatch
0000de94   update_stopwatch_timer
0000f254   update_temperature
0000f2ce   update_time
00009f56   wakeup_event
0000cdd6   write_lcd_mem


GLOBAL SYMBOLS: SORTED BY Symbol Address 

address    name
--------   ----
00000001   __TI_args_main
00000001   __TI_auto_init
00000001   __TI_exit
00000050   __STACK_SIZE
00000100   SFRIE1
00000100   SFRIE1_L
00000101   SFRIE1_H
00000102   SFRIFG1
00000102   SFRIFG1_L
00000103   SFRIFG1_H
00000104   SFRRPCR
00000104   SFRRPCR_L
00000105   SFRRPCR_H
00000120   PMMCTL0
00000120   PMMCTL0_L
00000121   PMMCTL0_H
00000122   PMMCTL1
00000122   PMMCTL1_L
00000123   PMMCTL1_H
00000124   SVSMHCTL
00000124   SVSMHCTL_L
00000125   SVSMHCTL_H
00000126   SVSMLCTL
00000126   SVSMLCTL_L
00000127   SVSMLCTL_H
00000128   SVSMIO
00000128   SVSMIO_L
00000129   SVSMIO_H
0000012c   PMMIFG
0000012c   PMMIFG_L
0000012d   PMMIFG_H
0000012e   PMMRIE
0000012e   PMMRIE_L
0000012f   PMMRIE_H
00000140   FCTL1
00000140   FCTL1_L
00000141   FCTL1_H
00000144   FCTL3
00000144   FCTL3_L
00000145   FCTL3_H
00000146   FCTL4
00000146   FCTL4_L
00000147   FCTL4_H
00000150   CRCDI
00000150   CRCDI_L
00000151   CRCDI_H
00000152   CRCDIRB
00000152   CRCDIRB_L
00000153   CRCDIRB_H
00000154   CRCINIRES
00000154   CRCINIRES_L
00000155   CRCINIRES_H
00000156   CRCRESR
00000156   CRCRESR_L
00000157   CRCRESR_H
00000158   RCCTL0
00000158   RCCTL0_L
00000159   RCCTL0_H
0000015c   WDTCTL
0000015c   WDTCTL_L
0000015d   WDTCTL_H
00000160   UCSCTL0
00000160   UCSCTL0_L
00000161   UCSCTL0_H
00000162   UCSCTL1
00000162   UCSCTL1_L
00000163   UCSCTL1_H
00000164   UCSCTL2
00000164   UCSCTL2_L
00000165   UCSCTL2_H
00000166   UCSCTL3
00000166   UCSCTL3_L
00000167   UCSCTL3_H
00000168   UCSCTL4
00000168   UCSCTL4_L
00000169   UCSCTL4_H
0000016a   UCSCTL5
0000016a   UCSCTL5_L
0000016b   UCSCTL5_H
0000016c   UCSCTL6
0000016c   UCSCTL6_L
0000016d   UCSCTL6_H
0000016e   UCSCTL7
0000016e   UCSCTL7_L
0000016f   UCSCTL7_H
00000170   UCSCTL8
00000170   UCSCTL8_L
00000171   UCSCTL8_H
00000180   SYSCTL
00000180   SYSCTL_L
00000181   SYSCTL_H
00000182   SYSBSLC
00000182   SYSBSLC_L
00000183   SYSBSLC_H
00000186   SYSJMBC
00000186   SYSJMBC_L
00000187   SYSJMBC_H
00000188   SYSJMBI0
00000188   SYSJMBI0_L
00000189   SYSJMBI0_H
0000018a   SYSJMBI1
0000018a   SYSJMBI1_L
0000018b   SYSJMBI1_H
0000018c   SYSJMBO0
0000018c   SYSJMBO0_L
0000018d   SYSJMBO0_H
0000018e   SYSJMBO1
0000018e   SYSJMBO1_L
0000018f   SYSJMBO1_H
00000198   SYSBERRIV
00000198   SYSBERRIV_L
00000199   SYSBERRIV_H
0000019a   SYSUNIV
0000019a   SYSUNIV_L
0000019b   SYSUNIV_H
0000019c   SYSSNIV
0000019c   SYSSNIV_L
0000019d   SYSSNIV_H
0000019e   SYSRSTIV
0000019e   SYSRSTIV_L
0000019f   SYSRSTIV_H
000001b0   REFCTL0
000001b0   REFCTL0_L
000001b1   REFCTL0_H
000001c0   PMAPKEYID
000001c0   PMAPKEYID_L
000001c1   PMAPKEYID_H
000001c2   PMAPCTL
000001c2   PMAPCTL_L
000001c3   PMAPCTL_H
000001c8   P1MAP01
000001c8   P1MAP01_L
000001c9   P1MAP01_H
000001ca   P1MAP23
000001ca   P1MAP23_L
000001cb   P1MAP23_H
000001cc   P1MAP45
000001cc   P1MAP45_L
000001cd   P1MAP45_H
000001ce   P1MAP67
000001ce   P1MAP67_L
000001cf   P1MAP67_H
000001d0   P2MAP01
000001d0   P2MAP01_L
000001d1   P2MAP01_H
000001d2   P2MAP23
000001d2   P2MAP23_L
000001d3   P2MAP23_H
000001d4   P2MAP45
000001d4   P2MAP45_L
000001d5   P2MAP45_H
000001d6   P2MAP67
000001d6   P2MAP67_L
000001d7   P2MAP67_H
000001d8   P3MAP01
000001d8   P3MAP01_L
000001d9   P3MAP01_H
000001da   P3MAP23
000001da   P3MAP23_L
000001db   P3MAP23_H
000001dc   P3MAP45
000001dc   P3MAP45_L
000001dd   P3MAP45_H
000001de   P3MAP67
000001de   P3MAP67_L
000001df   P3MAP67_H
00000200   PAIN
00000200   PAIN_L
00000201   PAIN_H
00000202   PAOUT
00000202   PAOUT_L
00000203   PAOUT_H
00000204   PADIR
00000204   PADIR_L
00000205   PADIR_H
00000206   PAREN
00000206   PAREN_L
00000207   PAREN_H
00000208   PADS
00000208   PADS_L
00000209   PADS_H
0000020a   PASEL
0000020a   PASEL_L
0000020b   PASEL_H
0000020e   P1IV
00000218   PAIES
00000218   PAIES_L
00000219   PAIES_H
0000021a   PAIE
0000021a   PAIE_L
0000021b   PAIE_H
0000021c   PAIFG
0000021c   PAIFG_L
0000021d   PAIFG_H
0000021e   P2IV
00000220   PBIN
00000220   PBIN_L
00000221   PBIN_H
00000222   PBOUT
00000222   PBOUT_L
00000223   PBOUT_H
00000224   PBDIR
00000224   PBDIR_L
00000225   PBDIR_H
00000226   PBREN
00000226   PBREN_L
00000227   PBREN_H
00000228   PBDS
00000228   PBDS_L
00000229   PBDS_H
0000022a   PBSEL
0000022a   PBSEL_L
0000022b   PBSEL_H
00000240   PCIN
00000240   PCIN_L
00000241   PCIN_H
00000242   PCOUT
00000242   PCOUT_L
00000243   PCOUT_H
00000244   PCDIR
00000244   PCDIR_L
00000245   PCDIR_H
00000246   PCREN
00000246   PCREN_L
00000247   PCREN_H
00000248   PCDS
00000248   PCDS_L
00000249   PCDS_H
0000024a   PCSEL
0000024a   PCSEL_L
0000024b   PCSEL_H
00000320   PJIN
00000320   PJIN_L
00000321   PJIN_H
00000322   PJOUT
00000322   PJOUT_L
00000323   PJOUT_H
00000324   PJDIR
00000324   PJDIR_L
00000325   PJDIR_H
00000326   PJREN
00000326   PJREN_L
00000327   PJREN_H
00000328   PJDS
00000328   PJDS_L
00000329   PJDS_H
00000340   TA0CTL
00000342   TA0CCTL0
00000344   TA0CCTL1
00000346   TA0CCTL2
00000348   TA0CCTL3
0000034a   TA0CCTL4
00000350   TA0R
00000352   TA0CCR0
00000354   TA0CCR1
00000356   TA0CCR2
00000358   TA0CCR3
0000035a   TA0CCR4
00000360   TA0EX0
0000036e   TA0IV
00000380   TA1CTL
00000382   TA1CCTL0
00000384   TA1CCTL1
00000386   TA1CCTL2
00000390   TA1R
00000392   TA1CCR0
00000394   TA1CCR1
00000396   TA1CCR2
000003a0   TA1EX0
000003ae   TA1IV
000004a0   RTCCTL01
000004a0   RTCCTL01_L
000004a1   RTCCTL01_H
000004a2   RTCCTL23
000004a2   RTCCTL23_L
000004a3   RTCCTL23_H
000004a8   RTCPS0CTL
000004a8   RTCPS0CTL_L
000004a9   RTCPS0CTL_H
000004aa   RTCPS1CTL
000004aa   RTCPS1CTL_L
000004ab   RTCPS1CTL_H
000004ac   RTCPS
000004ac   RTCPS_L
000004ad   RTCPS_H
000004ae   RTCIV
000004b0   RTCTIM0
000004b0   RTCTIM0_L
000004b1   RTCTIM0_H
000004b2   RTCTIM1
000004b2   RTCTIM1_L
000004b3   RTCTIM1_H
000004b4   RTCDATE
000004b4   RTCDATE_L
000004b5   RTCDATE_H
000004b6   RTCYEAR
000004b6   RTCYEAR_L
000004b7   RTCYEAR_H
000004b8   RTCAMINHR
000004b8   RTCAMINHR_L
000004b9   RTCAMINHR_H
000004ba   RTCADOWDAY
000004ba   RTCADOWDAY_L
000004bb   RTCADOWDAY_H
000004c0   MPY
000004c0   MPY_L
000004c1   MPY_H
000004c2   MPYS
000004c2   MPYS_L
000004c3   MPYS_H
000004c4   MAC
000004c4   MAC_L
000004c5   MAC_H
000004c6   MACS
000004c6   MACS_L
000004c7   MACS_H
000004c8   OP2
000004c8   OP2_L
000004c9   OP2_H
000004ca   RESLO
000004ca   RESLO_L
000004cb   RESLO_H
000004cc   RESHI
000004cc   RESHI_L
000004cd   RESHI_H
000004ce   SUMEXT
000004ce   SUMEXT_L
000004cf   SUMEXT_H
000004d0   MPY32L
000004d0   MPY32L_L
000004d1   MPY32L_H
000004d2   MPY32H
000004d2   MPY32H_L
000004d3   MPY32H_H
000004d4   MPYS32L
000004d4   MPYS32L_L
000004d5   MPYS32L_H
000004d6   MPYS32H
000004d6   MPYS32H_L
000004d7   MPYS32H_H
000004d8   MAC32L
000004d8   MAC32L_L
000004d9   MAC32L_H
000004da   MAC32H
000004da   MAC32H_L
000004db   MAC32H_H
000004dc   MACS32L
000004dc   MACS32L_L
000004dd   MACS32L_H
000004de   MACS32H
000004de   MACS32H_L
000004df   MACS32H_H
000004e0   OP2L
000004e0   OP2L_L
000004e1   OP2L_H
000004e2   OP2H
000004e2   OP2H_L
000004e3   OP2H_H
000004e4   RES0
000004e4   RES0_L
000004e5   RES0_H
000004e6   RES1
000004e6   RES1_L
000004e7   RES1_H
000004e8   RES2
000004e8   RES2_L
000004e9   RES2_H
000004ea   RES3
000004ea   RES3_L
000004eb   RES3_H
000004ec   MPY32CTL0
000004ec   MPY32CTL0_L
000004ed   MPY32CTL0_H
00000500   DMACTL0
00000500   DMACTL0_L
00000501   DMACTL0_H
00000502   DMACTL1
00000502   DMACTL1_L
00000503   DMACTL1_H
00000504   DMACTL2
00000504   DMACTL2_L
00000505   DMACTL2_H
00000506   DMACTL3
00000506   DMACTL3_L
00000507   DMACTL3_H
00000508   DMACTL4
00000508   DMACTL4_L
00000509   DMACTL4_H
0000050e   DMAIV
0000050e   DMAIV_L
[...]
00000532   DMA2SA
00000532   DMA2SAL
00000536   DMA2DA
00000536   DMA2DAL
0000053a   DMA2SZ
000005c0   UCA0CTLW0
000005c0   UCA0CTLW0_L
000005c1   UCA0CTLW0_H
000005c6   UCA0BRW
000005c6   UCA0BRW_L
000005c7   UCA0BRW_H
000005c8   UCA0MCTL
000005ca   UCA0STAT
000005cc   UCA0RXBUF
000005ce   UCA0TXBUF
000005d0   UCA0ABCTL
000005d2   UCA0IRCTL
000005d2   UCA0IRCTL_L
000005d3   UCA0IRCTL_H
000005dc   UCA0ICTL
000005dc   UCA0ICTL_L
000005dd   UCA0ICTL_H
000005de   UCA0IV
000005e0   UCB0CTLW0
000005e0   UCB0CTLW0_L
000005e1   UCB0CTLW0_H
000005e6   UCB0BRW
000005e6   UCB0BRW_L
000005e7   UCB0BRW_H
000005ea   UCB0STAT
000005ec   UCB0RXBUF
000005ee   UCB0TXBUF
000005f0   UCB0I2COA
000005f0   UCB0I2COA_L
000005f1   UCB0I2COA_H
000005f2   UCB0I2CSA
000005f2   UCB0I2CSA_L
000005f3   UCB0I2CSA_H
000005fc   UCB0ICTL
000005fc   UCB0ICTL_L
000005fd   UCB0ICTL_H
000005fe   UCB0IV
00000700   ADC12CTL0
00000700   ADC12CTL0_L
00000701   ADC12CTL0_H
00000702   ADC12CTL1
00000702   ADC12CTL1_L
00000703   ADC12CTL1_H
00000704   ADC12CTL2
00000704   ADC12CTL2_L
00000705   ADC12CTL2_H
0000070a   ADC12IFG
0000070a   ADC12IFG_L
0000070b   ADC12IFG_H
0000070c   ADC12IE
0000070c   ADC12IE_L
0000070d   ADC12IE_H
0000070e   ADC12IV
0000070e   ADC12IV_L
0000070f   ADC12IV_H
00000710   ADC12MCTL0
00000711   ADC12MCTL1
00000712   ADC12MCTL2
00000713   ADC12MCTL3
00000714   ADC12MCTL4
00000715   ADC12MCTL5
00000716   ADC12MCTL6
00000717   ADC12MCTL7
00000718   ADC12MCTL8
00000719   ADC12MCTL9
0000071a   ADC12MCTL10
0000071b   ADC12MCTL11
0000071c   ADC12MCTL12
0000071d   ADC12MCTL13
0000071e   ADC12MCTL14
0000071f   ADC12MCTL15
00000720   ADC12MEM0
00000720   ADC12MEM0_L
00000721   ADC12MEM0_H
00000722   ADC12MEM1
00000722   ADC12MEM1_L
00000723   ADC12MEM1_H
00000724   ADC12MEM2
00000724   ADC12MEM2_L
00000725   ADC12MEM2_H
00000726   ADC12MEM3
00000726   ADC12MEM3_L
00000727   ADC12MEM3_H
00000728   ADC12MEM4
00000728   ADC12MEM4_L
00000729   ADC12MEM4_H
0000072a   ADC12MEM5
0000072a   ADC12MEM5_L
0000072b   ADC12MEM5_H
0000072c   ADC12MEM6
0000072c   ADC12MEM6_L
0000072d   ADC12MEM6_H
0000072e   ADC12MEM7
0000072e   ADC12MEM7_L
0000072f   ADC12MEM7_H
00000730   ADC12MEM8
00000730   ADC12MEM8_L
00000731   ADC12MEM8_H
00000732   ADC12MEM9
00000732   ADC12MEM9_L
00000733   ADC12MEM9_H
00000734   ADC12MEM10
00000734   ADC12MEM10_L
00000735   ADC12MEM10_H
00000736   ADC12MEM11
00000736   ADC12MEM11_L
00000737   ADC12MEM11_H
00000738   ADC12MEM12
00000738   ADC12MEM12_L
00000739   ADC12MEM12_H
0000073a   ADC12MEM13
0000073a   ADC12MEM13_L
0000073b   ADC12MEM13_H
0000073c   ADC12MEM14
0000073c   ADC12MEM14_L
0000073d   ADC12MEM14_H
0000073e   ADC12MEM15
0000073e   ADC12MEM15_L
0000073f   ADC12MEM15_H
000008c0   CBCTL0
000008c0   CBCTL0_L
000008c1   CBCTL0_H
000008c2   CBCTL1
000008c2   CBCTL1_L
000008c3   CBCTL1_H
000008c4   CBCTL2
000008c4   CBCTL2_L
000008c5   CBCTL2_H
000008c6   CBCTL3
000008c6   CBCTL3_L
000008c7   CBCTL3_H
000008cc   CBINT
000008cc   CBINT_L
000008cd   CBINT_H
000008ce   CBIV
000009c0   AESACTL0
000009c0   AESACTL0_L
000009c1   AESACTL0_H
000009c4   AESASTAT
000009c4   AESASTAT_L
000009c5   AESASTAT_H
000009c6   AESAKEY
000009c6   AESAKEY_L
000009c7   AESAKEY_H
000009c8   AESADIN
000009c8   AESADIN_L
000009c9   AESADIN_H
000009ca   AESADOUT
000009ca   AESADOUT_L
000009cb   AESADOUT_H
00000a00   LCDBCTL0
00000a00   LCDBCTL0_L
00000a01   LCDBCTL0_H
00000a02   LCDBCTL1
00000a02   LCDBCTL1_L
00000a03   LCDBCTL1_H
00000a04   LCDBBLKCTL
00000a04   LCDBBLKCTL_L
00000a05   LCDBBLKCTL_H
00000a06   LCDBMEMCTL
00000a06   LCDBMEMCTL_L
00000a07   LCDBMEMCTL_H
00000a08   LCDBVCTL
00000a08   LCDBVCTL_L
00000a09   LCDBVCTL_H
00000a0a   LCDBPCTL0
00000a0a   LCDBPCTL0_L
00000a0b   LCDBPCTL0_H
00000a0c   LCDBPCTL1
00000a0c   LCDBPCTL1_L
00000a0d   LCDBPCTL1_H
00000a0e   LCDBPCTL2
00000a0e   LCDBPCTL2_L
00000a0f   LCDBPCTL2_H
00000a10   LCDBPCTL3
00000a10   LCDBPCTL3_L
00000a11   LCDBPCTL3_H
00000a12   LCDBCPCTL
00000a12   LCDBCPCTL_L
00000a13   LCDBCPCTL_H
00000a1e   LCDBIV
00000a20   LCDM1
00000a21   LCDM2
00000a22   LCDM3
00000a23   LCDM4
00000a24   LCDM5
00000a25   LCDM6
00000a26   LCDM7
00000a27   LCDM8
00000a28   LCDM9
00000a29   LCDM10
00000a2a   LCDM11
00000a2b   LCDM12
00000a2c   LCDM13
00000a2d   LCDM14
00000a2e   LCDM15
00000a2f   LCDM16
00000a30   LCDM17
00000a31   LCDM18
00000a32   LCDM19
00000a33   LCDM20
00000a34   LCDM21
00000a35   LCDM22
00000a36   LCDM23
00000a37   LCDM24
00000a40   LCDBM1
00000a41   LCDBM2
00000a42   LCDBM3
00000a43   LCDBM4
00000a44   LCDBM5
00000a45   LCDBM6
00000a46   LCDBM7
00000a47   LCDBM8
00000a48   LCDBM9
00000a49   LCDBM10
00000a4a   LCDBM11
00000a4b   LCDBM12
00000a4c   LCDBM13
00000a4d   LCDBM14
00000a4e   LCDBM15
00000a4f   LCDBM16
00000a50   LCDBM17
00000a51   LCDBM18
00000a52   LCDBM19
00000a53   LCDBM20
00000a54   LCDBM21
00000a55   LCDBM22
00000a56   LCDBM23
00000a57   LCDBM24
00000f00   RF1AIFCTL0
00000f00   RF1AIFCTL0_L
00000f01   RF1AIFCTL0_H
00000f02   RF1AIFCTL1
00000f02   RF1AIFCTL1_L
00000f03   RF1AIFCTL1_H
00000f04   RF1AIFCTL2
00000f04   RF1AIFCTL2_L
00000f05   RF1AIFCTL2_H
00000f06   RF1AIFERR
00000f06   RF1AIFERR_L
00000f07   RF1AIFERR_H
00000f0c   RF1AIFERRV
00000f0c   RF1AIFERRV_L
00000f0d   RF1AIFERRV_H
00000f0e   RF1AIFIV
00000f0e   RF1AIFIV_L
00000f0f   RF1AIFIV_H
00000f10   RF1AINSTRW
00000f10   RF1AINSTRW_L
00000f11   RF1AINSTRW_H
00000f12   RF1AINSTR1W
00000f12   RF1AINSTR1W_L
00000f13   RF1AINSTR1W_H
00000f14   RF1AINSTR2W
00000f14   RF1AINSTR2W_L
00000f15   RF1AINSTR2W_H
00000f16   RF1ADINW
00000f16   RF1ADINW_L
00000f17   RF1ADINW_H
00000f20   RF1ASTAT0W
00000f20   RF1ASTAT0W_L
00000f21   RF1ASTAT0W_H
00000f22   RF1ASTAT1W
00000f22   RF1ASTAT1W_L
00000f23   RF1ASTAT1W_H
00000f24   RF1ASTAT2W
00000f24   RF1ASTAT2W_L
00000f25   RF1ASTAT2W_H
00000f28   RF1ADOUT0W
00000f28   RF1ADOUT0W_L
00000f29   RF1ADOUT0W_H
00000f2a   RF1ADOUT1W
00000f2a   RF1ADOUT1W_L
00000f2b   RF1ADOUT1W_H
00000f2c   RF1ADOUT2W
00000f2c   RF1ADOUT2W_L
00000f2d   RF1ADOUT2W_H
00000f30   RF1AIN
00000f30   RF1AIN_L
00000f31   RF1AIN_H
00000f32   RF1AIFG
00000f32   RF1AIFG_L
00000f33   RF1AIFG_H
00000f34   RF1AIES
00000f34   RF1AIES_L
00000f35   RF1AIES_H
00000f36   RF1AIE
00000f36   RF1AIE_L
00000f37   RF1AIE_H
00000f38   RF1AIV
00000f38   RF1AIV_L
00000f39   RF1AIV_H
00000f3c   RF1ARXFIFO
00000f3c   RF1ARXFIFO_L
00000f3d   RF1ARXFIFO_H
00000f3e   RF1ATXFIFO
00000f3e   RF1ATXFIFO_L
00000f3f   RF1ATXFIFO_H
00001c00   .bss
00001c00   __bss__
00001c8c   sDate
00001c92   DayStr
00001cae   MonthStr
00001cde   TwoLetterDayStr
00001cf4   display
00001cf6   segments_lcdmem
00001d4a   int_to_array_str
00001d52   sRFsmpl
00001d58   simpliciti_flag
00001d5a   simpliciti_data
00001d7a   simpliciti_ed_address
00001d7e   simpliciti_payload_length
00001d7f   simpliciti_reply_count
00001d80   burst_mode
00001d82   burst_start
00001d84   burst_end
00001d86   burst_packet
00001d98   burst_packet_index
00001d9a   p
00001dde   ps_ok
00001ddf   as_ok
00001e3a   BRRX__TXCB_t
00001e56   sBlueRobin
00001e70   bmp_cal_param
00001e86   bmp_param_b5
00001e8a   sys
00001e8c   request
00001e8e   message
00001e90   bmp_used
00001e92   fptr_lcd_function_line1
00001e96   fptr_lcd_function_line2
00001e9a   rf_frequoffset
00001e9b   sInit_done
00001e9c   sAlt
00001eaa   sTime
00001eb8   sStopwatch
00001ecc   BRRX__PowerdownDelay_u8
00001ecd   BRRX__SignalLevelReduction
00001ece   BRRX__MaxSearchTries_u8
00001ecf   BRRX__SearchRatio_u8
00001ed0   BRRX__TestMode_u8
00001ed2   sBaro
00001ede   BRRX__PacketBits_t
00001ee8   sAccel
00001f06   button
00001f08   sButton
00001f23   rfBSL_button_confirmation
00001f24   BRRX__NextEventTime_u16
00001f26   BRRX__NextEndTime_u16
00001f28   BRRX__NextFrequency_u8
00001f29   BRRX__NextFrequencyOffset_s8
00001f2a   BRRX__TimerState_t
00001f2c   sBatt
00001f34   sBuzzer
00001f3c   _lock
00001f40   _unlock
00001f44   _cleanup_ptr
00001f48   _dtors_ptr
00001f4c   fptr_Timer0_A3_function
00001f50   sTimer
00001f58   brrx_packet_end_cap_value
00001f5a   sTemp
00001f60   BRRX__StatusFlags_t
00001f62   BRRX__CurrentPacketTime_u16
00001f64   BRRX__CurrentSignalLevel_u8
00001f6a   sAlarm
00001f6e   ptrMenu_L2
00001f70   ptrMenu_L1
00001f72   adc12_result
00001f74   adc12_data_ready
00001f79   __end__
00001f79   end
00002bac   _stack
00002bfc   __STACK_END
00008000   .text
00008000   __text__
00008000   conv_pa_to_meter
00008298   BRRX__Scheduler_v
0000851c   TIMER0_A0_ISR
0000879a   test_mode
000089ea   set_value
00008c08   PORT2_ISR
00008e06   display_date
00008ffa   mx_time
000091ee   mx_date
000093cc   update_pressure_table
000095a2   MRFI_Init
0000973a   bmp_ps_get_pa
000098cc   display_time
00009a2c   SMPL_Link
00009a2c   nwk_link
00009cc6   display_acceleration
00009e10   display_update
00009f56   wakeup_event
0000a092   __fs_sub
0000a098   __fs_add
0000a1c2   display_stopwatch
0000a3f4   simpliciti_sync_decode_ap_cmd_callback
0000a4fc   sx_bluerobin
0000a5fc   mx_alarm
0000a6f4   nwk_join
0000a8de   stopwatch_tick
0000a9ce   display_altitude
0000aaba   mx_altitude
0000aba6   simpliciti_sync_get_data_callback
0000ac8a   start_simpliciti_tx_only
0000ad6e   nwk_QfindOldest
0000ae4e   init_application
0000af2a   display_chars
0000affe   nwk_allocateLocalRxPort
0000b0d0   mx_temperature
0000b1a0   display_temperature
0000b26c   do_altitude_measurement
0000b338   MRFI_Transmit
0000b3fe   display_alarm
0000b4c2   int_to_array
0000b586   read_calibration_values
0000b700   __fs_mpy
0000b7b6   SMPL_Ioctl
0000b868   simpliciti_link
0000b916   start_simpliciti_sync
0000b9c0   simpliciti_get_ed_data_callback
0000ba62   nwk_retrieveFrame
0000bafe   simpliciti_main_sync
0000bb9a   Strobe
0000bc32   ps_i2c_sda
0000bcca   temperature_measurement
0000bd60   get_bluerobin_data
0000bdf0   bmp_ps_get_cal_param
0000be7e   __fs_div
0000bf98   nwk_isConnectionValid
0000c024   nwk_buildFrame
0000c1ba   TIMER0_A1_5_ISR
0000c23e   get_numberOfDays
0000c2c0   nwk_nwkInit
0000c342   bmp_ps_get_temp
0000c3c2   BRRX_RadioReceive_v
0000c440   display_barometer
0000c4be   nwk_sendAckReply
0000c53a   nwk_QfindSlot
0000c5b0   battery_measurement
0000c624   mrfiRadioInterfaceCmdStrobe
0000c698   display_char
0000c70a   ps_read_register
0000c77c   BRRX_RadioInit_v
0000c7ec   init_global_variables
0000c8c4   WritePATable
0000c92c   adc12_single_conversion
0000c994   convert_acceleration_value_to_mgrav
0000ca64   SMPL_SendOpt
0000caca   as_read_register
0000cb2e   as_write_register
0000cb92   bmp_as_start
0000cbf6   MRFI_RadioIsr
0000cc58   cma_ps_get_pa
0000ccba   do_barometer_measurement
0000cd1a   BRRX_PacketEndTimerTask_v
0000cd78   display_battery_V
0000cdd6   write_lcd_mem
0000ce90   Timer0_A4_Delay
0000ceec   clock_tick
0000cf48   clear_line
0000cfa2   nwk_radioControl
0000cffc   BRRX_Start_v
0000d054   BRRX__StartNewSearch_v
0000d0ac   cma_ps_init
0000d104   ps_write_register
0000d15c   __divul
0000d15c   __remul
0000d1b4   BRRX_RadioCalibrate_v
0000d20a   sx_rfbsl
0000d2b0   nwk_rawSend
0000d302   ps_i2c_read
0000d3a2   add_day
0000d3ee   bmp_as_get_data
0000d43a   button_repeat_function
0000d486   cma_ps_get_temp
0000d4d2   __fs_toul
0000d51e   start_altitude_measurement
0000d56a   cma_as_start
0000d5b4   __fs_cmp
0000d5fe   start_barometer_measurement
0000d648   toggle_buzzer
0000d692   BR__CalcRandomTimeOffset_u16
0000d6da   SMPL_Receive
0000d722   _auto_init
0000d76a   display_heartrate
0000d7b2   mrfiRadioInterfaceReadReg
0000d7fa   start_buzzer
0000d842   stop_bluerobin
0000d88a   ReadBurstReg
0000d8d0   SetVCoreUp
0000d916   WriteBurstReg
0000d95c   display_hours
0000d9a2   __fs_tou
0000d9e8   process_requests
0000dab2   ps_i2c_write
0000daf4   BRRX__NewInfo_v
0000db34   reset_altitude_measurement
0000db74   __divli
0000db74   __remli
0000dbb4   simpliciti_main_tx_only
0000dbf4   BRRX_SetID_v
0000dc32   BRRX__DecodePacket_u8
0000dcae   L_ASR_15
0000dcb2   L_ASR_14
0000dcb6   L_ASR_13
0000dcba   L_ASR_12
0000dcbe   L_ASR_11
0000dcc2   L_ASR_10
0000dcc6   L_ASR_9
0000dcca   L_ASR_8
0000dcce   L_ASR_7
0000dcd2   L_ASR_6
0000dcd6   L_ASR_5
0000dcda   L_ASR_4
0000dcde   L_ASR_3
0000dce2   L_ASR_2
0000dce6   L_ASR_1
0000dcec   L_LSL_15
0000dcf0   L_LSL_14
0000dcf4   L_LSL_13
0000dcf8   L_LSL_12
0000dcfc   L_LSL_11
0000dd00   L_LSL_10
0000dd04   L_LSL_9
0000dd08   L_LSL_8
0000dd0c   L_LSL_7
0000dd10   L_LSL_6
0000dd14   L_LSL_5
0000dd18   L_LSL_4
0000dd1c   L_LSL_3
0000dd20   L_LSL_2
0000dd24   L_LSL_1
0000dd2a   L_LSR_15
0000dd2e   L_LSR_14
0000dd32   L_LSR_13
0000dd36   L_LSR_12
0000dd3a   L_LSR_11
0000dd3e   L_LSR_10
0000dd42   L_LSR_9
0000dd46   L_LSR_8
0000dd4a   L_LSR_7
0000dd4e   L_LSR_6
0000dd52   L_LSR_5
0000dd56   L_LSR_4
0000dd5a   L_LSR_3
0000dd5e   L_LSR_2
0000dd62   L_LSR_1
0000dd68   BRRX_TimerTask_v
0000dda4   as_start
0000dde0   nwk_findPeer
0000de1c   nwk_getNextConnection
0000de58   nwk_isLinkDuplicate
0000de94   update_stopwatch_timer
0000ded0   WriteSingleReg
0000df0a   BRRX_Init_v
0000df42   MRFI_ReplyDelay
0000df7a   radio_ISR
0000dfea   main
0000e020   mrfiRadioInterfaceWriteReg
0000e056   mrfiRadioInterfaceWriteTxFifo
0000e08c   nwk_processMgmt
0000e0c2   __fs_itof
0000e0f8   BR__CalcCRC_u8
0000e160   BRRX_RadioStop_v
0000e192   as_stop
0000e192   bmp_as_stop
0000e192   cma_as_stop
0000e1c4   mrfiRadioInterfaceReadRxFifo
0000e1f6   radio_reset
0000e228   reset_bluerobin
0000e25a   __fs_ultof
0000e28c   sx_alarm
0000e2be   nwk_isValidReply
0000e2ee   nwk_linkInit
0000e31e   nwk_rawReceive
0000e34e   nwk_sendFrame
0000e3ac   as_init
0000e3da   bmp_ps_init
0000e408   nwk_QadjustOrder
0000e462   SMPL_Init
0000e48e   __divi
0000e48e   __remi
0000e4ba   BRRX_GetID_u32
0000e50e   Timer0_A3_Start
0000e538   _c_int00
0000e538   _c_int00_noexit
0000e562   cma_as_get_data
0000e58c   display_rfbsl
0000e5b6   lcd_init
0000e608   nwk_getConnInfo
0000e630   nwk_joinInit
0000e658   sx_ctrl
0000e680   sx_date
0000e6a8   sx_rf
0000e6d0   MRFI_Sleep
0000e6f6   SetVCore
0000e71c   SetVCoreDown
0000e768   init_buttons
0000e78e   init_pressure_table
0000e7b4   nwk_checkConnInfo
0000e7da   nwk_globalsInit
0000e800   sx_sync
0000e826   BRRX_GetState_t
0000e84a   MRFI_SetRxAddrFilter
0000e86e   nwk_processPing
0000e892   ps_init
0000e8b6   __fs_utof
0000e8da   BSP_Delay
0000e8fc   MRFI_WakeUp
0000e91e   display_value
0000e940   memcmp
0000e962   nwk_processLink
0000e984   __mpyl_f5hw
0000e9a6   start_stopwatch
0000e9c8   stop_altitude_measurement
0000e9ea   stop_barometer_measurement
0000ea0c   sx_acceleration
0000ea2e   BRRX_GetDistance_u16
0000ea4e   BRRX_GetSpeed_u8
0000ea6e   MRFI_RxCompleteISR
0000ea8e   MRFI_RxIdle
0000eaae   MRFI_RxOn
0000eaee   nwk_frameInit
0000eb0e   reset_clock
0000eb2e   reset_stopwatch
0000eb4e   stop_buzzer
0000eb6e   MRFI_EnableRxAddrFilter
0000eb8c   MRFI_SetLogicalChannel
0000ebc8   display_symbol
0000ebe6   memmove
0000ec04   nwk_setMyAddress
0000ec3e   check_alarm
0000ec5a   clear_display_all
0000ec76   convert_ft_to_m
0000ec92   convert_m_to_ft
0000ecae   display_am_pm_symbol
0000ecca   nwk_QInit
0000ece6   nwk_deviceAddress
0000ed02   nwk_putNumObjectIntoMsg
0000ed38   MRFI_SetRFPwr
0000ed6c   ADC12ISR
0000ed86   stop_stopwatch
0000eda0   ReadSingleReg
0000edb8   convert_C_to_F
0000edd0   convert_hour_to_12H_format
0000ede8   display_all_on
0000ee00   do_acceleration_measurement
0000ee18   nwk_processJoin
0000ee30   reset_alarm
0000ee48   MRFI_RandomByte
0000ee74   button_repeat_on
0000ee8a   display_selection_Timeformat1
0000eea0   __divu
0000eea0   __remu
0000eeb6   __mpyi_f5hw
0000eecc   sx_stopwatch
0000eee2   Timer0_Init
0000eef6   countdown_buzzer
0000ef0a   display_all_off
0000ef1e   display_ctrl
0000ef32   display_rf
0000ef46   display_sync
0000ef6e   is_stopwatch
0000ef82   reset_date
0000ef96   BlueRobin_RadioISR_v
0000efa8   convert_F_to_C
0000efba   is_acceleration_measurement
0000efcc   is_altitude_measurement
0000efde   memcpy
0000eff0   memset
0000f002   nwk_getMyAddress
0000f014   nwk_setJoinToken
0000f026   nwk_setLinkToken
0000f038   open_radio
0000f04a   reset_batt_measurement
0000f05c   BRRX__StartTimer_v
0000f06c   BSP_InitBoard
0000f07c   MRFI_DelayMs
0000f08c   close_radio
0000f09c   L_LSL
0000f0ac   L_LSR
0000f0bc   radio_powerdown
0000f0cc   sx_time
0000f0dc   acceleration_value_is_positive
0000f0ea   bmp_ps_write_register
0000f0f8   cma_as_read_register
0000f106   cma_as_write_register
0000f114   is_hour_am
0000f122   mx_stopwatch
0000f130   reset_acceleration
0000f13e   set_blink_rate
0000f14c   BRRX__GetCurrentTime_u16
0000f158   MRFI_PostKillSem
0000f164   MRFI_Receive
0000f170   Timer0_Stop
0000f17c   bmp_as_read_register
0000f188   bmp_ps_read_register
0000f194   clear_display
0000f1a0   cma_ps_read_register
0000f1ac   cma_ps_start
0000f1b8   cma_ps_write_register
0000f1d0   is_bluerobin
0000f1dc   is_bluerobin_searching
0000f1e8   is_rf
0000f1f4   is_temp_measurement
0000f200   nwk_getNumObjectFromMsg
0000f20c   nwk_setAPAddress
0000f218   switch_seg
0000f224   update_acceleration
0000f230   update_alarm
0000f23c   update_battery_voltage
0000f248   update_stopwatch
0000f254   update_temperature
0000f260   BRRX__IsTimerRunning_v
0000f26a   BRRX__StopTimer_v
0000f274   button_repeat_off
0000f27e   cma_ps_stop
0000f288   nwk_mgmtInit
0000f292   nwk_pingInit
0000f29c   reset_buzzer
0000f2a6   reset_rf
0000f2b0   reset_temp_measurement
0000f2ba   idle_loop
0000f2ba   to_lpm
0000f2c4   update_date
0000f2ce   update_time
0000f2d8   BRRX_GetFS_Offset_s8
0000f2e0   BRRX_SetSignalLevelReduction_v
0000f2e8   Timer0_A3_Stop
0000f2f0   Timer0_Start
0000f2f8   bmp_ps_start
0000f300   stop_alarm
0000f308   BRRX_GetHeartRate_u8
0000f30e   BRRX_SetPowerdownDelay_v
0000f314   BRRX_SetSearchTimeout_v
0000f31a   BRRX_Stop_v
0000f320   BRRX__CallTimer_v
0000f326   BRRX__InitTimer_v
0000f32c   MRFI_GetRadioState
0000f332   clear_blink_mem
0000f338   nwk_freeConnection
0000f33e   nwk_getBCastAddress
0000f344   start_blink
0000f34a   stop_blink
0000f350   _system_pre_init
0000f354   C$$EXIT
0000f354   abort
0000f358   bmp_as_write_register
0000f35c   nwk_NVObj
0000f360   nwk_connectionControl
0000f364   nwk_getMyRxType
0000f368   nwk_getProtocolVersion
0000f36c   nwk_processFreq
0000f370   nwk_processSecurity
0000f374   ps_i2c_delay
0000f378   _nop
0000f37a   dummy
0000f37c   sx_altitude
0000f37e   __etext__
0000f37e   etext
0000f37e   int_to_array_conversion_table
0000f59e   RandomValue_u8
0000f69e   menu_L2_Stopwatch
0000f6b0   menu_L1_Time
0000f6c2   menu_L1_Altitude
0000f6d4   menu_L1_Baro
0000f6e6   menu_L1_Alarm
0000f6f8   menu_L1_Acceleration
0000f70a   menu_L2_Date
0000f71c   menu_L2_Temperature
0000f72e   menu_L2_Battery
0000f740   menu_L2_Ctrl
0000f752   menu_L2_Sync
0000f764   menu_L2_Rf
0000f776   menu_L2_RFBSL
0000f814   mrfiRadioCfg
0000f854   lcd_font
0000f880   segments_bitmask
0000f8d2   h0
0000f8f4   p0
0000f95e   bmp_mgrav_per_bit
0000f96c   cma_mgrav_per_bit
0000f984   selection_Timeformat
0000f98c   mrfiBroadcastAddr
0000f994   BRRX__First_TXCB_t
0000f996   BRRX__Last_TXCB_t
0000f99c   method
0000f9a0   __cinit__
0000f9a0   cinit
0000fffe   _reset_vector
ffffffff   __binit__
ffffffff   __c_args__
ffffffff   __pinit__
ffffffff   binit
ffffffff   pinit

[1212 symbols]
